Component: ARM Compiler 5.06 update 6 (build 750) Tool: armlink [4d35ed]

==============================================================================

Section Cross References

    main.o(i.UART2_thread) refers to rtx_msgqueue.o(.text.osMessageQueueGet) for osMessageQueueGet
    main.o(i.UART2_thread) refers to rtx_evflags.o(.text.osEventFlagsSet) for osEventFlagsSet
    main.o(i.UART2_thread) refers to rtx_evflags.o(.text.osEventFlagsClear) for osEventFlagsClear
    main.o(i.UART2_thread) refers to main.o(i.motor) for motor
    main.o(i.UART2_thread) refers to rtx_semaphore.o(.text.osSemaphoreRelease) for osSemaphoreRelease
    main.o(i.UART2_thread) refers to uart.o(.data) for UARTMsgQ
    main.o(i.UART2_thread) refers to ledcontrol.o(.data) for redDelay
    main.o(i.UART2_thread) refers to buzzer.o(.data) for mySem
    main.o(i.main) refers to system_mkl25z4.o(i.SystemCoreClockUpdate) for SystemCoreClockUpdate
    main.o(i.main) refers to rtx_kernel.o(.text.osKernelInitialize) for osKernelInitialize
    main.o(i.main) refers to pwm.o(i.initPWM) for initPWM
    main.o(i.main) refers to uart.o(i.initUART2) for initUART2
    main.o(i.main) refers to buzzer.o(i.initBuzzer) for initBuzzer
    main.o(i.main) refers to ledcontrol.o(i.initLED) for initLED
    main.o(i.main) refers to rtx_thread.o(.text.osThreadNew) for osThreadNew
    main.o(i.main) refers to rtx_kernel.o(.text.osKernelStart) for osKernelStart
    main.o(i.main) refers to main.o(i.UART2_thread) for UART2_thread
    main.o(i.main) refers to buzzer.o(i.cruelAngelThesis1Thread) for cruelAngelThesis1Thread
    main.o(i.main) refers to buzzer.o(i.cruelAngelThesis2Thread) for cruelAngelThesis2Thread
    main.o(i.main) refers to buzzer.o(i.cruelAngelThesis3Thread) for cruelAngelThesis3Thread
    main.o(i.main) refers to buzzer.o(i.cruelAngelThesis4Thread) for cruelAngelThesis4Thread
    main.o(i.main) refers to buzzer.o(i.cruelAngelThesis5Thread) for cruelAngelThesis5Thread
    main.o(i.main) refers to ledcontrol.o(i.led_red_thread) for led_red_thread
    main.o(i.main) refers to ledcontrol.o(i.led_green_running_thread) for led_green_running_thread
    main.o(i.main) refers to ledcontrol.o(i.led_green_connect_thread) for led_green_connect_thread
    main.o(i.main) refers to ledcontrol.o(i.led_green_stop_thread) for led_green_stop_thread
    main.o(i.motor) refers to pwm.o(i.pwm_forward_left) for pwm_forward_left
    main.o(i.motor) refers to pwm.o(i.pwm_forward_right) for pwm_forward_right
    main.o(i.motor) refers to pwm.o(i.pwm_forward) for pwm_forward
    main.o(i.motor) refers to pwm.o(i.pwm_backward_left) for pwm_backward_left
    main.o(i.motor) refers to pwm.o(i.pwm_backward_right) for pwm_backward_right
    main.o(i.motor) refers to pwm.o(i.pwm_backward) for pwm_backward
    main.o(i.motor) refers to pwm.o(i.pwm_left) for pwm_left
    main.o(i.motor) refers to pwm.o(i.pwm_right) for pwm_right
    main.o(i.motor) refers to pwm.o(i.pwm_stop) for pwm_stop
    main.o(i.motor) refers to rtx_evflags.o(.text.osEventFlagsClear) for osEventFlagsClear
    main.o(i.motor) refers to rtx_evflags.o(.text.osEventFlagsSet) for osEventFlagsSet
    main.o(i.motor) refers to ledcontrol.o(.data) for greenEventFlag
    uart.o(i.UART2_IRQHandler) refers to uart.o(i.__NVIC_ClearPendingIRQ) for __NVIC_ClearPendingIRQ
    uart.o(i.UART2_IRQHandler) refers to rtx_msgqueue.o(.text.osMessageQueuePut) for osMessageQueuePut
    uart.o(i.UART2_IRQHandler) refers to uart.o(.data) for UARTMsgQ
    uart.o(i.initUART2) refers to aeabi_sdiv.o(.text) for __aeabi_uidivmod
    uart.o(i.initUART2) refers to uart.o(i.__NVIC_SetPriority) for __NVIC_SetPriority
    uart.o(i.initUART2) refers to uart.o(i.__NVIC_ClearPendingIRQ) for __NVIC_ClearPendingIRQ
    uart.o(i.initUART2) refers to rtx_msgqueue.o(.text.osMessageQueueNew) for osMessageQueueNew
    uart.o(i.initUART2) refers to uart.o(.data) for UARTMsgQ
    freqtomod.o(i.freqToMod) refers to fflti.o(.text) for __aeabi_i2f
    freqtomod.o(i.freqToMod) refers to fmul.o(x$fpl$fmul) for __aeabi_fmul
    freqtomod.o(i.freqToMod) refers to fdiv.o(.text) for __aeabi_fdiv
    freqtomod.o(i.freqToMod) refers to ffixi.o(.text) for __aeabi_f2iz
    buzzer.o(i.cruelAngelThesis1Thread) refers to rt_memcpy.o(.emb_text) for __aeabi_memcpy4
    buzzer.o(i.cruelAngelThesis1Thread) refers to rtx_semaphore.o(.text.osSemaphoreAcquire) for osSemaphoreAcquire
    buzzer.o(i.cruelAngelThesis1Thread) refers to freqtomod.o(i.freqToMod) for freqToMod
    buzzer.o(i.cruelAngelThesis1Thread) refers to dflti.o(.text) for __aeabi_ui2d
    buzzer.o(i.cruelAngelThesis1Thread) refers to dmul.o(.text) for __aeabi_dmul
    buzzer.o(i.cruelAngelThesis1Thread) refers to dfixi.o(.text) for __aeabi_d2iz
    buzzer.o(i.cruelAngelThesis1Thread) refers to rtx_delay.o(.text.osDelay) for osDelay
    buzzer.o(i.cruelAngelThesis1Thread) refers to rtx_semaphore.o(.text.osSemaphoreRelease) for osSemaphoreRelease
[...]
    __arm_cp.3_0                             0x00000b78   Number         4  os_systick.o(.text.OS_Tick_AcknowledgeIRQ)
    [Anonymous Symbol]                       0x00000b7c   Section        0  os_systick.o(.text.OS_Tick_Enable)
    __arm_cp.1_0                             0x00000b9c   Number         4  os_systick.o(.text.OS_Tick_Enable)
    __arm_cp.1_1                             0x00000ba0   Number         4  os_systick.o(.text.OS_Tick_Enable)
    __arm_cp.1_2                             0x00000ba4   Number         4  os_systick.o(.text.OS_Tick_Enable)
    [Anonymous Symbol]                       0x00000ba8   Section        0  os_systick.o(.text.OS_Tick_GetIRQn)
    [Anonymous Symbol]                       0x00000bb0   Section        0  os_systick.o(.text.OS_Tick_Setup)
    __arm_cp.0_0                             0x00000bec   Number         4  os_systick.o(.text.OS_Tick_Setup)
    __arm_cp.0_1                             0x00000bf0   Number         4  os_systick.o(.text.OS_Tick_Setup)
    __arm_cp.0_2                             0x00000bf4   Number         4  os_systick.o(.text.OS_Tick_Setup)
    __arm_cp.0_3                             0x00000bf8   Number         4  os_systick.o(.text.OS_Tick_Setup)
    [Anonymous Symbol]                       0x00000bfc   Section        0  rtx_semaphore.o(.text.SemaphoreTokenDecrement)
    SemaphoreTokenDecrement                  0x00000bfd   Thumb Code    36  rtx_semaphore.o(.text.SemaphoreTokenDecrement)
    [Anonymous Symbol]                       0x00000c20   Section        0  rtx_semaphore.o(.text.SemaphoreTokenIncrement)
    SemaphoreTokenIncrement                  0x00000c21   Thumb Code    38  rtx_semaphore.o(.text.SemaphoreTokenIncrement)
    [Anonymous Symbol]                       0x00000c46   Section        0  rtx_thread.o(.text.ThreadFlagsCheck)
    ThreadFlagsCheck                         0x00000c47   Thumb Code    78  rtx_thread.o(.text.ThreadFlagsCheck)
    [Anonymous Symbol]                       0x00000c94   Section        0  rtx_timer.o(.text.TimerInsert)
    TimerInsert                              0x00000c95   Thumb Code    76  rtx_timer.o(.text.TimerInsert)
    __arm_cp.8_0                             0x00000cdc   Number         4  rtx_timer.o(.text.TimerInsert)
    [Anonymous Symbol]                       0x00000ce0   Section        0  rtx_delay.o(.text.osDelay)
    __arm_cp.0_0                             0x00000d04   Number         4  rtx_delay.o(.text.osDelay)
    [Anonymous Symbol]                       0x00000d08   Section        0  rtx_evflags.o(.text.osEventFlagsClear)
    __arm_cp.3_0                             0x00000d28   Number         4  rtx_evflags.o(.text.osEventFlagsClear)
    [Anonymous Symbol]                       0x00000d2c   Section        0  rtx_evflags.o(.text.osEventFlagsNew)
    __arm_cp.0_0                             0x00000d4c   Number         4  rtx_evflags.o(.text.osEventFlagsNew)
    [Anonymous Symbol]                       0x00000d50   Section        0  rtx_evflags.o(.text.osEventFlagsSet)
    __arm_cp.2_0                             0x00000d9c   Number         4  rtx_evflags.o(.text.osEventFlagsSet)
    [Anonymous Symbol]                       0x00000da0   Section        0  rtx_evflags.o(.text.osEventFlagsWait)
    __arm_cp.7_0                             0x00000de0   Number         4  rtx_evflags.o(.text.osEventFlagsWait)
    [Anonymous Symbol]                       0x00000de4   Section        0  rtx_kernel.o(.text.osKernelGetState)
    __arm_cp.4_0                             0x00000e0c   Number         4  rtx_kernel.o(.text.osKernelGetState)
    __arm_cp.4_1                             0x00000e10   Number         4  rtx_kernel.o(.text.osKernelGetState)
    [Anonymous Symbol]                       0x00000e14   Section        0  rtx_kernel.o(.text.osKernelInitialize)
    __arm_cp.1_0                             0x00000e38   Number         4  rtx_kernel.o(.text.osKernelInitialize)
    [Anonymous Symbol]                       0x00000e3c   Section        0  rtx_kernel.o(.text.osKernelStart)
    __arm_cp.6_0                             0x00000e5c   Number         4  rtx_kernel.o(.text.osKernelStart)
    [Anonymous Symbol]                       0x00000e60   Section        0  rtx_msgqueue.o(.text.osMessageQueueGet)
    __arm_cp.3_0                             0x00000ed0   Number         4  rtx_msgqueue.o(.text.osMessageQueueGet)
    [Anonymous Symbol]                       0x00000ed4   Section        0  rtx_msgqueue.o(.text.osMessageQueueNew)
    __arm_cp.0_0                             0x00000ef4   Number         4  rtx_msgqueue.o(.text.osMessageQueueNew)
    [Anonymous Symbol]                       0x00000ef8   Section        0  rtx_msgqueue.o(.text.osMessageQueuePut)
    __arm_cp.2_0                             0x00000f6c   Number         4  rtx_msgqueue.o(.text.osMessageQueuePut)
    [Anonymous Symbol]                       0x00000f70   Section        0  rtx_mutex.o(.text.osMutexAcquire)
    __arm_cp.3_0                             0x00000f94   Number         4  rtx_mutex.o(.text.osMutexAcquire)
    [Anonymous Symbol]                       0x00000f98   Section        0  rtx_mutex.o(.text.osMutexDelete)
    __arm_cp.6_0                             0x00000fbc   Number         4  rtx_mutex.o(.text.osMutexDelete)
    [Anonymous Symbol]                       0x00000fc0   Section        0  rtx_mutex.o(.text.osMutexNew)
    __arm_cp.1_0                             0x00000fe0   Number         4  rtx_mutex.o(.text.osMutexNew)
    [Anonymous Symbol]                       0x00000fe4   Section        0  rtx_mutex.o(.text.osMutexRelease)
    __arm_cp.4_0                             0x00001008   Number         4  rtx_mutex.o(.text.osMutexRelease)
    [Anonymous Symbol]                       0x0000100c   Section        0  rtx_evflags.o(.text.osRtxEventFlagsPostProcess)
    osRtxEventFlagsPostProcess               0x0000100d   Thumb Code    52  rtx_evflags.o(.text.osRtxEventFlagsPostProcess)
    [Anonymous Symbol]                       0x00001040   Section        0  rtx_kernel.o(.text.osRtxKernelPreInit)
    [Anonymous Symbol]                       0x00001042   Section        0  rtx_memory.o(.text.osRtxMemoryAlloc)
    [Anonymous Symbol]                       0x000010be   Section        0  rtx_memory.o(.text.osRtxMemoryFree)
    [Anonymous Symbol]                       0x0000110c   Section        0  rtx_memory.o(.text.osRtxMemoryInit)
    [Anonymous Symbol]                       0x0000113e   Section        0  rtx_mempool.o(.text.osRtxMemoryPoolAlloc)
    [Anonymous Symbol]                       0x0000116c   Section        0  rtx_mempool.o(.text.osRtxMemoryPoolFree)
    [Anonymous Symbol]                       0x000011a6   Section        0  rtx_mempool.o(.text.osRtxMemoryPoolInit)
    [Anonymous Symbol]                       0x000011e4   Section        0  rtx_msgqueue.o(.text.osRtxMessageQueuePostProcess)
    osRtxMessageQueuePostProcess             0x000011e5   Thumb Code   188  rtx_msgqueue.o(.text.osRtxMessageQueuePostProcess)
    [Anonymous Symbol]                       0x000012a0   Section        0  rtx_mutex.o(.text.osRtxMutexOwnerRelease)
    [Anonymous Symbol]                       0x000012e4   Section        0  rtx_system.o(.text.osRtxPendSV_Handler)
    __arm_cp.1_0                             0x00001360   Number         4  rtx_system.o(.text.osRtxPendSV_Handler)
    [Anonymous Symbol]                       0x00001364   Section        0  rtx_system.o(.text.osRtxPostProcess)
    __arm_cp.2_0                             0x000013c8   Number         4  rtx_system.o(.text.osRtxPostProcess)
    __arm_cp.2_1                             0x000013cc   Number         4  rtx_system.o(.text.osRtxPostProcess)
    [Anonymous Symbol]                       0x000013d0   Section        0  rtx_semaphore.o(.text.osRtxSemaphorePostProcess)
    osRtxSemaphorePostProcess                0x000013d1   Thumb Code    36  rtx_semaphore.o(.text.osRtxSemaphorePostProcess)
    [Anonymous Symbol]                       0x000013f4   Section        0  rtx_thread.o(.text.osRtxThreadBlock)
    osRtxThreadBlock                         0x000013f5   Thumb Code    56  rtx_thread.o(.text.osRtxThreadBlock)
    __arm_cp.10_0                            0x00001428   Number         4  rtx_thread.o(.text.osRtxThreadBlock)
    [Anonymous Symbol]                       0x0000142c   Section        0  rtx_thread.o(.text.osRtxThreadDelayInsert)
    osRtxThreadDelayInsert                   0x0000142d   Thumb Code   128  rtx_thread.o(.text.osRtxThreadDelayInsert)
    __arm_cp.14_0                            0x000014a8   Number         4  rtx_thread.o(.text.osRtxThreadDelayInsert)
    [Anonymous Symbol]                       0x000014ac   Section        0  rtx_thread.o(.text.osRtxThreadDelayRemove)
    osRtxThreadDelayRemove                   0x000014ad   Thumb Code    68  rtx_thread.o(.text.osRtxThreadDelayRemove)
    __arm_cp.12_0                            0x000014ec   Number         4  rtx_thread.o(.text.osRtxThreadDelayRemove)
    [Anonymous Symbol]                       0x000014f0   Section        0  rtx_thread.o(.text.osRtxThreadDelayTick)
    __arm_cp.5_0                             0x00001524   Number         4  rtx_thread.o(.text.osRtxThreadDelayTick)
    [Anonymous Symbol]                       0x00001528   Section        0  rtx_thread.o(.text.osRtxThreadDispatch)
    __arm_cp.9_0                             0x00001574   Number         4  rtx_thread.o(.text.osRtxThreadDispatch)
    [Anonymous Symbol]                       0x00001578   Section        0  rtx_thread.o(.text.osRtxThreadFree)
    osRtxThreadFree                          0x00001579   Thumb Code    84  rtx_thread.o(.text.osRtxThreadFree)
    __arm_cp.52_0                            0x000015c8   Number         4  rtx_thread.o(.text.osRtxThreadFree)
    [Anonymous Symbol]                       0x000015cc   Section        0  rtx_thread.o(.text.osRtxThreadListGet)
    [Anonymous Symbol]                       0x000015e0   Section        0  rtx_thread.o(.text.osRtxThreadListPut)
    [Anonymous Symbol]                       0x0000160c   Section        0  rtx_thread.o(.text.osRtxThreadListRemove)
    [Anonymous Symbol]                       0x00001624   Section        0  rtx_thread.o(.text.osRtxThreadListSort)
    [Anonymous Symbol]                       0x0000164a   Section        0  rtx_thread.o(.text.osRtxThreadPostProcess)
    osRtxThreadPostProcess                   0x0000164b   Thumb Code    38  rtx_thread.o(.text.osRtxThreadPostProcess)
    [Anonymous Symbol]                       0x00001670   Section        0  rtx_thread.o(.text.osRtxThreadReadyPut)
    __arm_cp.4_0                             0x00001684   Number         4  rtx_thread.o(.text.osRtxThreadReadyPut)
    [Anonymous Symbol]                       0x00001688   Section        0  rtx_thread.o(.text.osRtxThreadRegPtr)
    [Anonymous Symbol]                       0x00001690   Section        0  rtx_thread.o(.text.osRtxThreadStackCheck)
    __arm_cp.8_0                             0x000016b4   Number         4  rtx_thread.o(.text.osRtxThreadStackCheck)
    __arm_cp.8_1                             0x000016b8   Number         4  rtx_thread.o(.text.osRtxThreadStackCheck)
    [Anonymous Symbol]                       0x000016bc   Section        0  rtx_thread.o(.text.osRtxThreadStartup)
    __arm_cp.15_0                            0x000016ec   Number         4  rtx_thread.o(.text.osRtxThreadStartup)
    __arm_cp.15_1                            0x000016f0   Number         4  rtx_thread.o(.text.osRtxThreadStartup)
    __arm_cp.15_2                            0x000016f4   Number         4  rtx_thread.o(.text.osRtxThreadStartup)
    __arm_cp.15_3                            0x000016f8   Number         4  rtx_thread.o(.text.osRtxThreadStartup)
    [Anonymous Symbol]                       0x000016fc   Section        0  rtx_thread.o(.text.osRtxThreadSwitch)
    __arm_cp.7_0                             0x0000170c   Number         4  rtx_thread.o(.text.osRtxThreadSwitch)
    [Anonymous Symbol]                       0x00001710   Section        0  rtx_thread.o(.text.osRtxThreadWaitEnter)
    __arm_cp.13_0                            0x00001748   Number         4  rtx_thread.o(.text.osRtxThreadWaitEnter)
    [Anonymous Symbol]                       0x0000174c   Section        0  rtx_thread.o(.text.osRtxThreadWaitExit)
    [Anonymous Symbol]                       0x00001770   Section        0  rtx_system.o(.text.osRtxTick_Handler)
    __arm_cp.0_0                             0x000017e0   Number         4  rtx_system.o(.text.osRtxTick_Handler)
    [Anonymous Symbol]                       0x000017e4   Section        0  rtx_timer.o(.text.osRtxTimerThread)
    __arm_cp.0_0                             0x00001814   Number         4  rtx_timer.o(.text.osRtxTimerThread)
    __arm_cp.0_1                             0x00001818   Number         4  rtx_timer.o(.text.osRtxTimerThread)
    __arm_cp.0_2                             0x0000181c   Number         4  rtx_timer.o(.text.osRtxTimerThread)
    [Anonymous Symbol]                       0x00001820   Section        0  rtx_timer.o(.text.osRtxTimerTick)
    osRtxTimerTick                           0x00001821   Thumb Code    96  rtx_timer.o(.text.osRtxTimerTick)
    __arm_cp.1_0                             0x0000187c   Number         4  rtx_timer.o(.text.osRtxTimerTick)
    [Anonymous Symbol]                       0x00001880   Section        0  rtx_semaphore.o(.text.osSemaphoreAcquire)
    __arm_cp.2_0                             0x000018c0   Number         4  rtx_semaphore.o(.text.osSemaphoreAcquire)
    [Anonymous Symbol]                       0x000018c4   Section        0  rtx_semaphore.o(.text.osSemaphoreNew)
    __arm_cp.0_0                             0x000018e4   Number         4  rtx_semaphore.o(.text.osSemaphoreNew)
    [Anonymous Symbol]                       0x000018e8   Section        0  rtx_semaphore.o(.text.osSemaphoreRelease)
    __arm_cp.3_0                             0x00001930   Number         4  rtx_semaphore.o(.text.osSemaphoreRelease)
    [Anonymous Symbol]                       0x00001934   Section        0  rtx_thread.o(.text.osThreadExit)
    __arm_cp.31_0                            0x0000193c   Number         4  rtx_thread.o(.text.osThreadExit)
    [Anonymous Symbol]                       0x00001940   Section        0  rtx_thread.o(.text.osThreadNew)
    __arm_cp.17_0                            0x00001960   Number         4  rtx_thread.o(.text.osThreadNew)
    [Anonymous Symbol]                       0x00001964   Section        0  rtx_delay.o(.text.svcRtxDelay)
    svcRtxDelay                              0x00001965   Thumb Code    18  rtx_delay.o(.text.svcRtxDelay)
    [Anonymous Symbol]                       0x00001976   Section        0  rtx_evflags.o(.text.svcRtxEventFlagsClear)
    svcRtxEventFlagsClear                    0x00001977   Thumb Code    50  rtx_evflags.o(.text.svcRtxEventFlagsClear)
    [Anonymous Symbol]                       0x000019a8   Section        0  rtx_evflags.o(.text.svcRtxEventFlagsNew)
    svcRtxEventFlagsNew                      0x000019a9   Thumb Code   116  rtx_evflags.o(.text.svcRtxEventFlagsNew)
    __arm_cp.9_0                             0x00001a14   Number         4  rtx_evflags.o(.text.svcRtxEventFlagsNew)
    __arm_cp.9_1                             0x00001a18   Number         4  rtx_evflags.o(.text.svcRtxEventFlagsNew)
    [Anonymous Symbol]                       0x00001a1c   Section        0  rtx_evflags.o(.text.svcRtxEventFlagsSet)
    svcRtxEventFlagsSet                      0x00001a1d   Thumb Code   124  rtx_evflags.o(.text.svcRtxEventFlagsSet)
    [Anonymous Symbol]                       0x00001a98   Section        0  rtx_evflags.o(.text.svcRtxEventFlagsWait)
    svcRtxEventFlagsWait                     0x00001a99   Thumb Code   100  rtx_evflags.o(.text.svcRtxEventFlagsWait)
    __arm_cp.14_0                            0x00001af8   Number         4  rtx_evflags.o(.text.svcRtxEventFlagsWait)
    [Anonymous Symbol]                       0x00001afc   Section        0  rtx_kernel.o(.text.svcRtxKernelGetState)
    svcRtxKernelGetState                     0x00001afd   Thumb Code    12  rtx_kernel.o(.text.svcRtxKernelGetState)
    __arm_cp.5_0                             0x00001b04   Number         4  rtx_kernel.o(.text.svcRtxKernelGetState)
    [Anonymous Symbol]                       0x00001b08   Section        0  rtx_kernel.o(.text.svcRtxKernelInitialize)
    svcRtxKernelInitialize                   0x00001b09   Thumb Code   328  rtx_kernel.o(.text.svcRtxKernelInitialize)
    __arm_cp.20_0                            0x00001c44   Number         4  rtx_kernel.o(.text.svcRtxKernelInitialize)
    __arm_cp.20_1                            0x00001c48   Number         4  rtx_kernel.o(.text.svcRtxKernelInitialize)
    __arm_cp.20_2                            0x00001c4c   Number         4  rtx_kernel.o(.text.svcRtxKernelInitialize)
    [Anonymous Symbol]                       0x00001c50   Section        0  rtx_kernel.o(.text.svcRtxKernelStart)
    svcRtxKernelStart                        0x00001c51   Thumb Code   132  rtx_kernel.o(.text.svcRtxKernelStart)
    __arm_cp.21_0                            0x00001cc4   Number         4  rtx_kernel.o(.text.svcRtxKernelStart)
    __arm_cp.21_1                            0x00001cc8   Number         4  rtx_kernel.o(.text.svcRtxKernelStart)
    __arm_cp.21_2                            0x00001ccc   Number         4  rtx_kernel.o(.text.svcRtxKernelStart)
    __arm_cp.21_3                            0x00001cd0   Number         4  rtx_kernel.o(.text.svcRtxKernelStart)
    [Anonymous Symbol]                       0x00001cd4   Section        0  rtx_msgqueue.o(.text.svcRtxMessageQueueGet)
    svcRtxMessageQueueGet                    0x00001cd5   Thumb Code   232  rtx_msgqueue.o(.text.svcRtxMessageQueueGet)
    __arm_cp.21_0                            0x00001db8   Number         4  rtx_msgqueue.o(.text.svcRtxMessageQueueGet)
    [Anonymous Symbol]                       0x00001dbc   Section        0  rtx_msgqueue.o(.text.svcRtxMessageQueueNew)
    svcRtxMessageQueueNew                    0x00001dbd   Thumb Code   484  rtx_msgqueue.o(.text.svcRtxMessageQueueNew)
    __arm_cp.14_0                            0x00001f88   Number         4  rtx_msgqueue.o(.text.svcRtxMessageQueueNew)
    __arm_cp.14_1                            0x00001f8c   Number         4  rtx_msgqueue.o(.text.svcRtxMessageQueueNew)
    __arm_cp.14_2                            0x00001f90   Number         4  rtx_msgqueue.o(.text.svcRtxMessageQueueNew)
    __arm_cp.14_3                            0x00001f94   Number         4  rtx_msgqueue.o(.text.svcRtxMessageQueueNew)
    __arm_cp.14_4                            0x00001f98   Number         4  rtx_msgqueue.o(.text.svcRtxMessageQueueNew)
    __arm_cp.14_5                            0x00001f9c   Number         4  rtx_msgqueue.o(.text.svcRtxMessageQueueNew)
    [Anonymous Symbol]                       0x00001fa0   Section        0  rtx_msgqueue.o(.text.svcRtxMessageQueuePut)
    svcRtxMessageQueuePut                    0x00001fa1   Thumb Code   188  rtx_msgqueue.o(.text.svcRtxMessageQueuePut)
    __arm_cp.19_0                            0x00002058   Number         4  rtx_msgqueue.o(.text.svcRtxMessageQueuePut)
    [Anonymous Symbol]                       0x0000205c   Section        0  rtx_mutex.o(.text.svcRtxMutexAcquire)
    svcRtxMutexAcquire                       0x0000205d   Thumb Code   152  rtx_mutex.o(.text.svcRtxMutexAcquire)
    __arm_cp.9_0                             0x000020f0   Number         4  rtx_mutex.o(.text.svcRtxMutexAcquire)
    [Anonymous Symbol]                       0x000020f4   Section        0  rtx_mutex.o(.text.svcRtxMutexDelete)
    svcRtxMutexDelete                        0x000020f5   Thumb Code   188  rtx_mutex.o(.text.svcRtxMutexDelete)
    __arm_cp.12_0                            0x000021ac   Number         4  rtx_mutex.o(.text.svcRtxMutexDelete)
    [Anonymous Symbol]                       0x000021b0   Section        0  rtx_mutex.o(.text.svcRtxMutexNew)
    svcRtxMutexNew                           0x000021b1   Thumb Code   112  rtx_mutex.o(.text.svcRtxMutexNew)
    __arm_cp.7_0                             0x0000221c   Number         4  rtx_mutex.o(.text.svcRtxMutexNew)
    [Anonymous Symbol]                       0x00002220   Section        0  rtx_mutex.o(.text.svcRtxMutexRelease)
    svcRtxMutexRelease                       0x00002221   Thumb Code   192  rtx_mutex.o(.text.svcRtxMutexRelease)
    __arm_cp.10_0                            0x000022dc   Number         4  rtx_mutex.o(.text.svcRtxMutexRelease)
    [Anonymous Symbol]                       0x000022e0   Section        0  rtx_semaphore.o(.text.svcRtxSemaphoreAcquire)
    svcRtxSemaphoreAcquire                   0x000022e1   Thumb Code    76  rtx_semaphore.o(.text.svcRtxSemaphoreAcquire)
    __arm_cp.11_0                            0x00002328   Number         4  rtx_semaphore.o(.text.svcRtxSemaphoreAcquire)
    [Anonymous Symbol]                       0x0000232c   Section        0  rtx_semaphore.o(.text.svcRtxSemaphoreNew)
    svcRtxSemaphoreNew                       0x0000232d   Thumb Code   136  rtx_semaphore.o(.text.svcRtxSemaphoreNew)
    __arm_cp.7_0                             0x000023a8   Number         4  rtx_semaphore.o(.text.svcRtxSemaphoreNew)
    __arm_cp.7_1                             0x000023ac   Number         4  rtx_semaphore.o(.text.svcRtxSemaphoreNew)
    __arm_cp.7_2                             0x000023b0   Number         4  rtx_semaphore.o(.text.svcRtxSemaphoreNew)
    [Anonymous Symbol]                       0x000023b4   Section        0  rtx_semaphore.o(.text.svcRtxSemaphoreRelease)
    svcRtxSemaphoreRelease                   0x000023b5   Thumb Code    56  rtx_semaphore.o(.text.svcRtxSemaphoreRelease)
    [Anonymous Symbol]                       0x000023ec   Section        0  rtx_thread.o(.text.svcRtxThreadExit)
    svcRtxThreadExit                         0x000023ed   Thumb Code   108  rtx_thread.o(.text.svcRtxThreadExit)
    __arm_cp.54_0                            0x00002454   Number         4  rtx_thread.o(.text.svcRtxThreadExit)
    [Anonymous Symbol]                       0x00002458   Section        0  rtx_thread.o(.text.svcRtxThreadNew)
    svcRtxThreadNew                          0x00002459   Thumb Code   492  rtx_thread.o(.text.svcRtxThreadNew)
    __arm_cp.16_0                            0x0000262c   Number         4  rtx_thread.o(.text.svcRtxThreadNew)
    __arm_cp.16_1                            0x00002630   Number         4  rtx_thread.o(.text.svcRtxThreadNew)
    __arm_cp.16_2                            0x00002634   Number         4  rtx_thread.o(.text.svcRtxThreadNew)
    __arm_cp.16_3                            0x00002638   Number         4  rtx_thread.o(.text.svcRtxThreadNew)
    __arm_cp.16_4                            0x0000263c   Number         4  rtx_thread.o(.text.svcRtxThreadNew)
    __arm_cp.16_5                            0x00002640   Number         4  rtx_thread.o(.text.svcRtxThreadNew)
    i.SystemCoreClockUpdate                  0x00002644   Section        0  system_mkl25z4.o(i.SystemCoreClockUpdate)
    i.SystemInit                             0x000027d4   Section        0  system_mkl25z4.o(i.SystemInit)
    i.UART2_IRQHandler                       0x000027e0   Section        0  uart.o(i.UART2_IRQHandler)
    i.UART2_thread                           0x0000280c   Section        0  main.o(i.UART2_thread)
    i.__ARM_common_switch8                   0x000028b4   Section        0  rtx_config.o(i.__ARM_common_switch8)
    i.__NVIC_ClearPendingIRQ                 0x000028d0   Section        0  uart.o(i.__NVIC_ClearPendingIRQ)
    __NVIC_ClearPendingIRQ                   0x000028d1   Thumb Code    18  uart.o(i.__NVIC_ClearPendingIRQ)
    i.__NVIC_SetPriority                     0x000028e8   Section        0  uart.o(i.__NVIC_SetPriority)
    __NVIC_SetPriority                       0x000028e9   Thumb Code   110  uart.o(i.__NVIC_SetPriority)
    i._mutex_acquire                         0x00002960   Section        0  rtx_lib.o(i._mutex_acquire)
    __tagsym$$used                           0x00002961   Number         0  rtx_lib.o(i._mutex_acquire)
    i._mutex_free                            0x00002978   Section        0  rtx_lib.o(i._mutex_free)
    __tagsym$$used                           0x00002979   Number         0  rtx_lib.o(i._mutex_free)
    i._mutex_initialize                      0x00002984   Section        0  rtx_lib.o(i._mutex_initialize)
    __tagsym$$used                           0x00002985   Number         0  rtx_lib.o(i._mutex_initialize)
    i._mutex_release                         0x000029a8   Section        0  rtx_lib.o(i._mutex_release)
    __tagsym$$used                           0x000029a9   Number         0  rtx_lib.o(i._mutex_release)
    i._platform_post_stackheap_init          0x000029bc   Section        0  rtx_lib.o(i._platform_post_stackheap_init)
    i.cruelAngelThesis1Thread                0x000029c4   Section        0  buzzer.o(i.cruelAngelThesis1Thread)
    i.cruelAngelThesis2Thread                0x00002a64   Section        0  buzzer.o(i.cruelAngelThesis2Thread)
    i.cruelAngelThesis3Thread                0x00002b24   Section        0  buzzer.o(i.cruelAngelThesis3Thread)
    i.cruelAngelThesis4Thread                0x00002c30   Section        0  buzzer.o(i.cruelAngelThesis4Thread)
    i.cruelAngelThesis5Thread                0x00002ccc   Section        0  buzzer.o(i.cruelAngelThesis5Thread)
    i.freqToMod                              0x00002d60   Section        0  freqtomod.o(i.freqToMod)
    i.initBuzzer                             0x00002d8c   Section        0  buzzer.o(i.initBuzzer)
    i.initLED                                0x00002ea0   Section        0  ledcontrol.o(i.initLED)
    i.initPWM                                0x00002fb0   Section        0  pwm.o(i.initPWM)
    i.initUART2                              0x000030f8   Section        0  uart.o(i.initUART2)
    i.led_green_connect_thread               0x000031d4   Section        0  ledcontrol.o(i.led_green_connect_thread)
    i.led_green_running_thread               0x00003248   Section        0  ledcontrol.o(i.led_green_running_thread)
    i.led_green_stop_thread                  0x000032c0   Section        0  ledcontrol.o(i.led_green_stop_thread)
    i.led_red_thread                         0x000032f4   Section        0  ledcontrol.o(i.led_red_thread)
    i.main                                   0x0000331c   Section        0  main.o(i.main)
    i.motor                                  0x000033cc   Section        0  main.o(i.motor)
    i.osRtxErrorNotify                       0x00003468   Section        0  rtx_config.o(i.osRtxErrorNotify)
    i.osRtxIdleThread                        0x00003488   Section        0  rtx_config.o(i.osRtxIdleThread)
    i.os_kernel_is_active                    0x0000348c   Section        0  rtx_lib.o(i.os_kernel_is_active)
    os_kernel_is_active                      0x0000348d   Thumb Code    30  rtx_lib.o(i.os_kernel_is_active)
    i.pwm_backward                           0x000034b0   Section        0  pwm.o(i.pwm_backward)
    i.pwm_backward_left                      0x000034d4   Section        0  pwm.o(i.pwm_backward_left)
    i.pwm_backward_right                     0x000034fc   Section        0  pwm.o(i.pwm_backward_right)
    i.pwm_forward                            0x00003524   Section        0  pwm.o(i.pwm_forward)
    i.pwm_forward_left                       0x00003548   Section        0  pwm.o(i.pwm_forward_left)
    i.pwm_forward_right                      0x00003570   Section        0  pwm.o(i.pwm_forward_right)
    i.pwm_left                               0x00003598   Section        0  pwm.o(i.pwm_left)
    i.pwm_right                              0x000035c8   Section        0  pwm.o(i.pwm_right)
    i.pwm_stop                               0x000035f8   Section        0  pwm.o(i.pwm_stop)
    x$fpl$fmul                               0x0000361c   Section      176  fmul.o(x$fpl$fmul)
    .constdata                               0x000036cc   Section      712  buzzer.o(.constdata)
    x$fpl$usenofp                            0x000036cc   Section        0  usenofp.o(x$fpl$usenofp)
    .constdata                               0x00003994   Section       24  ledcontrol.o(.constdata)
    .constdata                               0x000039ac   Section      100  rtx_lib.o(.constdata)
    os_idle_thread_attr                      0x000039ac   Data          36  rtx_lib.o(.constdata)
    os_timer_thread_attr                     0x000039d0   Data          36  rtx_lib.o(.constdata)
    os_timer_mq_attr                         0x000039f4   Data          24  rtx_lib.o(.constdata)
    .constdata                               0x00003a10   Section        1  irq_cm0.o(.constdata)
    .constdata                               0x00003a11   Section       64  fdiv.o(.constdata)
    fdiv_tab                                 0x00003a11   Data          64  fdiv.o(.constdata)
    .rodata                                  0x00003a54   Section      160  rtx_lib.o(.rodata)
    __tagsym$$used                           0x00003a54   Number         0  rtx_lib.o(.rodata)
    __tagsym$$used                           0x00003abc   Number         0  rtx_lib.o(.rodata)
    [Anonymous Symbol]                       0x00003af4   Section        0  rtx_kernel.o(.rodata.str1.4)
    .L.str                                   0x00003af4   Data          11  rtx_kernel.o(.rodata.str1.4)
    .bss.os                                  0x1ffff000   Section     4160  rtx_lib.o(.bss.os)
    os_mem                                   0x1ffff000   Data        4096  rtx_lib.o(.bss.os)
    os_isr_queue                             0x20000000   Data          64  rtx_lib.o(.bss.os)
    .bss.os.msgqueue.cb                      0x20000040   Section       52  rtx_lib.o(.bss.os.msgqueue.cb)
    os_timer_mq_cb                           0x20000040   Data          52  rtx_lib.o(.bss.os.msgqueue.cb)
    .bss.os.msgqueue.mem                     0x20000074   Section       80  rtx_lib.o(.bss.os.msgqueue.mem)
    os_timer_mq_data                         0x20000074   Data          80  rtx_lib.o(.bss.os.msgqueue.mem)
    .bss.os.thread.cb                        0x200000c4   Section      136  rtx_lib.o(.bss.os.thread.cb)
    os_idle_thread_cb                        0x200000c4   Data          68  rtx_lib.o(.bss.os.thread.cb)
    os_timer_thread_cb                       0x20000108   Data          68  rtx_lib.o(.bss.os.thread.cb)
    .bss.os.thread.stack                     0x20000150   Section      512  rtx_lib.o(.bss.os.thread.stack)
    os_idle_thread_stack                     0x20000150   Data         256  rtx_lib.o(.bss.os.thread.stack)
    os_timer_thread_stack                    0x20000250   Data         256  rtx_lib.o(.bss.os.thread.stack)
    .data                                    0x20000350   Section        4  uart.o(.data)
    .data                                    0x20000354   Section       32  buzzer.o(.data)
    .data                                    0x20000374   Section       16  ledcontrol.o(.data)
    .data                                    0x20000384   Section        5  rtx_lib.o(.data)
    os_kernel_active                         0x20000388   Data           1  rtx_lib.o(.data)
    .data                                    0x2000038c   Section        4  system_mkl25z4.o(.data)
    .bss                                     0x20000434   Section       96  libspace.o(.bss)
    [Anonymous Symbol]                       0x20000494   Section        0  os_systick.o(.bss.PendST)
    PendST                                   0x20000494   Data           1  os_systick.o(.bss.PendST)
    HEAP                                     0x20000498   Section        0  startup_mkl25z4.o(HEAP)
    STACK                                    0x20000498   Section      256  startup_mkl25z4.o(STACK)
    Heap_Mem                                 0x20000498   Data           0  startup_mkl25z4.o(HEAP)
    Stack_Mem                                0x20000498   Data         256  startup_mkl25z4.o(STACK)
    __initial_sp                             0x20000598   Data           0  startup_mkl25z4.o(STACK)

    Global Symbols

    Symbol Name                              Value     Ov Type        Size  Object(Section)

    BuildAttributes$$THM_ISAv3M$S$PE$A:L22$X:L11$S22$IEEE1$IW$~IW$USESV6$~STKCKD$USESV7$~SHL$OSPACE$ROPI$EBA8$UX$STANDARDLIB$REQ8$PRES8$EABIv2 0x00000000   Number         0  anon$$obj.o ABSOLUTE
    __ARM_use_no_argv                        0x00000000   Number         0  main.o ABSOLUTE
    __Vectors                                0x00000000   Data           4  startup_mkl25z4.o(RESET)
    .bss.os.evflags.cb$$Base                  - Undefined Weak Reference
    .bss.os.evflags.cb$$Limit                 - Undefined Weak Reference
    .bss.os.mempool.cb$$Base                  - Undefined Weak Reference
    .bss.os.mempool.cb$$Limit                 - Undefined Weak Reference
    .bss.os.mutex.cb$$Base                    - Undefined Weak Reference
    .bss.os.mutex.cb$$Limit                   - Undefined Weak Reference
    .bss.os.semaphore.cb$$Base                - Undefined Weak Reference
    .bss.os.semaphore.cb$$Limit               - Undefined Weak Reference
    .bss.os.timer.cb$$Base                    - Undefined Weak Reference
    .bss.os.timer.cb$$Limit                   - Undefined Weak Reference
    __ARM_exceptions_init                     - Undefined Weak Reference
    __alloca_initialize                       - Undefined Weak Reference
    __arm_preinit_                            - Undefined Weak Reference
    __cpp_initialize__aeabi_                  - Undefined Weak Reference
    __cxa_finalize                            - Undefined Weak Reference
    __rt_locale                               - Undefined Weak Reference
    __sigvec_lookup                           - Undefined Weak Reference
    _atexit_init                              - Undefined Weak Reference
    _call_atexit_fns                          - Undefined Weak Reference
    _clock_init                               - Undefined Weak Reference
    _fp_trap_init                             - Undefined Weak Reference
    _fp_trap_shutdown                         - Undefined Weak Reference
    _get_lc_collate                           - Undefined Weak Reference
    _get_lc_ctype                             - Undefined Weak Reference
    _get_lc_monetary                          - Undefined Weak Reference
    _get_lc_numeric                           - Undefined Weak Reference
    _get_lc_time                              - Undefined Weak Reference
    _getenv_init                              - Undefined Weak Reference
    _handle_redirection                       - Undefined Weak Reference
    _init_alloc                               - Undefined Weak Reference
    _init_user_alloc                          - Undefined Weak Reference
    _initio                                   - Undefined Weak Reference
    _rand_init                                - Undefined Weak Reference
    _signal_finish                            - Undefined Weak Reference
    _signal_init                              - Undefined Weak Reference
    _terminate_alloc                          - Undefined Weak Reference
    _terminate_user_alloc                     - Undefined Weak Reference
    _terminateio                              - Undefined Weak Reference
    __Vectors_End                            0x000000c0   Data           0  startup_mkl25z4.o(RESET)
    __Vectors_Size                           0x000000c0   Number         0  startup_mkl25z4.o ABSOLUTE
    __main                                   0x000000c1   Thumb Code     8  __main.o(!!!main)
    __scatterload                            0x000000c9   Thumb Code     0  __scatter.o(!!!scatter)
    __scatterload_rt2                        0x000000c9   Thumb Code    52  __scatter.o(!!!scatter)
    __scatterload_rt2_thumb_only             0x000000c9   Thumb Code     0  __scatter.o(!!!scatter)
    __scatterload_null                       0x000000d9   Thumb Code     0  __scatter.o(!!!scatter)
    __scatterload_zeroinit                   0x00000105   Thumb Code    28  __scatter_zi.o(!!handler_zi)
    __rt_lib_init                            0x00000121   Thumb Code     0  libinit.o(.ARM.Collect$$libinit$$00000000)
    __rt_lib_init_alloca_1                   0x00000123   Thumb Code     0  libinit2.o(.ARM.Collect$$libinit$$0000002E)
    __rt_lib_init_argv_1                     0x00000123   Thumb Code     0  libinit2.o(.ARM.Collect$$libinit$$0000002C)
    __rt_lib_init_atexit_1                   0x00000123   Thumb Code     0  libinit2.o(.ARM.Collect$$libinit$$0000001B)
    __rt_lib_init_clock_1                    0x00000123   Thumb Code     0  libinit2.o(.ARM.Collect$$libinit$$00000021)
    __rt_lib_init_cpp_1                      0x00000123   Thumb Code     0  libinit2.o(.ARM.Collect$$libinit$$00000032)
    __rt_lib_init_exceptions_1               0x00000123   Thumb Code     0  libinit2.o(.ARM.Collect$$libinit$$00000030)
    __rt_lib_init_fp_1                       0x00000123   Thumb Code     0  libinit2.o(.ARM.Collect$$libinit$$00000002)
    __rt_lib_init_fp_trap_1                  0x00000123   Thumb Code     0  libinit2.o(.ARM.Collect$$libinit$$0000001F)
    __rt_lib_init_getenv_1                   0x00000123   Thumb Code     0  libinit2.o(.ARM.Collect$$libinit$$00000023)
    __rt_lib_init_heap_1                     0x00000123   Thumb Code     0  libinit2.o(.ARM.Collect$$libinit$$0000000A)
    __rt_lib_init_lc_collate_1               0x00000123   Thumb Code     0  libinit2.o(.ARM.Collect$$libinit$$00000011)
    __rt_lib_init_lc_ctype_1                 0x00000123   Thumb Code     0  libinit2.o(.ARM.Collect$$libinit$$00000013)
    __rt_lib_init_lc_monetary_1              0x00000123   Thumb Code     0  libinit2.o(.ARM.Collect$$libinit$$00000015)
    __rt_lib_init_lc_numeric_1               0x00000123   Thumb Code     0  libinit2.o(.ARM.Collect$$libinit$$00000017)
    __rt_lib_init_lc_time_1                  0x00000123   Thumb Code     0  libinit2.o(.ARM.Collect$$libinit$$00000019)
    __rt_lib_init_preinit_1                  0x00000123   Thumb Code     0  libinit2.o(.ARM.Collect$$libinit$$00000004)
    __rt_lib_init_rand_1                     0x00000123   Thumb Code     0  libinit2.o(.ARM.Collect$$libinit$$0000000E)
    __rt_lib_init_return                     0x00000123   Thumb Code     0  libinit2.o(.ARM.Collect$$libinit$$00000033)
    __rt_lib_init_signal_1                   0x00000123   Thumb Code     0  libinit2.o(.ARM.Collect$$libinit$$0000001D)
    __rt_lib_init_stdio_1                    0x00000123   Thumb Code     0  libinit2.o(.ARM.Collect$$libinit$$00000025)
    __rt_lib_init_user_alloc_1               0x00000123   Thumb Code     0  libinit2.o(.ARM.Collect$$libinit$$0000000C)
    __rt_lib_shutdown                        0x00000125   Thumb Code     0  libshutdown.o(.ARM.Collect$$libshutdown$$00000000)
    __rt_lib_shutdown_cpp_1                  0x00000127   Thumb Code     0  libshutdown2.o(.ARM.Collect$$libshutdown$$00000002)
    __rt_lib_shutdown_fp_trap_1              0x00000127   Thumb Code     0  libshutdown2.o(.ARM.Collect$$libshutdown$$00000007)
    __rt_lib_shutdown_heap_1                 0x00000127   Thumb Code     0  libshutdown2.o(.ARM.Collect$$libshutdown$$0000000F)
    __rt_lib_shutdown_return                 0x00000127   Thumb Code     0  libshutdown2.o(.ARM.Collect$$libshutdown$$00000010)
    __rt_lib_shutdown_signal_1               0x00000127   Thumb Code     0  libshutdown2.o(.ARM.Collect$$libshutdown$$0000000A)
    __rt_lib_shutdown_stdio_1                0x00000127   Thumb Code     0  libshutdown2.o(.ARM.Collect$$libshutdown$$00000004)
    __rt_lib_shutdown_user_alloc_1           0x00000127   Thumb Code     0  libshutdown2.o(.ARM.Collect$$libshutdown$$0000000C)
    __rt_entry                               0x00000129   Thumb Code     0  __rtentry.o(.ARM.Collect$$rtentry$$00000000)
    __rt_entry_presh_1                       0x00000129   Thumb Code     0  __rtentry2.o(.ARM.Collect$$rtentry$$00000002)
    __rt_entry_sh                            0x00000129   Thumb Code     0  __rtentry4.o(.ARM.Collect$$rtentry$$00000004)
    __rt_entry_postsh_1                      0x0000012f   Thumb Code     0  __rtentry2.o(.ARM.Collect$$rtentry$$00000008)
    __rt_entry_li                            0x00000137   Thumb Code     0  __rtentry2.o(.ARM.Collect$$rtentry$$0000000A)
    __rt_entry_main                          0x0000013b   Thumb Code     0  __rtentry2.o(.ARM.Collect$$rtentry$$0000000D)
    __rt_entry_postli_1                      0x0000013b   Thumb Code     0  __rtentry2.o(.ARM.Collect$$rtentry$$0000000C)
    __rt_exit                                0x00000143   Thumb Code     0  rtexit.o(.ARM.Collect$$rtexit$$00000000)
    __rt_exit_ls                             0x00000145   Thumb Code     0  rtexit2.o(.ARM.Collect$$rtexit$$00000003)
    __rt_exit_prels_1                        0x00000145   Thumb Code     0  rtexit2.o(.ARM.Collect$$rtexit$$00000002)
    __rt_exit_exit                           0x00000149   Thumb Code     0  rtexit2.o(.ARM.Collect$$rtexit$$00000004)
    __aeabi_memcpy4                          0x00000151   Thumb Code    56  rt_memcpy.o(.emb_text)
    __aeabi_memcpy8                          0x00000151   Thumb Code     0  rt_memcpy.o(.emb_text)
    Reset_Handler                            0x00000189   Thumb Code    12  startup_mkl25z4.o(.text)
    NMI_Handler                              0x00000195   Thumb Code     2  startup_mkl25z4.o(.text)
    HardFault_Handler                        0x00000197   Thumb Code     2  startup_mkl25z4.o(.text)
    ADC0_IRQHandler                          0x0000019f   Thumb Code     0  startup_mkl25z4.o(.text)
    CMP0_IRQHandler                          0x0000019f   Thumb Code     0  startup_mkl25z4.o(.text)
    DAC0_IRQHandler                          0x0000019f   Thumb Code     0  startup_mkl25z4.o(.text)
    DMA0_IRQHandler                          0x0000019f   Thumb Code     0  startup_mkl25z4.o(.text)
    DMA1_IRQHandler                          0x0000019f   Thumb Code     0  startup_mkl25z4.o(.text)
    DMA2_IRQHandler                          0x0000019f   Thumb Code     0  startup_mkl25z4.o(.text)
    DMA3_IRQHandler                          0x0000019f   Thumb Code     0  startup_mkl25z4.o(.text)
    DefaultISR                               0x0000019f   Thumb Code     0  startup_mkl25z4.o(.text)
    FTFA_IRQHandler                          0x0000019f   Thumb Code     0  startup_mkl25z4.o(.text)
    I2C0_IRQHandler                          0x0000019f   Thumb Code     0  startup_mkl25z4.o(.text)
    I2C1_IRQHandler                          0x0000019f   Thumb Code     0  startup_mkl25z4.o(.text)
    LLWU_IRQHandler                          0x0000019f   Thumb Code     0  startup_mkl25z4.o(.text)
    LPTMR0_IRQHandler                        0x0000019f   Thumb Code     0  startup_mkl25z4.o(.text)
    LVD_LVW_IRQHandler                       0x0000019f   Thumb Code     0  startup_mkl25z4.o(.text)
    MCG_IRQHandler                           0x0000019f   Thumb Code     0  startup_mkl25z4.o(.text)
    PIT_IRQHandler                           0x0000019f   Thumb Code     0  startup_mkl25z4.o(.text)
    PORTA_IRQHandler                         0x0000019f   Thumb Code     0  startup_mkl25z4.o(.text)
    PORTD_IRQHandler                         0x0000019f   Thumb Code     0  startup_mkl25z4.o(.text)
    RTC_IRQHandler                           0x0000019f   Thumb Code     0  startup_mkl25z4.o(.text)
    RTC_Seconds_IRQHandler                   0x0000019f   Thumb Code     0  startup_mkl25z4.o(.text)
    Reserved20_IRQHandler                    0x0000019f   Thumb Code     0  startup_mkl25z4.o(.text)
    Reserved39_IRQHandler                    0x0000019f   Thumb Code     0  startup_mkl25z4.o(.text)
    Reserved45_IRQHandler                    0x0000019f   Thumb Code     0  startup_mkl25z4.o(.text)
    SPI0_IRQHandler                          0x0000019f   Thumb Code     0  startup_mkl25z4.o(.text)
    SPI1_IRQHandler                          0x0000019f   Thumb Code     0  startup_mkl25z4.o(.text)
    TPM0_IRQHandler                          0x0000019f   Thumb Code     0  startup_mkl25z4.o(.text)
    TPM1_IRQHandler                          0x0000019f   Thumb Code     0  startup_mkl25z4.o(.text)
    TPM2_IRQHandler                          0x0000019f   Thumb Code     0  startup_mkl25z4.o(.text)
    TSI0_IRQHandler                          0x0000019f   Thumb Code     0  startup_mkl25z4.o(.text)
    UART0_IRQHandler                         0x0000019f   Thumb Code     0  startup_mkl25z4.o(.text)
    UART1_IRQHandler                         0x0000019f   Thumb Code     0  startup_mkl25z4.o(.text)
    USB0_IRQHandler                          0x0000019f   Thumb Code     0  startup_mkl25z4.o(.text)
    __user_initial_stackheap                 0x000001a5   Thumb Code     0  startup_mkl25z4.o(.text)
    SVC_Handler                              0x000001c9   Thumb Code   132  irq_cm0.o(.text)
    PendSV_Handler                           0x0000024d   Thumb Code    12  irq_cm0.o(.text)
    SysTick_Handler                          0x00000259   Thumb Code    12  irq_cm0.o(.text)
    __aeabi_memcpy                           0x0000026d   Thumb Code   130  rt_memcpy.o(.text)
    __rt_memcpy                              0x0000026d   Thumb Code     0  rt_memcpy.o(.text)
    _memset_w                                0x000002ef   Thumb Code    26  rt_memclr.o(.text)
    _memset                                  0x00000309   Thumb Code    30  rt_memclr.o(.text)
    __aeabi_memclr                           0x00000327   Thumb Code     4  rt_memclr.o(.text)
    __rt_memclr                              0x00000327   Thumb Code     0  rt_memclr.o(.text)
    __aeabi_memclr4                          0x0000032b   Thumb Code     0  rt_memclr.o(.text)
    __aeabi_memclr8                          0x0000032b   Thumb Code     0  rt_memclr.o(.text)
    __rt_memclr_w                            0x0000032b   Thumb Code     4  rt_memclr.o(.text)
    __use_two_region_memory                  0x0000032f   Thumb Code     2  heapauxi.o(.text)
    __rt_heap_escrow$2region                 0x00000331   Thumb Code     2  heapauxi.o(.text)
    __rt_heap_expand$2region                 0x00000333   Thumb Code     2  heapauxi.o(.text)
    __aeabi_d2iz                             0x00000335   Thumb Code     0  dfixi.o(.text)
    _dfix                                    0x00000335   Thumb Code    98  dfixi.o(.text)
    __aeabi_i2d_normalise                    0x000003a1   Thumb Code    66  dflti.o(.text)
    __aeabi_i2d                              0x000003e3   Thumb Code    16  dflti.o(.text)
    _dflt                                    0x000003e3   Thumb Code     0  dflti.o(.text)
    __aeabi_ui2d                             0x000003f3   Thumb Code     6  dflti.o(.text)
    _dfltu                                   0x000003f3   Thumb Code     0  dflti.o(.text)
    __user_libspace                          0x000003f9   Thumb Code     8  libspace.o(.text)
    __user_perproc_libspace                  0x000003f9   Thumb Code     0  libspace.o(.text)
    __aeabi_uidiv                            0x00000411   Thumb Code     0  aeabi_sdiv.o(.text)
    __aeabi_uidivmod                         0x00000411   Thumb Code    20  aeabi_sdiv.o(.text)
    __aeabi_idiv                             0x00000425   Thumb Code     0  aeabi_sdiv.o(.text)
    __aeabi_idivmod                          0x00000425   Thumb Code   326  aeabi_sdiv.o(.text)
    __aeabi_dmul                             0x0000056d   Thumb Code     0  dmul.o(.text)
    _dmul                                    0x0000056d   Thumb Code   558  dmul.o(.text)
    __aeabi_fdiv                             0x000007b5   Thumb Code     0  fdiv.o(.text)
    _fdiv                                    0x000007b5   Thumb Code   334  fdiv.o(.text)
    _frdiv                                   0x00000903   Thumb Code     8  fdiv.o(.text)
    __aeabi_f2iz                             0x00000915   Thumb Code     0  ffixi.o(.text)
    _ffix                                    0x00000915   Thumb Code    76  ffixi.o(.text)
    __aeabi_i2f_normalise                    0x00000961   Thumb Code    72  fflti.o(.text)
    __aeabi_i2f                              0x000009a9   Thumb Code    16  fflti.o(.text)
    _fflt                                    0x000009a9   Thumb Code     0  fflti.o(.text)
    __aeabi_ui2f                             0x000009b9   Thumb Code     6  fflti.o(.text)
    _ffltu                                   0x000009b9   Thumb Code     0  fflti.o(.text)
    __user_setup_stackheap                   0x000009bf   Thumb Code    62  sys_stackheap_outer.o(.text)
    exit                                     0x000009fd   Thumb Code    16  exit.o(.text)
    _sys_exit                                0x00000a0d   Thumb Code     8  sys_exit.o(.text)
    __I$use$semihosting                      0x00000a19   Thumb Code     0  use_no_semi.o(.text)
    __use_no_semihosting_swi                 0x00000a19   Thumb Code     2  use_no_semi.o(.text)
    __decompress                             0x00000a1b   Thumb Code     0  __dczerorl.o(.text)
    __decompress0                            0x00000a1b   Thumb Code    58  __dczerorl.o(.text)
    __semihosting_library_function           0x00000a1b   Thumb Code     0  indicate_semi.o(.text)
    OS_Tick_AcknowledgeIRQ                   0x00000b71   Thumb Code    12  os_systick.o(.text.OS_Tick_AcknowledgeIRQ)
    OS_Tick_Enable                           0x00000b7d   Thumb Code    44  os_systick.o(.text.OS_Tick_Enable)
    OS_Tick_GetIRQn                          0x00000ba9   Thumb Code     6  os_systick.o(.text.OS_Tick_GetIRQn)
    OS_Tick_Setup                            0x00000bb1   Thumb Code    76  os_systick.o(.text.OS_Tick_Setup)
    osDelay                                  0x00000ce1   Thumb Code    40  rtx_delay.o(.text.osDelay)
    osEventFlagsClear                        0x00000d09   Thumb Code    36  rtx_evflags.o(.text.osEventFlagsClear)
    osEventFlagsNew                          0x00000d2d   Thumb Code    36  rtx_evflags.o(.text.osEventFlagsNew)
    osEventFlagsSet                          0x00000d51   Thumb Code    80  rtx_evflags.o(.text.osEventFlagsSet)
    osEventFlagsWait                         0x00000da1   Thumb Code    68  rtx_evflags.o(.text.osEventFlagsWait)
    osKernelGetState                         0x00000de5   Thumb Code    48  rtx_kernel.o(.text.osKernelGetState)
    osKernelInitialize                       0x00000e15   Thumb Code    40  rtx_kernel.o(.text.osKernelInitialize)
    osKernelStart                            0x00000e3d   Thumb Code    36  rtx_kernel.o(.text.osKernelStart)
    osMessageQueueGet                        0x00000e61   Thumb Code   116  rtx_msgqueue.o(.text.osMessageQueueGet)
    osMessageQueueNew                        0x00000ed5   Thumb Code    36  rtx_msgqueue.o(.text.osMessageQueueNew)
    osMessageQueuePut                        0x00000ef9   Thumb Code   120  rtx_msgqueue.o(.text.osMessageQueuePut)
    osMutexAcquire                           0x00000f71   Thumb Code    40  rtx_mutex.o(.text.osMutexAcquire)
    osMutexDelete                            0x00000f99   Thumb Code    40  rtx_mutex.o(.text.osMutexDelete)
    osMutexNew                               0x00000fc1   Thumb Code    36  rtx_mutex.o(.text.osMutexNew)
    osMutexRelease                           0x00000fe5   Thumb Code    40  rtx_mutex.o(.text.osMutexRelease)
    osRtxKernelPreInit                       0x00001041   Thumb Code     2  rtx_kernel.o(.text.osRtxKernelPreInit)
    osRtxMemoryAlloc                         0x00001043   Thumb Code   124  rtx_memory.o(.text.osRtxMemoryAlloc)
    osRtxMemoryFree                          0x000010bf   Thumb Code    78  rtx_memory.o(.text.osRtxMemoryFree)
    osRtxMemoryInit                          0x0000110d   Thumb Code    50  rtx_memory.o(.text.osRtxMemoryInit)
    osRtxMemoryPoolAlloc                     0x0000113f   Thumb Code    46  rtx_mempool.o(.text.osRtxMemoryPoolAlloc)
    osRtxMemoryPoolFree                      0x0000116d   Thumb Code    58  rtx_mempool.o(.text.osRtxMemoryPoolFree)
    osRtxMemoryPoolInit                      0x000011a7   Thumb Code    62  rtx_mempool.o(.text.osRtxMemoryPoolInit)
    osRtxMutexOwnerRelease                   0x000012a1   Thumb Code    68  rtx_mutex.o(.text.osRtxMutexOwnerRelease)
    osRtxPendSV_Handler                      0x000012e5   Thumb Code   128  rtx_system.o(.text.osRtxPendSV_Handler)
    osRtxPostProcess                         0x00001365   Thumb Code   108  rtx_system.o(.text.osRtxPostProcess)
    osRtxThreadDelayTick                     0x000014f1   Thumb Code    56  rtx_thread.o(.text.osRtxThreadDelayTick)
    osRtxThreadDispatch                      0x00001529   Thumb Code    80  rtx_thread.o(.text.osRtxThreadDispatch)
    osRtxThreadListGet                       0x000015cd   Thumb Code    20  rtx_thread.o(.text.osRtxThreadListGet)
    osRtxThreadListPut                       0x000015e1   Thumb Code    44  rtx_thread.o(.text.osRtxThreadListPut)
    osRtxThreadListRemove                    0x0000160d   Thumb Code    24  rtx_thread.o(.text.osRtxThreadListRemove)
    osRtxThreadListSort                      0x00001625   Thumb Code    38  rtx_thread.o(.text.osRtxThreadListSort)
    osRtxThreadReadyPut                      0x00001671   Thumb Code    24  rtx_thread.o(.text.osRtxThreadReadyPut)
    osRtxThreadRegPtr                        0x00001689   Thumb Code     6  rtx_thread.o(.text.osRtxThreadRegPtr)
    osRtxThreadStackCheck                    0x00001691   Thumb Code    44  rtx_thread.o(.text.osRtxThreadStackCheck)
    osRtxThreadStartup                       0x000016bd   Thumb Code    64  rtx_thread.o(.text.osRtxThreadStartup)
    osRtxThreadSwitch                        0x000016fd   Thumb Code    20  rtx_thread.o(.text.osRtxThreadSwitch)
    osRtxThreadWaitEnter                     0x00001711   Thumb Code    60  rtx_thread.o(.text.osRtxThreadWaitEnter)
    osRtxThreadWaitExit                      0x0000174d   Thumb Code    34  rtx_thread.o(.text.osRtxThreadWaitExit)
    osRtxTick_Handler                        0x00001771   Thumb Code   116  rtx_system.o(.text.osRtxTick_Handler)
    osRtxTimerThread                         0x000017e5   Thumb Code    60  rtx_timer.o(.text.osRtxTimerThread)
    osSemaphoreAcquire                       0x00001881   Thumb Code    68  rtx_semaphore.o(.text.osSemaphoreAcquire)
    osSemaphoreNew                           0x000018c5   Thumb Code    36  rtx_semaphore.o(.text.osSemaphoreNew)
    osSemaphoreRelease                       0x000018e9   Thumb Code    76  rtx_semaphore.o(.text.osSemaphoreRelease)
    osThreadExit                             0x00001935   Thumb Code    12  rtx_thread.o(.text.osThreadExit)
    osThreadNew                              0x00001941   Thumb Code    36  rtx_thread.o(.text.osThreadNew)
    SystemCoreClockUpdate                    0x00002645   Thumb Code   372  system_mkl25z4.o(i.SystemCoreClockUpdate)
    SystemInit                               0x000027d5   Thumb Code     8  system_mkl25z4.o(i.SystemInit)
    UART2_IRQHandler                         0x000027e1   Thumb Code    36  uart.o(i.UART2_IRQHandler)
    UART2_thread                             0x0000280d   Thumb Code   140  main.o(i.UART2_thread)
    __ARM_common_switch8                     0x000028b5   Thumb Code    28  rtx_config.o(i.__ARM_common_switch8)
    _mutex_acquire                           0x00002961   Thumb Code    24  rtx_lib.o(i._mutex_acquire)
    _mutex_free                              0x00002979   Thumb Code    12  rtx_lib.o(i._mutex_free)
    _mutex_initialize                        0x00002985   Thumb Code    36  rtx_lib.o(i._mutex_initialize)
    _mutex_release                           0x000029a9   Thumb Code    20  rtx_lib.o(i._mutex_release)
    _platform_post_stackheap_init            0x000029bd   Thumb Code     8  rtx_lib.o(i._platform_post_stackheap_init)
    cruelAngelThesis1Thread                  0x000029c5   Thumb Code   136  buzzer.o(i.cruelAngelThesis1Thread)
    cruelAngelThesis2Thread                  0x00002a65   Thumb Code   162  buzzer.o(i.cruelAngelThesis2Thread)
    cruelAngelThesis3Thread                  0x00002b25   Thumb Code   220  buzzer.o(i.cruelAngelThesis3Thread)
    cruelAngelThesis4Thread                  0x00002c31   Thumb Code   130  buzzer.o(i.cruelAngelThesis4Thread)
    cruelAngelThesis5Thread                  0x00002ccd   Thumb Code   128  buzzer.o(i.cruelAngelThesis5Thread)
    freqToMod                                0x00002d61   Thumb Code    40  freqtomod.o(i.freqToMod)
    initBuzzer                               0x00002d8d   Thumb Code   238  buzzer.o(i.initBuzzer)
    initLED                                  0x00002ea1   Thumb Code   246  ledcontrol.o(i.initLED)
    initPWM                                  0x00002fb1   Thumb Code   304  pwm.o(i.initPWM)
    initUART2                                0x000030f9   Thumb Code   198  uart.o(i.initUART2)
    led_green_connect_thread                 0x000031d5   Thumb Code   104  ledcontrol.o(i.led_green_connect_thread)
    led_green_running_thread                 0x00003249   Thumb Code   104  ledcontrol.o(i.led_green_running_thread)
    led_green_stop_thread                    0x000032c1   Thumb Code    42  ledcontrol.o(i.led_green_stop_thread)
    led_red_thread                           0x000032f5   Thumb Code    32  ledcontrol.o(i.led_red_thread)
    main                                     0x0000331d   Thumb Code   136  main.o(i.main)
    motor                                    0x000033cd   Thumb Code   148  main.o(i.motor)
    osRtxErrorNotify                         0x00003469   Thumb Code    32  rtx_config.o(i.osRtxErrorNotify)
    osRtxIdleThread                          0x00003489   Thumb Code     4  rtx_config.o(i.osRtxIdleThread)
    pwm_backward                             0x000034b1   Thumb Code    24  pwm.o(i.pwm_backward)
    pwm_backward_left                        0x000034d5   Thumb Code    26  pwm.o(i.pwm_backward_left)
    pwm_backward_right                       0x000034fd   Thumb Code    26  pwm.o(i.pwm_backward_right)
    pwm_forward                              0x00003525   Thumb Code    24  pwm.o(i.pwm_forward)
    pwm_forward_left                         0x00003549   Thumb Code    26  pwm.o(i.pwm_forward_left)
    pwm_forward_right                        0x00003571   Thumb Code    26  pwm.o(i.pwm_forward_right)
    pwm_left                                 0x00003599   Thumb Code    36  pwm.o(i.pwm_left)
    pwm_right                                0x000035c9   Thumb Code    36  pwm.o(i.pwm_right)
    pwm_stop                                 0x000035f9   Thumb Code    24  pwm.o(i.pwm_stop)
    __aeabi_fmul                             0x0000361d   Thumb Code     0  fmul.o(x$fpl$fmul)
    _fmul                                    0x0000361d   Thumb Code   172  fmul.o(x$fpl$fmul)
    __I$use$fp                               0x000036cc   Number         0  usenofp.o(x$fpl$usenofp)
    osRtxUserSVC                             0x00003a0c   Data           4  rtx_lib.o(.constdata)
    irqRtxLib                                0x00003a10   Data           1  irq_cm0.o(.constdata)
    osRtxConfig                              0x00003a54   Data         104  rtx_lib.o(.rodata)
    os_cb_sections                           0x00003abc   Data          56  rtx_lib.o(.rodata)
    Region$$Table$$Base                      0x00003b00   Number         0  anon$$obj.o(Region$$Table)
    Region$$Table$$Limit                     0x00003b20   Number         0  anon$$obj.o(Region$$Table)
    .bss.os.msgqueue.cb$$Base                0x20000040   Number         0  rtx_lib.o(.bss.os.msgqueue.cb)
    .bss.os.msgqueue.cb$$Limit               0x20000074   Number         0  rtx_lib.o(.bss.os.msgqueue.cb)
    .bss.os.thread.cb$$Base                  0x200000c4   Number         0  rtx_lib.o(.bss.os.thread.cb)
    .bss.os.thread.cb$$Limit                 0x2000014c   Number         0  rtx_lib.o(.bss.os.thread.cb)
    UARTMsgQ                                 0x20000350   Data           4  uart.o(.data)
    mySem                                    0x20000354   Data           4  buzzer.o(.data)
    mySem2                                   0x20000358   Data           4  buzzer.o(.data)
    mySem3                                   0x2000035c   Data           4  buzzer.o(.data)
    mySem4                                   0x20000360   Data           4  buzzer.o(.data)
    mySem5                                   0x20000364   Data           4  buzzer.o(.data)
    idleMusicFlag                            0x20000368   Data           4  buzzer.o(.data)
    MusicRepeat1                             0x2000036c   Data           4  buzzer.o(.data)
    MusicRepeat2                             0x20000370   Data           4  buzzer.o(.data)
    greenEventFlag                           0x20000374   Data           4  ledcontrol.o(.data)
    myConnectSem                             0x20000378   Data           4  ledcontrol.o(.data)
    greenDelay                               0x2000037c   Data           4  ledcontrol.o(.data)
    redDelay                                 0x20000380   Data           4  ledcontrol.o(.data)
    irqRtxLibRef                             0x20000384   Data           4  rtx_lib.o(.data)
    SystemCoreClock                          0x2000038c   Data           4  system_mkl25z4.o(.data)
    osRtxInfo                                0x20000390   Data         164  rtx_kernel.o(.data.os)
    __libspace_start                         0x20000434   Data          96  libspace.o(.bss)
    __temporary_stack_top$libspace           0x20000494   Data           0  libspace.o(.bss)



==============================================================================

Memory Map of the image

  Image Entry point : 0x00000189

  Load Region LR_1 (Base: 0x00000000, Size: 0x00004f54, Max: 0xffffffff, ABSOLUTE, COMPRESSED[0x00003b5c])

    Execution Region ER_RO (Exec base: 0x00000000, Load base: 0x00000000, Size: 0x00003b20, Max: 0xffffffff, ABSOLUTE)

    Exec Addr    Load Addr    Size         Type   Attr      Idx    E Section Name        Object

    0x00000000   0x00000000   0x000000c0   Data   RO          425    RESET               startup_mkl25z4.o
    0x000000c0   0x000000c0   0x00000008   Code   RO         1023  * !!!main             c_p.l(__main.o)
    0x000000c8   0x000000c8   0x0000003c   Code   RO         1208    !!!scatter          c_p.l(__scatter.o)
    0x00000104   0x00000104   0x0000001c   Code   RO         1210    !!handler_zi        c_p.l(__scatter_zi.o)
    0x00000120   0x00000120   0x00000002   Code   RO         1075    .ARM.Collect$$libinit$$00000000  c_p.l(libinit.o)
    0x00000122   0x00000122   0x00000000   Code   RO         1089    .ARM.Collect$$libinit$$00000002  c_p.l(libinit2.o)
    0x00000122   0x00000122   0x00000000   Code   RO         1091    .ARM.Collect$$libinit$$00000004  c_p.l(libinit2.o)
    0x00000122   0x00000122   0x00000000   Code   RO         1094    .ARM.Collect$$libinit$$0000000A  c_p.l(libinit2.o)
    0x00000122   0x00000122   0x00000000   Code   RO         1096    .ARM.Collect$$libinit$$0000000C  c_p.l(libinit2.o)
    0x00000122   0x00000122   0x00000000   Code   RO         1098    .ARM.Collect$$libinit$$0000000E  c_p.l(libinit2.o)
    0x00000122   0x00000122   0x00000000   Code   RO         1101    .ARM.Collect$$libinit$$00000011  c_p.l(libinit2.o)
    0x00000122   0x00000122   0x00000000   Code   RO         1103    .ARM.Collect$$libinit$$00000013  c_p.l(libinit2.o)
    0x00000122   0x00000122   0x00000000   Code   RO         1105    .ARM.Collect$$libinit$$00000015  c_p.l(libinit2.o)
    0x00000122   0x00000122   0x00000000   Code   RO         1107    .ARM.Collect$$libinit$$00000017  c_p.l(libinit2.o)
    0x00000122   0x00000122   0x00000000   Code   RO         1109    .ARM.Collect$$libinit$$00000019  c_p.l(libinit2.o)
    0x00000122   0x00000122   0x00000000   Code   RO         1111    .ARM.Collect$$libinit$$0000001B  c_p.l(libinit2.o)
    0x00000122   0x00000122   0x00000000   Code   RO         1113    .ARM.Collect$$libinit$$0000001D  c_p.l(libinit2.o)
    0x00000122   0x00000122   0x00000000   Code   RO         1115    .ARM.Collect$$libinit$$0000001F  c_p.l(libinit2.o)
    0x00000122   0x00000122   0x00000000   Code   RO         1117    .ARM.Collect$$libinit$$00000021  c_p.l(libinit2.o)
    0x00000122   0x00000122   0x00000000   Code   RO         1119    .ARM.Collect$$libinit$$00000023  c_p.l(libinit2.o)
    0x00000122   0x00000122   0x00000000   Code   RO         1121    .ARM.Collect$$libinit$$00000025  c_p.l(libinit2.o)
    0x00000122   0x00000122   0x00000000   Code   RO         1125    .ARM.Collect$$libinit$$0000002C  c_p.l(libinit2.o)
    0x00000122   0x00000122   0x00000000   Code   RO         1127    .ARM.Collect$$libinit$$0000002E  c_p.l(libinit2.o)
    0x00000122   0x00000122   0x00000000   Code   RO         1129    .ARM.Collect$$libinit$$00000030  c_p.l(libinit2.o)
    0x00000122   0x00000122   0x00000000   Code   RO         1131    .ARM.Collect$$libinit$$00000032  c_p.l(libinit2.o)
    0x00000122   0x00000122   0x00000002   Code   RO         1132    .ARM.Collect$$libinit$$00000033  c_p.l(libinit2.o)
    0x00000124   0x00000124   0x00000002   Code   RO         1163    .ARM.Collect$$libshutdown$$00000000  c_p.l(libshutdown.o)
    0x00000126   0x00000126   0x00000000   Code   RO         1189    .ARM.Collect$$libshutdown$$00000002  c_p.l(libshutdown2.o)
    0x00000126   0x00000126   0x00000000   Code   RO         1191    .ARM.Collect$$libshutdown$$00000004  c_p.l(libshutdown2.o)
    0x00000126   0x00000126   0x00000000   Code   RO         1194    .ARM.Collect$$libshutdown$$00000007  c_p.l(libshutdown2.o)
    0x00000126   0x00000126   0x00000000   Code   RO         1197    .ARM.Collect$$libshutdown$$0000000A  c_p.l(libshutdown2.o)
    0x00000126   0x00000126   0x00000000   Code   RO         1199    .ARM.Collect$$libshutdown$$0000000C  c_p.l(libshutdown2.o)
    0x00000126   0x00000126   0x00000000   Code   RO         1202    .ARM.Collect$$libshutdown$$0000000F  c_p.l(libshutdown2.o)
    0x00000126   0x00000126   0x00000002   Code   RO         1203    .ARM.Collect$$libshutdown$$00000010  c_p.l(libshutdown2.o)
    0x00000128   0x00000128   0x00000000   Code   RO         1040    .ARM.Collect$$rtentry$$00000000  c_p.l(__rtentry.o)
    0x00000128   0x00000128   0x00000000   Code   RO         1047    .ARM.Collect$$rtentry$$00000002  c_p.l(__rtentry2.o)
    0x00000128   0x00000128   0x00000006   Code   RO         1059    .ARM.Collect$$rtentry$$00000004  c_p.l(__rtentry4.o)
    0x0000012e   0x0000012e   0x00000008   Code   RO         1048    .ARM.Collect$$rtentry$$00000008  c_p.l(__rtentry2.o)
    0x00000136   0x00000136   0x00000004   Code   RO         1050    .ARM.Collect$$rtentry$$0000000A  c_p.l(__rtentry2.o)
    0x0000013a   0x0000013a   0x00000000   Code   RO         1052    .ARM.Collect$$rtentry$$0000000C  c_p.l(__rtentry2.o)
    0x0000013a   0x0000013a   0x00000008   Code   RO         1053    .ARM.Collect$$rtentry$$0000000D  c_p.l(__rtentry2.o)
    0x00000142   0x00000142   0x00000002   Code   RO         1080    .ARM.Collect$$rtexit$$00000000  c_p.l(rtexit.o)
    0x00000144   0x00000144   0x00000000   Code   RO         1136    .ARM.Collect$$rtexit$$00000002  c_p.l(rtexit2.o)
    0x00000144   0x00000144   0x00000004   Code   RO         1137    .ARM.Collect$$rtexit$$00000003  c_p.l(rtexit2.o)
    0x00000148   0x00000148   0x00000006   Code   RO         1138    .ARM.Collect$$rtexit$$00000004  c_p.l(rtexit2.o)
    0x0000014e   0x0000014e   0x00000002   PAD
    0x00000150   0x00000150   0x00000038   Code   RO         1011    .emb_text           c_p.l(rt_memcpy.o)
    0x00000188   0x00000188   0x00000040   Code   RO          427  * .text               startup_mkl25z4.o
    0x000001c8   0x000001c8   0x000000a4   Code   RO          853    .text               RTX_CM0.lib(irq_cm0.o)
    0x0000026c   0x0000026c   0x00000082   Code   RO         1012    .text               c_p.l(rt_memcpy.o)
    0x000002ee   0x000002ee   0x00000040   Code   RO         1015    .text               c_p.l(rt_memclr.o)
    0x0000032e   0x0000032e   0x00000006   Code   RO         1021    .text               c_p.l(heapauxi.o)
    0x00000334   0x00000334   0x0000006c   Code   RO         1025    .text               fz_ps.l(dfixi.o)
    0x000003a0   0x000003a0   0x00000058   Code   RO         1027    .text               fz_ps.l(dflti.o)
    0x000003f8   0x000003f8   0x00000008   Code   RO         1076    .text               c_p.l(libspace.o)
    0x00000400   0x00000400   0x00000010   Code   RO          426    .ARM.__at_0x400     startup_mkl25z4.o
    0x00000410   0x00000410   0x0000015a   Code   RO         1017    .text               c_p.l(aeabi_sdiv.o)
    0x0000056a   0x0000056a   0x00000002   PAD
    0x0000056c   0x0000056c   0x00000248   Code   RO         1029    .text               fz_ps.l(dmul.o)
    0x000007b4   0x000007b4   0x00000160   Code   RO         1031    .text               fz_ps.l(fdiv.o)
    0x00000914   0x00000914   0x0000004c   Code   RO         1034    .text               fz_ps.l(ffixi.o)
    0x00000960   0x00000960   0x0000005e   Code   RO         1036    .text               fz_ps.l(fflti.o)
    0x000009be   0x000009be   0x0000003e   Code   RO         1063    .text               c_p.l(sys_stackheap_outer.o)
    0x000009fc   0x000009fc   0x00000010   Code   RO         1066    .text               c_p.l(exit.o)
    0x00000a0c   0x00000a0c   0x0000000c   Code   RO         1133    .text               c_p.l(sys_exit.o)
    0x00000a18   0x00000a18   0x00000002   Code   RO         1152    .text               c_p.l(use_no_semi.o)
    0x00000a1a   0x00000a1a   0x00000000   Code   RO         1154    .text               c_p.l(indicate_semi.o)
    0x00000a1a   0x00000a1a   0x0000003a   Code   RO         1206    .text               c_p.l(__dczerorl.o)
    0x00000a54   0x00000a54   0x0000004e   Code   RO          703    .text.EventFlagsCheck  RTX_CM0.lib(rtx_evflags.o)
    0x00000aa2   0x00000aa2   0x0000004c   Code   RO          836    .text.MessageQueueGet  RTX_CM0.lib(rtx_msgqueue.o)
    0x00000aee   0x00000aee   0x00000062   Code   RO          830    .text.MessageQueuePut  RTX_CM0.lib(rtx_msgqueue.o)
    0x00000b50   0x00000b50   0x0000001e   Code   RO          828    .text.MessageQueueRemove  RTX_CM0.lib(rtx_msgqueue.o)
    0x00000b6e   0x00000b6e   0x00000002   PAD
    0x00000b70   0x00000b70   0x0000000c   Code   RO          988    .text.OS_Tick_AcknowledgeIRQ  RTX_CM0.lib(os_systick.o)
    0x00000b7c   0x00000b7c   0x0000002c   Code   RO          984    .text.OS_Tick_Enable  RTX_CM0.lib(os_systick.o)
    0x00000ba8   0x00000ba8   0x00000006   Code   RO          990    .text.OS_Tick_GetIRQn  RTX_CM0.lib(os_systick.o)
    0x00000bae   0x00000bae   0x00000002   PAD
    0x00000bb0   0x00000bb0   0x0000004c   Code   RO          982    .text.OS_Tick_Setup  RTX_CM0.lib(os_systick.o)
    0x00000bfc   0x00000bfc   0x00000024   Code   RO          775    .text.SemaphoreTokenDecrement  RTX_CM0.lib(rtx_semaphore.o)
    0x00000c20   0x00000c20   0x00000026   Code   RO          781    .text.SemaphoreTokenIncrement  RTX_CM0.lib(rtx_semaphore.o)
    0x00000c46   0x00000c46   0x0000004e   Code   RO          611    .text.ThreadFlagsCheck  RTX_CM0.lib(rtx_thread.o)
    0x00000c94   0x00000c94   0x0000004c   Code   RO          874    .text.TimerInsert   RTX_CM0.lib(rtx_timer.o)
    0x00000ce0   0x00000ce0   0x00000028   Code   RO          664    .text.osDelay       RTX_CM0.lib(rtx_delay.o)
    0x00000d08   0x00000d08   0x00000024   Code   RO          687    .text.osEventFlagsClear  RTX_CM0.lib(rtx_evflags.o)
    0x00000d2c   0x00000d2c   0x00000024   Code   RO          681    .text.osEventFlagsNew  RTX_CM0.lib(rtx_evflags.o)
    0x00000d50   0x00000d50   0x00000050   Code   RO          685    .text.osEventFlagsSet  RTX_CM0.lib(rtx_evflags.o)
    0x00000da0   0x00000da0   0x00000044   Code   RO          695    .text.osEventFlagsWait  RTX_CM0.lib(rtx_evflags.o)
    0x00000de4   0x00000de4   0x00000030   Code   RO          474    .text.osKernelGetState  RTX_CM0.lib(rtx_kernel.o)
    0x00000e14   0x00000e14   0x00000028   Code   RO          468    .text.osKernelInitialize  RTX_CM0.lib(rtx_kernel.o)
    0x00000e3c   0x00000e3c   0x00000024   Code   RO          478    .text.osKernelStart  RTX_CM0.lib(rtx_kernel.o)
    0x00000e60   0x00000e60   0x00000074   Code   RO          802    .text.osMessageQueueGet  RTX_CM0.lib(rtx_msgqueue.o)
    0x00000ed4   0x00000ed4   0x00000024   Code   RO          796    .text.osMessageQueueNew  RTX_CM0.lib(rtx_msgqueue.o)
    0x00000ef8   0x00000ef8   0x00000078   Code   RO          800    .text.osMessageQueuePut  RTX_CM0.lib(rtx_msgqueue.o)
    0x00000f70   0x00000f70   0x00000028   Code   RO          728    .text.osMutexAcquire  RTX_CM0.lib(rtx_mutex.o)
    0x00000f98   0x00000f98   0x00000028   Code   RO          734    .text.osMutexDelete  RTX_CM0.lib(rtx_mutex.o)
    0x00000fc0   0x00000fc0   0x00000024   Code   RO          724    .text.osMutexNew    RTX_CM0.lib(rtx_mutex.o)
    0x00000fe4   0x00000fe4   0x00000028   Code   RO          730    .text.osMutexRelease  RTX_CM0.lib(rtx_mutex.o)
    0x0000100c   0x0000100c   0x00000034   Code   RO          701    .text.osRtxEventFlagsPostProcess  RTX_CM0.lib(rtx_evflags.o)
    0x00001040   0x00001040   0x00000002   Code   RO          466    .text.osRtxKernelPreInit  RTX_CM0.lib(rtx_kernel.o)
    0x00001042   0x00001042   0x0000007c   Code   RO          901    .text.osRtxMemoryAlloc  RTX_CM0.lib(rtx_memory.o)
    0x000010be   0x000010be   0x0000004e   Code   RO          903    .text.osRtxMemoryFree  RTX_CM0.lib(rtx_memory.o)
    0x0000110c   0x0000110c   0x00000032   Code   RO          899    .text.osRtxMemoryInit  RTX_CM0.lib(rtx_memory.o)
    0x0000113e   0x0000113e   0x0000002e   Code   RO          916    .text.osRtxMemoryPoolAlloc  RTX_CM0.lib(rtx_mempool.o)
    0x0000116c   0x0000116c   0x0000003a   Code   RO          918    .text.osRtxMemoryPoolFree  RTX_CM0.lib(rtx_mempool.o)
    0x000011a6   0x000011a6   0x0000003e   Code   RO          914    .text.osRtxMemoryPoolInit  RTX_CM0.lib(rtx_mempool.o)
    0x000011e4   0x000011e4   0x000000bc   Code   RO          826    .text.osRtxMessageQueuePostProcess  RTX_CM0.lib(rtx_msgqueue.o)
    0x000012a0   0x000012a0   0x00000044   Code   RO          722    .text.osRtxMutexOwnerRelease  RTX_CM0.lib(rtx_mutex.o)
    0x000012e4   0x000012e4   0x00000080   Code   RO          969    .text.osRtxPendSV_Handler  RTX_CM0.lib(rtx_system.o)
    0x00001364   0x00001364   0x0000006c   Code   RO          971    .text.osRtxPostProcess  RTX_CM0.lib(rtx_system.o)
    0x000013d0   0x000013d0   0x00000024   Code   RO          773    .text.osRtxSemaphorePostProcess  RTX_CM0.lib(rtx_semaphore.o)
    0x000013f4   0x000013f4   0x00000038   Code   RO          551    .text.osRtxThreadBlock  RTX_CM0.lib(rtx_thread.o)
    0x0000142c   0x0000142c   0x00000080   Code   RO          559    .text.osRtxThreadDelayInsert  RTX_CM0.lib(rtx_thread.o)
    0x000014ac   0x000014ac   0x00000044   Code   RO          555    .text.osRtxThreadDelayRemove  RTX_CM0.lib(rtx_thread.o)
    0x000014f0   0x000014f0   0x00000038   Code   RO          541    .text.osRtxThreadDelayTick  RTX_CM0.lib(rtx_thread.o)
    0x00001528   0x00001528   0x00000050   Code   RO          549    .text.osRtxThreadDispatch  RTX_CM0.lib(rtx_thread.o)
    0x00001578   0x00001578   0x00000054   Code   RO          635    .text.osRtxThreadFree  RTX_CM0.lib(rtx_thread.o)
    0x000015cc   0x000015cc   0x00000014   Code   RO          533    .text.osRtxThreadListGet  RTX_CM0.lib(rtx_thread.o)
    0x000015e0   0x000015e0   0x0000002c   Code   RO          531    .text.osRtxThreadListPut  RTX_CM0.lib(rtx_thread.o)
    0x0000160c   0x0000160c   0x00000018   Code   RO          537    .text.osRtxThreadListRemove  RTX_CM0.lib(rtx_thread.o)
    0x00001624   0x00001624   0x00000026   Code   RO          535    .text.osRtxThreadListSort  RTX_CM0.lib(rtx_thread.o)
    0x0000164a   0x0000164a   0x00000026   Code   RO          609    .text.osRtxThreadPostProcess  RTX_CM0.lib(rtx_thread.o)
    0x00001670   0x00001670   0x00000018   Code   RO          539    .text.osRtxThreadReadyPut  RTX_CM0.lib(rtx_thread.o)
    0x00001688   0x00001688   0x00000006   Code   RO          543    .text.osRtxThreadRegPtr  RTX_CM0.lib(rtx_thread.o)
    0x0000168e   0x0000168e   0x00000002   PAD
    0x00001690   0x00001690   0x0000002c   Code   RO          547    .text.osRtxThreadStackCheck  RTX_CM0.lib(rtx_thread.o)
    0x000016bc   0x000016bc   0x00000040   Code   RO          561    .text.osRtxThreadStartup  RTX_CM0.lib(rtx_thread.o)
    0x000016fc   0x000016fc   0x00000014   Code   RO          545    .text.osRtxThreadSwitch  RTX_CM0.lib(rtx_thread.o)
    0x00001710   0x00001710   0x0000003c   Code   RO          557    .text.osRtxThreadWaitEnter  RTX_CM0.lib(rtx_thread.o)
    0x0000174c   0x0000174c   0x00000022   Code   RO          553    .text.osRtxThreadWaitExit  RTX_CM0.lib(rtx_thread.o)
    0x0000176e   0x0000176e   0x00000002   PAD
    0x00001770   0x00001770   0x00000074   Code   RO          967    .text.osRtxTick_Handler  RTX_CM0.lib(rtx_system.o)
    0x000017e4   0x000017e4   0x0000003c   Code   RO          858    .text.osRtxTimerThread  RTX_CM0.lib(rtx_timer.o)
    0x00001820   0x00001820   0x00000060   Code   RO          860    .text.osRtxTimerTick  RTX_CM0.lib(rtx_timer.o)
    0x00001880   0x00001880   0x00000044   Code   RO          761    .text.osSemaphoreAcquire  RTX_CM0.lib(rtx_semaphore.o)
    0x000018c4   0x000018c4   0x00000024   Code   RO          757    .text.osSemaphoreNew  RTX_CM0.lib(rtx_semaphore.o)
    0x000018e8   0x000018e8   0x0000004c   Code   RO          763    .text.osSemaphoreRelease  RTX_CM0.lib(rtx_semaphore.o)
    0x00001934   0x00001934   0x0000000c   Code   RO          593    .text.osThreadExit  RTX_CM0.lib(rtx_thread.o)
    0x00001940   0x00001940   0x00000024   Code   RO          565    .text.osThreadNew   RTX_CM0.lib(rtx_thread.o)
    0x00001964   0x00001964   0x00000012   Code   RO          668    .text.svcRtxDelay   RTX_CM0.lib(rtx_delay.o)
    0x00001976   0x00001976   0x00000032   Code   RO          689    .text.svcRtxEventFlagsClear  RTX_CM0.lib(rtx_evflags.o)
    0x000019a8   0x000019a8   0x00000074   Code   RO          699    .text.svcRtxEventFlagsNew  RTX_CM0.lib(rtx_evflags.o)
    0x00001a1c   0x00001a1c   0x0000007c   Code   RO          707    .text.svcRtxEventFlagsSet  RTX_CM0.lib(rtx_evflags.o)
    0x00001a98   0x00001a98   0x00000064   Code   RO          709    .text.svcRtxEventFlagsWait  RTX_CM0.lib(rtx_evflags.o)
    0x00001afc   0x00001afc   0x0000000c   Code   RO          476    .text.svcRtxKernelGetState  RTX_CM0.lib(rtx_kernel.o)
    0x00001b08   0x00001b08   0x00000148   Code   RO          506    .text.svcRtxKernelInitialize  RTX_CM0.lib(rtx_kernel.o)
    0x00001c50   0x00001c50   0x00000084   Code   RO          508    .text.svcRtxKernelStart  RTX_CM0.lib(rtx_kernel.o)
    0x00001cd4   0x00001cd4   0x000000e8   Code   RO          838    .text.svcRtxMessageQueueGet  RTX_CM0.lib(rtx_msgqueue.o)
    0x00001dbc   0x00001dbc   0x000001e4   Code   RO          824    .text.svcRtxMessageQueueNew  RTX_CM0.lib(rtx_msgqueue.o)
    0x00001fa0   0x00001fa0   0x000000bc   Code   RO          834    .text.svcRtxMessageQueuePut  RTX_CM0.lib(rtx_msgqueue.o)
    0x0000205c   0x0000205c   0x00000098   Code   RO          740    .text.svcRtxMutexAcquire  RTX_CM0.lib(rtx_mutex.o)
    0x000020f4   0x000020f4   0x000000bc   Code   RO          746    .text.svcRtxMutexDelete  RTX_CM0.lib(rtx_mutex.o)
    0x000021b0   0x000021b0   0x00000070   Code   RO          736    .text.svcRtxMutexNew  RTX_CM0.lib(rtx_mutex.o)
    0x00002220   0x00002220   0x000000c0   Code   RO          742    .text.svcRtxMutexRelease  RTX_CM0.lib(rtx_mutex.o)
    0x000022e0   0x000022e0   0x0000004c   Code   RO          779    .text.svcRtxSemaphoreAcquire  RTX_CM0.lib(rtx_semaphore.o)
    0x0000232c   0x0000232c   0x00000088   Code   RO          771    .text.svcRtxSemaphoreNew  RTX_CM0.lib(rtx_semaphore.o)
    0x000023b4   0x000023b4   0x00000038   Code   RO          783    .text.svcRtxSemaphoreRelease  RTX_CM0.lib(rtx_semaphore.o)
    0x000023ec   0x000023ec   0x0000006c   Code   RO          639    .text.svcRtxThreadExit  RTX_CM0.lib(rtx_thread.o)
    0x00002458   0x00002458   0x000001ec   Code   RO          563    .text.svcRtxThreadNew  RTX_CM0.lib(rtx_thread.o)
    0x00002644   0x00002644   0x00000190   Code   RO          435    i.SystemCoreClockUpdate  system_mkl25z4.o
    0x000027d4   0x000027d4   0x0000000c   Code   RO          436    i.SystemInit        system_mkl25z4.o
    0x000027e0   0x000027e0   0x0000002c   Code   RO           87    i.UART2_IRQHandler  uart.o
    0x0000280c   0x0000280c   0x000000a8   Code   RO            3    i.UART2_thread      main.o
    0x000028b4   0x000028b4   0x0000001c   Code   RO          414    i.__ARM_common_switch8  rtx_config.o
    0x000028d0   0x000028d0   0x00000018   Code   RO           88    i.__NVIC_ClearPendingIRQ  uart.o
    0x000028e8   0x000028e8   0x00000078   Code   RO           89    i.__NVIC_SetPriority  uart.o
    0x00002960   0x00002960   0x00000018   Code   RO          317    i._mutex_acquire    rtx_lib.o
    0x00002978   0x00002978   0x0000000c   Code   RO          318    i._mutex_free       rtx_lib.o
    0x00002984   0x00002984   0x00000024   Code   RO          319    i._mutex_initialize  rtx_lib.o
    0x000029a8   0x000029a8   0x00000014   Code   RO          320    i._mutex_release    rtx_lib.o
    0x000029bc   0x000029bc   0x00000008   Code   RO          321    i._platform_post_stackheap_init  rtx_lib.o
    0x000029c4   0x000029c4   0x000000a0   Code   RO          214    i.cruelAngelThesis1Thread  buzzer.o
    0x00002a64   0x00002a64   0x000000c0   Code   RO          215    i.cruelAngelThesis2Thread  buzzer.o
    0x00002b24   0x00002b24   0x0000010c   Code   RO          216    i.cruelAngelThesis3Thread  buzzer.o
    0x00002c30   0x00002c30   0x0000009c   Code   RO          217    i.cruelAngelThesis4Thread  buzzer.o
    0x00002ccc   0x00002ccc   0x00000094   Code   RO          218    i.cruelAngelThesis5Thread  buzzer.o
    0x00002d60   0x00002d60   0x0000002c   Code   RO          201    i.freqToMod         freqtomod.o
    0x00002d8c   0x00002d8c   0x00000114   Code   RO          219    i.initBuzzer        buzzer.o
    0x00002ea0   0x00002ea0   0x00000110   Code   RO          268    i.initLED           ledcontrol.o
    0x00002fb0   0x00002fb0   0x00000148   Code   RO          129    i.initPWM           pwm.o
    0x000030f8   0x000030f8   0x000000dc   Code   RO           90    i.initUART2         uart.o
    0x000031d4   0x000031d4   0x00000074   Code   RO          269    i.led_green_connect_thread  ledcontrol.o
    0x00003248   0x00003248   0x00000078   Code   RO          270    i.led_green_running_thread  ledcontrol.o
    0x000032c0   0x000032c0   0x00000034   Code   RO          271    i.led_green_stop_thread  ledcontrol.o
    0x000032f4   0x000032f4   0x00000028   Code   RO          272    i.led_red_thread    ledcontrol.o
    0x0000331c   0x0000331c   0x000000b0   Code   RO            4    i.main              main.o
    0x000033cc   0x000033cc   0x0000009c   Code   RO            5    i.motor             main.o
    0x00003468   0x00003468   0x00000020   Code   RO          393    i.osRtxErrorNotify  rtx_config.o
    0x00003488   0x00003488   0x00000004   Code   RO          394    i.osRtxIdleThread   rtx_config.o
    0x0000348c   0x0000348c   0x00000024   Code   RO          322    i.os_kernel_is_active  rtx_lib.o
    0x000034b0   0x000034b0   0x00000024   Code   RO          130    i.pwm_backward      pwm.o
    0x000034d4   0x000034d4   0x00000028   Code   RO          131    i.pwm_backward_left  pwm.o
    0x000034fc   0x000034fc   0x00000028   Code   RO          132    i.pwm_backward_right  pwm.o
    0x00003524   0x00003524   0x00000024   Code   RO          133    i.pwm_forward       pwm.o
    0x00003548   0x00003548   0x00000028   Code   RO          134    i.pwm_forward_left  pwm.o
    0x00003570   0x00003570   0x00000028   Code   RO          135    i.pwm_forward_right  pwm.o
    0x00003598   0x00003598   0x00000030   Code   RO          136    i.pwm_left          pwm.o
    0x000035c8   0x000035c8   0x00000030   Code   RO          137    i.pwm_right         pwm.o
    0x000035f8   0x000035f8   0x00000024   Code   RO          138    i.pwm_stop          pwm.o
    0x0000361c   0x0000361c   0x000000b0   Code   RO         1038    x$fpl$fmul          fz_ps.l(fmul.o)
    0x000036cc   0x000036cc   0x00000000   Code   RO         1045    x$fpl$usenofp       fz_ps.l(usenofp.o)
    0x000036cc   0x000036cc   0x000002c8   Data   RO          220    .constdata          buzzer.o
    0x00003994   0x00003994   0x00000018   Data   RO          273    .constdata          ledcontrol.o
    0x000039ac   0x000039ac   0x00000064   Data   RO          329    .constdata          rtx_lib.o
    0x00003a10   0x00003a10   0x00000001   Data   RO          852    .constdata          RTX_CM0.lib(irq_cm0.o)
    0x00003a11   0x00003a11   0x00000040   Data   RO         1032    .constdata          fz_ps.l(fdiv.o)
    0x00003a51   0x00003a51   0x00000003   PAD
    0x00003a54   0x00003a54   0x000000a0   Data   RO          331    .rodata             rtx_lib.o
    0x00003af4   0x00003af4   0x0000000b   Data   RO          520    .rodata.str1.4      RTX_CM0.lib(rtx_kernel.o)
    0x00003aff   0x00003aff   0x00000001   PAD
    0x00003b00   0x00003b00   0x00000020   Data   RO         1204    Region$$Table       anon$$obj.o


    Execution Region ER_RW (Exec base: 0x1ffff000, Load base: 0x00003b20, Size: 0x00001434, Max: 0xffffffff, ABSOLUTE, COMPRESSED[0x0000003c])

    Exec Addr    Load Addr    Size         Type   Attr      Idx    E Section Name        Object

    0x1ffff000   COMPRESSED   0x00001040   Data   RW          323    .bss.os             rtx_lib.o
    0x20000040   COMPRESSED   0x00000034   Data   RW          325    .bss.os.msgqueue.cb  rtx_lib.o
    0x20000074   COMPRESSED   0x00000050   Data   RW          326    .bss.os.msgqueue.mem  rtx_lib.o
    0x200000c4   COMPRESSED   0x00000088   Data   RW          327    .bss.os.thread.cb   rtx_lib.o
    0x2000014c   COMPRESSED   0x00000004   PAD
    0x20000150   COMPRESSED   0x00000200   Data   RW          328    .bss.os.thread.stack  rtx_lib.o
    0x20000350   COMPRESSED   0x00000004   Data   RW           91    .data               uart.o
    0x20000354   COMPRESSED   0x00000020   Data   RW          221    .data               buzzer.o
    0x20000374   COMPRESSED   0x00000010   Data   RW          274    .data               ledcontrol.o
    0x20000384   COMPRESSED   0x00000005   Data   RW          330    .data               rtx_lib.o
    0x20000389   COMPRESSED   0x00000003   PAD
    0x2000038c   COMPRESSED   0x00000004   Data   RW          437    .data               system_mkl25z4.o
    0x20000390   COMPRESSED   0x000000a4   Data   RW          521    .data.os            RTX_CM0.lib(rtx_kernel.o)


    Execution Region ER_ZI (Exec base: 0x20000434, Load base: 0x00003b5c, Size: 0x00000164, Max: 0xffffffff, ABSOLUTE)

    Exec Addr    Load Addr    Size         Type   Attr      Idx    E Section Name        Object

    0x20000434        -       0x00000060   Zero   RW         1077    .bss                c_p.l(libspace.o)
    0x20000494        -       0x00000001   Zero   RW         1000    .bss.PendST         RTX_CM0.lib(os_systick.o)
    0x20000495   0x00003b5c   0x00000003   PAD
    0x20000498        -       0x00000000   Zero   RW          424    HEAP                startup_mkl25z4.o
    0x20000498        -       0x00000100   Zero   RW          423    STACK               startup_mkl25z4.o


==============================================================================

Image component sizes


      Code (inc. data)   RO Data    RW Data    ZI Data      Debug   Object Name

      1200        186        712         32          0       4131   buzzer.o
        44          4          0          0          0        500   freqtomod.o
       600         72         24         16          0       2979   ledcontrol.o
       500         76          0          0          0     221246   main.o
       692        140          0          0          0       3853   pwm.o
        64          8          0          0          0       1033   rtx_config.o
       136          6        260       4945          0      12670   rtx_lib.o
        80         44        192          0        256        876   startup_mkl25z4.o
       412         42          0          4          0       1503   system_mkl25z4.o
       408         46          0          4          0      10262   uart.o

    ----------------------------------------------------------------------
      4136        624       1220       5008        256     259053   Object Totals
         0          0         32          0          0          0   (incl. Generated)
         0          0          0          7          0          0   (incl. Padding)

    ----------------------------------------------------------------------

      Code (inc. data)   RO Data    RW Data    ZI Data      Debug   Library Member Name

       164          8          1          0          0        496   irq_cm0.o
       138         32          0          0          1       2766   os_systick.o
        58          4          0          0          0       2753   rtx_delay.o
       740         28          0          0          0      12348   rtx_evflags.o
       598         48         11        164          0      16105   rtx_kernel.o
       252          0          0          0          0       2564   rtx_memory.o
       166          0          0          0          0      14282   rtx_mempool.o
      1568         44          0          0          0      17889   rtx_msgqueue.o
       868         32          0          0          0       9201   rtx_mutex.o
       558         28          0          0          0      10054   rtx_semaphore.o
       352         26          0          0          0       4635   rtx_system.o
      1614         96          0          0          0      30867   rtx_thread.o
       232         20          0          0          0      10018   rtx_timer.o
        58          0          0          0          0          0   __dczerorl.o
         8          0          0          0          0         68   __main.o
         0          0          0          0          0          0   __rtentry.o
        20          0          0          0          0          0   __rtentry2.o
         6          0          0          0          0          0   __rtentry4.o
        60          8          0          0          0          0   __scatter.o
        28          0          0          0          0          0   __scatter_zi.o
       346          0          0          0          0         92   aeabi_sdiv.o
        16          0          0          0          0         68   exit.o
         6          0          0          0          0        136   heapauxi.o
         0          0          0          0          0          0   indicate_semi.o
         2          0          0          0          0          0   libinit.o
         2          0          0          0          0          0   libinit2.o
         2          0          0          0          0          0   libshutdown.o
         2          0          0          0          0          0   libshutdown2.o
         8          4          0          0         96         68   libspace.o
        64          0          0          0          0        108   rt_memclr.o
       186          0          0          0          0        144   rt_memcpy.o
         2          0          0          0          0          0   rtexit.o
        10          0          0          0          0          0   rtexit2.o
        12          4          0          0          0         60   sys_exit.o
        62          0          0          0          0         80   sys_stackheap_outer.o
         2          0          0          0          0         68   use_no_semi.o
       108         10          0          0          0         72   dfixi.o
        88          0          0          0          0         92   dflti.o
       584         26          0          0          0         84   dmul.o
       352         10         64          0          0         92   fdiv.o
        76          0          0          0          0         68   ffixi.o
        94          0          0          0          0         92   fflti.o
       176          4          0          0          0         80   fmul.o
         0          0          0          0          0          0   usenofp.o

    ----------------------------------------------------------------------
      9700        432         80        164        100     135450   Library Totals
        12          0          4          0          3          0   (incl. Padding)

    ----------------------------------------------------------------------

      Code (inc. data)   RO Data    RW Data    ZI Data      Debug   Library Name

      7308        366         12        164          1     133978   RTX_CM0.lib
       902         16          0          0         96        892   c_p.l
      1478         50         64          0          0        580   fz_ps.l

    ----------------------------------------------------------------------
      9700        432         80        164        100     135450   Library Totals

    ----------------------------------------------------------------------

==============================================================================


      Code (inc. data)   RO Data    RW Data    ZI Data      Debug   

     13836       1056       1300       5172        356     391963   Grand Totals
     13836       1056       1300         60        356     391963   ELF Image Totals (compressed)
     13836       1056       1300         60          0          0   ROM Totals

==============================================================================

    Total RO  Size (Code + RO Data)                15136 (  14.78kB)
    Total RW  Size (RW Data + ZI Data)              5528 (   5.40kB)
    Total ROM Size (Code + RO Data + RW Data)      15196 (  14.84kB)

==============================================================================

