Component: ARM Compiler 5.06 update 6 (build 750) Tool: armlink [4d35ed]

==============================================================================

Section Cross References

    main.o(i.UART2_thread) refers to rtx_semaphore.o(.text.osSemaphoreAcquire) for osSemaphoreAcquire
    main.o(i.UART2_thread) refers to rtx_semaphore.o(.text.osSemaphoreRelease) for osSemaphoreRelease
    main.o(i.UART2_thread) refers to uart.o(.data) for UARTsem
    main.o(i.UART2_thread) refers to pwm.o(.data) for PWMsem
    main.o(i.main) refers to system_mkl25z4.o(i.SystemCoreClockUpdate) for SystemCoreClockUpdate
    main.o(i.main) refers to pwm.o(i.initPWM) for initPWM
    main.o(i.main) refers to uart.o(i.initUART2) for initUART2
    main.o(i.main) refers to rtx_kernel.o(.text.osKernelInitialize) for osKernelInitialize
    main.o(i.main) refers to rtx_thread.o(.text.osThreadNew) for osThreadNew
    main.o(i.main) refers to rtx_kernel.o(.text.osKernelStart) for osKernelStart
    main.o(i.main) refers to buzzer.o(i.cruelAngelThesis1Thread) for cruelAngelThesis1Thread
    main.o(i.main) refers to buzzer.o(i.cruelAngelThesis2Thread) for cruelAngelThesis2Thread
    main.o(i.main) refers to buzzer.o(i.cruelAngelThesis3Thread) for cruelAngelThesis3Thread
    main.o(i.main) refers to buzzer.o(i.cruelAngelThesis4Thread) for cruelAngelThesis4Thread
    main.o(i.main) refers to buzzer.o(i.cruelAngelThesis5Thread) for cruelAngelThesis5Thread
    main.o(i.main) refers to main.o(i.UART2_thread) for UART2_thread
    main.o(i.main) refers to main.o(i.pwm_thread) for pwm_thread
    main.o(i.pwm_thread) refers to rtx_semaphore.o(.text.osSemaphoreAcquire) for osSemaphoreAcquire
    main.o(i.pwm_thread) refers to pwm.o(i.pwm_forward_left) for pwm_forward_left
    main.o(i.pwm_thread) refers to pwm.o(i.pwm_forward_right) for pwm_forward_right
    main.o(i.pwm_thread) refers to pwm.o(i.pwm_forward) for pwm_forward
    main.o(i.pwm_thread) refers to pwm.o(i.pwm_backward_left) for pwm_backward_left
    main.o(i.pwm_thread) refers to pwm.o(i.pwm_backward_right) for pwm_backward_right
    main.o(i.pwm_thread) refers to pwm.o(i.pwm_backward) for pwm_backward
    main.o(i.pwm_thread) refers to pwm.o(i.pwm_left) for pwm_left
    main.o(i.pwm_thread) refers to pwm.o(i.pwm_right) for pwm_right
    main.o(i.pwm_thread) refers to pwm.o(i.pwm_stop) for pwm_stop
    main.o(i.pwm_thread) refers to pwm.o(.data) for PWMsem
    main.o(i.pwm_thread) refers to uart.o(.data) for UARTdata
    uart.o(i.UART2_IRQHandler) refers to uart.o(i.__NVIC_ClearPendingIRQ) for __NVIC_ClearPendingIRQ
    uart.o(i.UART2_IRQHandler) refers to rtx_semaphore.o(.text.osSemaphoreRelease) for osSemaphoreRelease
    uart.o(i.UART2_IRQHandler) refers to uart.o(.data) for UARTdata
    uart.o(i.initUART2) refers to aeabi_sdiv.o(.text) for __aeabi_uidivmod
    uart.o(i.initUART2) refers to uart.o(i.__NVIC_SetPriority) for __NVIC_SetPriority
    uart.o(i.initUART2) refers to uart.o(i.__NVIC_ClearPendingIRQ) for __NVIC_ClearPendingIRQ
    uart.o(i.initUART2) refers to rtx_semaphore.o(.text.osSemaphoreNew) for osSemaphoreNew
    uart.o(i.initUART2) refers to uart.o(.data) for UARTsem
    pwm.o(i.initPWM) refers to rtx_semaphore.o(.text.osSemaphoreNew) for osSemaphoreNew
    buzzer.o(i.cruelAngelThesis1Thread) refers to rtx_semaphore.o(.text.osSemaphoreAcquire) for osSemaphoreAcquire
    buzzer.o(i.cruelAngelThesis1Thread) refers to rt_memcpy.o(.emb_text) for __aeabi_memcpy4
    buzzer.o(i.cruelAngelThesis1Thread) refers to freqtomod.o(i.freqToMod) for freqToMod
    buzzer.o(i.cruelAngelThesis1Thread) refers to dflti.o(.text) for __aeabi_ui2d
    buzzer.o(i.cruelAngelThesis1Thread) refers to dmul.o(.text) for __aeabi_dmul
    buzzer.o(i.cruelAngelThesis1Thread) refers to dfixi.o(.text) for __aeabi_d2iz
    buzzer.o(i.cruelAngelThesis1Thread) refers to rtx_delay.o(.text.osDelay) for osDelay
    buzzer.o(i.cruelAngelThesis1Thread) refers to rtx_semaphore.o(.text.osSemaphoreRelease) for osSemaphoreRelease
    buzzer.o(i.cruelAngelThesis1Thread) refers to buzzer.o(.data) for mySem
    buzzer.o(i.cruelAngelThesis1Thread) refers to buzzer.o(.constdata) for .constdata
    buzzer.o(i.cruelAngelThesis2Thread) refers to rtx_semaphore.o(.text.osSemaphoreAcquire) for osSemaphoreAcquire
    buzzer.o(i.cruelAngelThesis2Thread) refers to rt_memcpy.o(.emb_text) for __aeabi_memcpy4
    buzzer.o(i.cruelAngelThesis2Thread) refers to freqtomod.o(i.freqToMod) for freqToMod
    buzzer.o(i.cruelAngelThesis2Thread) refers to dflti.o(.text) for __aeabi_ui2d
    buzzer.o(i.cruelAngelThesis2Thread) refers to dmul.o(.text) for __aeabi_dmul
    buzzer.o(i.cruelAngelThesis2Thread) refers to dfixi.o(.text) for __aeabi_d2iz
    buzzer.o(i.cruelAngelThesis2Thread) refers to rtx_delay.o(.text.osDelay) for osDelay
    buzzer.o(i.cruelAngelThesis2Thread) refers to rtx_semaphore.o(.text.osSemaphoreRelease) for osSemaphoreRelease
    buzzer.o(i.cruelAngelThesis2Thread) refers to buzzer.o(.data) for mySem2
[...]
    .ARM.Collect$$libinit$$00000017          0x00000122   Section        0  libinit2.o(.ARM.Collect$$libinit$$00000017)
    .ARM.Collect$$libinit$$00000019          0x00000122   Section        0  libinit2.o(.ARM.Collect$$libinit$$00000019)
    .ARM.Collect$$libinit$$0000001B          0x00000122   Section        0  libinit2.o(.ARM.Collect$$libinit$$0000001B)
    .ARM.Collect$$libinit$$0000001D          0x00000122   Section        0  libinit2.o(.ARM.Collect$$libinit$$0000001D)
    .ARM.Collect$$libinit$$0000001F          0x00000122   Section        0  libinit2.o(.ARM.Collect$$libinit$$0000001F)
    .ARM.Collect$$libinit$$00000021          0x00000122   Section        0  libinit2.o(.ARM.Collect$$libinit$$00000021)
    .ARM.Collect$$libinit$$00000023          0x00000122   Section        0  libinit2.o(.ARM.Collect$$libinit$$00000023)
    .ARM.Collect$$libinit$$00000025          0x00000122   Section        0  libinit2.o(.ARM.Collect$$libinit$$00000025)
    .ARM.Collect$$libinit$$0000002C          0x00000122   Section        0  libinit2.o(.ARM.Collect$$libinit$$0000002C)
    .ARM.Collect$$libinit$$0000002E          0x00000122   Section        0  libinit2.o(.ARM.Collect$$libinit$$0000002E)
    .ARM.Collect$$libinit$$00000030          0x00000122   Section        0  libinit2.o(.ARM.Collect$$libinit$$00000030)
    .ARM.Collect$$libinit$$00000032          0x00000122   Section        0  libinit2.o(.ARM.Collect$$libinit$$00000032)
    .ARM.Collect$$libinit$$00000033          0x00000122   Section        2  libinit2.o(.ARM.Collect$$libinit$$00000033)
    .ARM.Collect$$libshutdown$$00000000      0x00000124   Section        2  libshutdown.o(.ARM.Collect$$libshutdown$$00000000)
    .ARM.Collect$$libshutdown$$00000002      0x00000126   Section        0  libshutdown2.o(.ARM.Collect$$libshutdown$$00000002)
    .ARM.Collect$$libshutdown$$00000004      0x00000126   Section        0  libshutdown2.o(.ARM.Collect$$libshutdown$$00000004)
    .ARM.Collect$$libshutdown$$00000007      0x00000126   Section        0  libshutdown2.o(.ARM.Collect$$libshutdown$$00000007)
    .ARM.Collect$$libshutdown$$0000000A      0x00000126   Section        0  libshutdown2.o(.ARM.Collect$$libshutdown$$0000000A)
    .ARM.Collect$$libshutdown$$0000000C      0x00000126   Section        0  libshutdown2.o(.ARM.Collect$$libshutdown$$0000000C)
    .ARM.Collect$$libshutdown$$0000000F      0x00000126   Section        0  libshutdown2.o(.ARM.Collect$$libshutdown$$0000000F)
    .ARM.Collect$$libshutdown$$00000010      0x00000126   Section        2  libshutdown2.o(.ARM.Collect$$libshutdown$$00000010)
    .ARM.Collect$$rtentry$$00000000          0x00000128   Section        0  __rtentry.o(.ARM.Collect$$rtentry$$00000000)
    .ARM.Collect$$rtentry$$00000002          0x00000128   Section        0  __rtentry2.o(.ARM.Collect$$rtentry$$00000002)
    .ARM.Collect$$rtentry$$00000004          0x00000128   Section        6  __rtentry4.o(.ARM.Collect$$rtentry$$00000004)
    .ARM.Collect$$rtentry$$00000008          0x0000012e   Section        8  __rtentry2.o(.ARM.Collect$$rtentry$$00000008)
    .ARM.Collect$$rtentry$$0000000A          0x00000136   Section        4  __rtentry2.o(.ARM.Collect$$rtentry$$0000000A)
    .ARM.Collect$$rtentry$$0000000C          0x0000013a   Section        0  __rtentry2.o(.ARM.Collect$$rtentry$$0000000C)
    .ARM.Collect$$rtentry$$0000000D          0x0000013a   Section        8  __rtentry2.o(.ARM.Collect$$rtentry$$0000000D)
    .ARM.Collect$$rtexit$$00000000           0x00000142   Section        2  rtexit.o(.ARM.Collect$$rtexit$$00000000)
    .ARM.Collect$$rtexit$$00000002           0x00000144   Section        0  rtexit2.o(.ARM.Collect$$rtexit$$00000002)
    .ARM.Collect$$rtexit$$00000003           0x00000144   Section        4  rtexit2.o(.ARM.Collect$$rtexit$$00000003)
    .ARM.Collect$$rtexit$$00000004           0x00000148   Section        6  rtexit2.o(.ARM.Collect$$rtexit$$00000004)
    .emb_text                                0x00000150   Section       56  rt_memcpy.o(.emb_text)
    .text                                    0x00000188   Section       64  startup_mkl25z4.o(.text)
    .text                                    0x000001c8   Section      164  irq_cm0.o(.text)
    .text                                    0x0000026c   Section        0  rt_memcpy.o(.text)
    .text                                    0x000002ee   Section        0  rt_memclr.o(.text)
    .text                                    0x0000032e   Section        0  heapauxi.o(.text)
    .text                                    0x00000334   Section        0  dfixi.o(.text)
    .text                                    0x000003a0   Section        0  dflti.o(.text)
    .text                                    0x000003f8   Section        8  libspace.o(.text)
    .ARM.__at_0x400                          0x00000400   Section       16  startup_mkl25z4.o(.ARM.__at_0x400)
    .text                                    0x00000410   Section      346  aeabi_sdiv.o(.text)
    .text                                    0x0000056c   Section        0  dmul.o(.text)
    .text                                    0x000007b4   Section        0  fdiv.o(.text)
    .text                                    0x00000914   Section        0  ffixi.o(.text)
    .text                                    0x00000960   Section        0  fflti.o(.text)
    .text                                    0x000009be   Section       62  sys_stackheap_outer.o(.text)
    .text                                    0x000009fc   Section        0  exit.o(.text)
    .text                                    0x00000a0c   Section        0  sys_exit.o(.text)
    .text                                    0x00000a18   Section        2  use_no_semi.o(.text)
    .text                                    0x00000a1a   Section        0  indicate_semi.o(.text)
    .text                                    0x00000a1a   Section        0  __dczerorl.o(.text)
    [Anonymous Symbol]                       0x00000a54   Section        0  rtx_msgqueue.o(.text.MessageQueueGet)
    MessageQueueGet                          0x00000a55   Thumb Code    76  rtx_msgqueue.o(.text.MessageQueueGet)
    [Anonymous Symbol]                       0x00000aa0   Section        0  rtx_msgqueue.o(.text.MessageQueuePut)
    MessageQueuePut                          0x00000aa1   Thumb Code    98  rtx_msgqueue.o(.text.MessageQueuePut)
    [Anonymous Symbol]                       0x00000b02   Section        0  rtx_msgqueue.o(.text.MessageQueueRemove)
    MessageQueueRemove                       0x00000b03   Thumb Code    30  rtx_msgqueue.o(.text.MessageQueueRemove)
    [Anonymous Symbol]                       0x00000b20   Section        0  os_systick.o(.text.OS_Tick_AcknowledgeIRQ)
    __arm_cp.3_0                             0x00000b28   Number         4  os_systick.o(.text.OS_Tick_AcknowledgeIRQ)
    [Anonymous Symbol]                       0x00000b2c   Section        0  os_systick.o(.text.OS_Tick_Enable)
    __arm_cp.1_0                             0x00000b4c   Number         4  os_systick.o(.text.OS_Tick_Enable)
    __arm_cp.1_1                             0x00000b50   Number         4  os_systick.o(.text.OS_Tick_Enable)
    __arm_cp.1_2                             0x00000b54   Number         4  os_systick.o(.text.OS_Tick_Enable)
    [Anonymous Symbol]                       0x00000b58   Section        0  os_systick.o(.text.OS_Tick_GetIRQn)
    [Anonymous Symbol]                       0x00000b60   Section        0  os_systick.o(.text.OS_Tick_Setup)
    __arm_cp.0_0                             0x00000b9c   Number         4  os_systick.o(.text.OS_Tick_Setup)
    __arm_cp.0_1                             0x00000ba0   Number         4  os_systick.o(.text.OS_Tick_Setup)
    __arm_cp.0_2                             0x00000ba4   Number         4  os_systick.o(.text.OS_Tick_Setup)
    __arm_cp.0_3                             0x00000ba8   Number         4  os_systick.o(.text.OS_Tick_Setup)
    [Anonymous Symbol]                       0x00000bac   Section        0  rtx_semaphore.o(.text.SemaphoreTokenDecrement)
    SemaphoreTokenDecrement                  0x00000bad   Thumb Code    36  rtx_semaphore.o(.text.SemaphoreTokenDecrement)
    [Anonymous Symbol]                       0x00000bd0   Section        0  rtx_semaphore.o(.text.SemaphoreTokenIncrement)
    SemaphoreTokenIncrement                  0x00000bd1   Thumb Code    38  rtx_semaphore.o(.text.SemaphoreTokenIncrement)
    [Anonymous Symbol]                       0x00000bf6   Section        0  rtx_thread.o(.text.ThreadFlagsCheck)
    ThreadFlagsCheck                         0x00000bf7   Thumb Code    78  rtx_thread.o(.text.ThreadFlagsCheck)
    [Anonymous Symbol]                       0x00000c44   Section        0  rtx_timer.o(.text.TimerInsert)
    TimerInsert                              0x00000c45   Thumb Code    76  rtx_timer.o(.text.TimerInsert)
    __arm_cp.8_0                             0x00000c8c   Number         4  rtx_timer.o(.text.TimerInsert)
    [Anonymous Symbol]                       0x00000c90   Section        0  rtx_delay.o(.text.osDelay)
    __arm_cp.0_0                             0x00000cb4   Number         4  rtx_delay.o(.text.osDelay)
    [Anonymous Symbol]                       0x00000cb8   Section        0  rtx_kernel.o(.text.osKernelGetState)
    __arm_cp.4_0                             0x00000ce0   Number         4  rtx_kernel.o(.text.osKernelGetState)
    __arm_cp.4_1                             0x00000ce4   Number         4  rtx_kernel.o(.text.osKernelGetState)
    [Anonymous Symbol]                       0x00000ce8   Section        0  rtx_kernel.o(.text.osKernelInitialize)
    __arm_cp.1_0                             0x00000d0c   Number         4  rtx_kernel.o(.text.osKernelInitialize)
    [Anonymous Symbol]                       0x00000d10   Section        0  rtx_kernel.o(.text.osKernelStart)
    __arm_cp.6_0                             0x00000d30   Number         4  rtx_kernel.o(.text.osKernelStart)
    [Anonymous Symbol]                       0x00000d34   Section        0  rtx_msgqueue.o(.text.osMessageQueueGet)
    __arm_cp.3_0                             0x00000da4   Number         4  rtx_msgqueue.o(.text.osMessageQueueGet)
    [Anonymous Symbol]                       0x00000da8   Section        0  rtx_msgqueue.o(.text.osMessageQueueNew)
    __arm_cp.0_0                             0x00000dc8   Number         4  rtx_msgqueue.o(.text.osMessageQueueNew)
    [Anonymous Symbol]                       0x00000dcc   Section        0  rtx_msgqueue.o(.text.osMessageQueuePut)
    __arm_cp.2_0                             0x00000e40   Number         4  rtx_msgqueue.o(.text.osMessageQueuePut)
    [Anonymous Symbol]                       0x00000e44   Section        0  rtx_mutex.o(.text.osMutexAcquire)
    __arm_cp.3_0                             0x00000e68   Number         4  rtx_mutex.o(.text.osMutexAcquire)
    [Anonymous Symbol]                       0x00000e6c   Section        0  rtx_mutex.o(.text.osMutexDelete)
    __arm_cp.6_0                             0x00000e90   Number         4  rtx_mutex.o(.text.osMutexDelete)
    [Anonymous Symbol]                       0x00000e94   Section        0  rtx_mutex.o(.text.osMutexNew)
    __arm_cp.1_0                             0x00000eb4   Number         4  rtx_mutex.o(.text.osMutexNew)
    [Anonymous Symbol]                       0x00000eb8   Section        0  rtx_mutex.o(.text.osMutexRelease)
    __arm_cp.4_0                             0x00000edc   Number         4  rtx_mutex.o(.text.osMutexRelease)
    [Anonymous Symbol]                       0x00000ee0   Section        0  rtx_kernel.o(.text.osRtxKernelPreInit)
    [Anonymous Symbol]                       0x00000ee2   Section        0  rtx_memory.o(.text.osRtxMemoryAlloc)
    [Anonymous Symbol]                       0x00000f5e   Section        0  rtx_memory.o(.text.osRtxMemoryFree)
    [Anonymous Symbol]                       0x00000fac   Section        0  rtx_memory.o(.text.osRtxMemoryInit)
    [Anonymous Symbol]                       0x00000fde   Section        0  rtx_mempool.o(.text.osRtxMemoryPoolAlloc)
    [Anonymous Symbol]                       0x0000100c   Section        0  rtx_mempool.o(.text.osRtxMemoryPoolFree)
    [Anonymous Symbol]                       0x00001046   Section        0  rtx_mempool.o(.text.osRtxMemoryPoolInit)
    [Anonymous Symbol]                       0x00001084   Section        0  rtx_msgqueue.o(.text.osRtxMessageQueuePostProcess)
    osRtxMessageQueuePostProcess             0x00001085   Thumb Code   188  rtx_msgqueue.o(.text.osRtxMessageQueuePostProcess)
    [Anonymous Symbol]                       0x00001140   Section        0  rtx_mutex.o(.text.osRtxMutexOwnerRelease)
    [Anonymous Symbol]                       0x00001184   Section        0  rtx_system.o(.text.osRtxPendSV_Handler)
    __arm_cp.1_0                             0x00001200   Number         4  rtx_system.o(.text.osRtxPendSV_Handler)
    [Anonymous Symbol]                       0x00001204   Section        0  rtx_system.o(.text.osRtxPostProcess)
    __arm_cp.2_0                             0x00001268   Number         4  rtx_system.o(.text.osRtxPostProcess)
    __arm_cp.2_1                             0x0000126c   Number         4  rtx_system.o(.text.osRtxPostProcess)
    [Anonymous Symbol]                       0x00001270   Section        0  rtx_semaphore.o(.text.osRtxSemaphorePostProcess)
    osRtxSemaphorePostProcess                0x00001271   Thumb Code    36  rtx_semaphore.o(.text.osRtxSemaphorePostProcess)
    [Anonymous Symbol]                       0x00001294   Section        0  rtx_thread.o(.text.osRtxThreadBlock)
    osRtxThreadBlock                         0x00001295   Thumb Code    56  rtx_thread.o(.text.osRtxThreadBlock)
    __arm_cp.10_0                            0x000012c8   Number         4  rtx_thread.o(.text.osRtxThreadBlock)
    [Anonymous Symbol]                       0x000012cc   Section        0  rtx_thread.o(.text.osRtxThreadDelayInsert)
    osRtxThreadDelayInsert                   0x000012cd   Thumb Code   128  rtx_thread.o(.text.osRtxThreadDelayInsert)
    __arm_cp.14_0                            0x00001348   Number         4  rtx_thread.o(.text.osRtxThreadDelayInsert)
    [Anonymous Symbol]                       0x0000134c   Section        0  rtx_thread.o(.text.osRtxThreadDelayRemove)
    osRtxThreadDelayRemove                   0x0000134d   Thumb Code    68  rtx_thread.o(.text.osRtxThreadDelayRemove)
    __arm_cp.12_0                            0x0000138c   Number         4  rtx_thread.o(.text.osRtxThreadDelayRemove)
    [Anonymous Symbol]                       0x00001390   Section        0  rtx_thread.o(.text.osRtxThreadDelayTick)
    __arm_cp.5_0                             0x000013c4   Number         4  rtx_thread.o(.text.osRtxThreadDelayTick)
    [Anonymous Symbol]                       0x000013c8   Section        0  rtx_thread.o(.text.osRtxThreadDispatch)
    __arm_cp.9_0                             0x00001414   Number         4  rtx_thread.o(.text.osRtxThreadDispatch)
    [Anonymous Symbol]                       0x00001418   Section        0  rtx_thread.o(.text.osRtxThreadFree)
    osRtxThreadFree                          0x00001419   Thumb Code    84  rtx_thread.o(.text.osRtxThreadFree)
    __arm_cp.52_0                            0x00001468   Number         4  rtx_thread.o(.text.osRtxThreadFree)
    [Anonymous Symbol]                       0x0000146c   Section        0  rtx_thread.o(.text.osRtxThreadListGet)
    [Anonymous Symbol]                       0x00001480   Section        0  rtx_thread.o(.text.osRtxThreadListPut)
    [Anonymous Symbol]                       0x000014ac   Section        0  rtx_thread.o(.text.osRtxThreadListRemove)
    [Anonymous Symbol]                       0x000014c4   Section        0  rtx_thread.o(.text.osRtxThreadListSort)
    [Anonymous Symbol]                       0x000014ea   Section        0  rtx_thread.o(.text.osRtxThreadPostProcess)
    osRtxThreadPostProcess                   0x000014eb   Thumb Code    38  rtx_thread.o(.text.osRtxThreadPostProcess)
    [Anonymous Symbol]                       0x00001510   Section        0  rtx_thread.o(.text.osRtxThreadReadyPut)
    __arm_cp.4_0                             0x00001524   Number         4  rtx_thread.o(.text.osRtxThreadReadyPut)
    [Anonymous Symbol]                       0x00001528   Section        0  rtx_thread.o(.text.osRtxThreadRegPtr)
    [Anonymous Symbol]                       0x00001530   Section        0  rtx_thread.o(.text.osRtxThreadStackCheck)
    __arm_cp.8_0                             0x00001554   Number         4  rtx_thread.o(.text.osRtxThreadStackCheck)
    __arm_cp.8_1                             0x00001558   Number         4  rtx_thread.o(.text.osRtxThreadStackCheck)
    [Anonymous Symbol]                       0x0000155c   Section        0  rtx_thread.o(.text.osRtxThreadStartup)
    __arm_cp.15_0                            0x0000158c   Number         4  rtx_thread.o(.text.osRtxThreadStartup)
    __arm_cp.15_1                            0x00001590   Number         4  rtx_thread.o(.text.osRtxThreadStartup)
    __arm_cp.15_2                            0x00001594   Number         4  rtx_thread.o(.text.osRtxThreadStartup)
    __arm_cp.15_3                            0x00001598   Number         4  rtx_thread.o(.text.osRtxThreadStartup)
    [Anonymous Symbol]                       0x0000159c   Section        0  rtx_thread.o(.text.osRtxThreadSwitch)
    __arm_cp.7_0                             0x000015ac   Number         4  rtx_thread.o(.text.osRtxThreadSwitch)
    [Anonymous Symbol]                       0x000015b0   Section        0  rtx_thread.o(.text.osRtxThreadWaitEnter)
    __arm_cp.13_0                            0x000015e8   Number         4  rtx_thread.o(.text.osRtxThreadWaitEnter)
    [Anonymous Symbol]                       0x000015ec   Section        0  rtx_thread.o(.text.osRtxThreadWaitExit)
    [Anonymous Symbol]                       0x00001610   Section        0  rtx_system.o(.text.osRtxTick_Handler)
    __arm_cp.0_0                             0x00001680   Number         4  rtx_system.o(.text.osRtxTick_Handler)
    [Anonymous Symbol]                       0x00001684   Section        0  rtx_timer.o(.text.osRtxTimerThread)
    __arm_cp.0_0                             0x000016b4   Number         4  rtx_timer.o(.text.osRtxTimerThread)
    __arm_cp.0_1                             0x000016b8   Number         4  rtx_timer.o(.text.osRtxTimerThread)
    __arm_cp.0_2                             0x000016bc   Number         4  rtx_timer.o(.text.osRtxTimerThread)
    [Anonymous Symbol]                       0x000016c0   Section        0  rtx_timer.o(.text.osRtxTimerTick)
    osRtxTimerTick                           0x000016c1   Thumb Code    96  rtx_timer.o(.text.osRtxTimerTick)
    __arm_cp.1_0                             0x0000171c   Number         4  rtx_timer.o(.text.osRtxTimerTick)
    [Anonymous Symbol]                       0x00001720   Section        0  rtx_semaphore.o(.text.osSemaphoreAcquire)
    __arm_cp.2_0                             0x00001760   Number         4  rtx_semaphore.o(.text.osSemaphoreAcquire)
    [Anonymous Symbol]                       0x00001764   Section        0  rtx_semaphore.o(.text.osSemaphoreNew)
    __arm_cp.0_0                             0x00001784   Number         4  rtx_semaphore.o(.text.osSemaphoreNew)
    [Anonymous Symbol]                       0x00001788   Section        0  rtx_semaphore.o(.text.osSemaphoreRelease)
    __arm_cp.3_0                             0x000017d0   Number         4  rtx_semaphore.o(.text.osSemaphoreRelease)
    [Anonymous Symbol]                       0x000017d4   Section        0  rtx_thread.o(.text.osThreadExit)
    __arm_cp.31_0                            0x000017dc   Number         4  rtx_thread.o(.text.osThreadExit)
    [Anonymous Symbol]                       0x000017e0   Section        0  rtx_thread.o(.text.osThreadNew)
    __arm_cp.17_0                            0x00001800   Number         4  rtx_thread.o(.text.osThreadNew)
    [Anonymous Symbol]                       0x00001804   Section        0  rtx_delay.o(.text.svcRtxDelay)
    svcRtxDelay                              0x00001805   Thumb Code    18  rtx_delay.o(.text.svcRtxDelay)
    [Anonymous Symbol]                       0x00001818   Section        0  rtx_kernel.o(.text.svcRtxKernelGetState)
    svcRtxKernelGetState                     0x00001819   Thumb Code    12  rtx_kernel.o(.text.svcRtxKernelGetState)
    __arm_cp.5_0                             0x00001820   Number         4  rtx_kernel.o(.text.svcRtxKernelGetState)
    [Anonymous Symbol]                       0x00001824   Section        0  rtx_kernel.o(.text.svcRtxKernelInitialize)
    svcRtxKernelInitialize                   0x00001825   Thumb Code   328  rtx_kernel.o(.text.svcRtxKernelInitialize)
    __arm_cp.20_0                            0x00001960   Number         4  rtx_kernel.o(.text.svcRtxKernelInitialize)
    __arm_cp.20_1                            0x00001964   Number         4  rtx_kernel.o(.text.svcRtxKernelInitialize)
    __arm_cp.20_2                            0x00001968   Number         4  rtx_kernel.o(.text.svcRtxKernelInitialize)
    [Anonymous Symbol]                       0x0000196c   Section        0  rtx_kernel.o(.text.svcRtxKernelStart)
    svcRtxKernelStart                        0x0000196d   Thumb Code   132  rtx_kernel.o(.text.svcRtxKernelStart)
    __arm_cp.21_0                            0x000019e0   Number         4  rtx_kernel.o(.text.svcRtxKernelStart)
    __arm_cp.21_1                            0x000019e4   Number         4  rtx_kernel.o(.text.svcRtxKernelStart)
    __arm_cp.21_2                            0x000019e8   Number         4  rtx_kernel.o(.text.svcRtxKernelStart)
    __arm_cp.21_3                            0x000019ec   Number         4  rtx_kernel.o(.text.svcRtxKernelStart)
    [Anonymous Symbol]                       0x000019f0   Section        0  rtx_msgqueue.o(.text.svcRtxMessageQueueGet)
    svcRtxMessageQueueGet                    0x000019f1   Thumb Code   232  rtx_msgqueue.o(.text.svcRtxMessageQueueGet)
    __arm_cp.21_0                            0x00001ad4   Number         4  rtx_msgqueue.o(.text.svcRtxMessageQueueGet)
    [Anonymous Symbol]                       0x00001ad8   Section        0  rtx_msgqueue.o(.text.svcRtxMessageQueueNew)
    svcRtxMessageQueueNew                    0x00001ad9   Thumb Code   484  rtx_msgqueue.o(.text.svcRtxMessageQueueNew)
    __arm_cp.14_0                            0x00001ca4   Number         4  rtx_msgqueue.o(.text.svcRtxMessageQueueNew)
    __arm_cp.14_1                            0x00001ca8   Number         4  rtx_msgqueue.o(.text.svcRtxMessageQueueNew)
    __arm_cp.14_2                            0x00001cac   Number         4  rtx_msgqueue.o(.text.svcRtxMessageQueueNew)
    __arm_cp.14_3                            0x00001cb0   Number         4  rtx_msgqueue.o(.text.svcRtxMessageQueueNew)
    __arm_cp.14_4                            0x00001cb4   Number         4  rtx_msgqueue.o(.text.svcRtxMessageQueueNew)
    __arm_cp.14_5                            0x00001cb8   Number         4  rtx_msgqueue.o(.text.svcRtxMessageQueueNew)
    [Anonymous Symbol]                       0x00001cbc   Section        0  rtx_msgqueue.o(.text.svcRtxMessageQueuePut)
    svcRtxMessageQueuePut                    0x00001cbd   Thumb Code   188  rtx_msgqueue.o(.text.svcRtxMessageQueuePut)
    __arm_cp.19_0                            0x00001d74   Number         4  rtx_msgqueue.o(.text.svcRtxMessageQueuePut)
    [Anonymous Symbol]                       0x00001d78   Section        0  rtx_mutex.o(.text.svcRtxMutexAcquire)
    svcRtxMutexAcquire                       0x00001d79   Thumb Code   152  rtx_mutex.o(.text.svcRtxMutexAcquire)
    __arm_cp.9_0                             0x00001e0c   Number         4  rtx_mutex.o(.text.svcRtxMutexAcquire)
    [Anonymous Symbol]                       0x00001e10   Section        0  rtx_mutex.o(.text.svcRtxMutexDelete)
    svcRtxMutexDelete                        0x00001e11   Thumb Code   188  rtx_mutex.o(.text.svcRtxMutexDelete)
    __arm_cp.12_0                            0x00001ec8   Number         4  rtx_mutex.o(.text.svcRtxMutexDelete)
    [Anonymous Symbol]                       0x00001ecc   Section        0  rtx_mutex.o(.text.svcRtxMutexNew)
    svcRtxMutexNew                           0x00001ecd   Thumb Code   112  rtx_mutex.o(.text.svcRtxMutexNew)
    __arm_cp.7_0                             0x00001f38   Number         4  rtx_mutex.o(.text.svcRtxMutexNew)
    [Anonymous Symbol]                       0x00001f3c   Section        0  rtx_mutex.o(.text.svcRtxMutexRelease)
    svcRtxMutexRelease                       0x00001f3d   Thumb Code   192  rtx_mutex.o(.text.svcRtxMutexRelease)
    __arm_cp.10_0                            0x00001ff8   Number         4  rtx_mutex.o(.text.svcRtxMutexRelease)
    [Anonymous Symbol]                       0x00001ffc   Section        0  rtx_semaphore.o(.text.svcRtxSemaphoreAcquire)
    svcRtxSemaphoreAcquire                   0x00001ffd   Thumb Code    76  rtx_semaphore.o(.text.svcRtxSemaphoreAcquire)
    __arm_cp.11_0                            0x00002044   Number         4  rtx_semaphore.o(.text.svcRtxSemaphoreAcquire)
    [Anonymous Symbol]                       0x00002048   Section        0  rtx_semaphore.o(.text.svcRtxSemaphoreNew)
    svcRtxSemaphoreNew                       0x00002049   Thumb Code   136  rtx_semaphore.o(.text.svcRtxSemaphoreNew)
    __arm_cp.7_0                             0x000020c4   Number         4  rtx_semaphore.o(.text.svcRtxSemaphoreNew)
    __arm_cp.7_1                             0x000020c8   Number         4  rtx_semaphore.o(.text.svcRtxSemaphoreNew)
    __arm_cp.7_2                             0x000020cc   Number         4  rtx_semaphore.o(.text.svcRtxSemaphoreNew)
    [Anonymous Symbol]                       0x000020d0   Section        0  rtx_semaphore.o(.text.svcRtxSemaphoreRelease)
    svcRtxSemaphoreRelease                   0x000020d1   Thumb Code    56  rtx_semaphore.o(.text.svcRtxSemaphoreRelease)
    [Anonymous Symbol]                       0x00002108   Section        0  rtx_thread.o(.text.svcRtxThreadExit)
    svcRtxThreadExit                         0x00002109   Thumb Code   108  rtx_thread.o(.text.svcRtxThreadExit)
    __arm_cp.54_0                            0x00002170   Number         4  rtx_thread.o(.text.svcRtxThreadExit)
    [Anonymous Symbol]                       0x00002174   Section        0  rtx_thread.o(.text.svcRtxThreadNew)
    svcRtxThreadNew                          0x00002175   Thumb Code   492  rtx_thread.o(.text.svcRtxThreadNew)
    __arm_cp.16_0                            0x00002348   Number         4  rtx_thread.o(.text.svcRtxThreadNew)
    __arm_cp.16_1                            0x0000234c   Number         4  rtx_thread.o(.text.svcRtxThreadNew)
    __arm_cp.16_2                            0x00002350   Number         4  rtx_thread.o(.text.svcRtxThreadNew)
    __arm_cp.16_3                            0x00002354   Number         4  rtx_thread.o(.text.svcRtxThreadNew)
    __arm_cp.16_4                            0x00002358   Number         4  rtx_thread.o(.text.svcRtxThreadNew)
    __arm_cp.16_5                            0x0000235c   Number         4  rtx_thread.o(.text.svcRtxThreadNew)
    i.SystemCoreClockUpdate                  0x00002360   Section        0  system_mkl25z4.o(i.SystemCoreClockUpdate)
    i.SystemInit                             0x000024f0   Section        0  system_mkl25z4.o(i.SystemInit)
    i.UART2_IRQHandler                       0x000024fc   Section        0  uart.o(i.UART2_IRQHandler)
    i.UART2_thread                           0x00002528   Section        0  main.o(i.UART2_thread)
    i.__ARM_common_switch8                   0x00002548   Section        0  rtx_config.o(i.__ARM_common_switch8)
    i.__NVIC_ClearPendingIRQ                 0x00002564   Section        0  uart.o(i.__NVIC_ClearPendingIRQ)
    __NVIC_ClearPendingIRQ                   0x00002565   Thumb Code    18  uart.o(i.__NVIC_ClearPendingIRQ)
    i.__NVIC_SetPriority                     0x0000257c   Section        0  uart.o(i.__NVIC_SetPriority)
    __NVIC_SetPriority                       0x0000257d   Thumb Code   110  uart.o(i.__NVIC_SetPriority)
    i._mutex_acquire                         0x000025f4   Section        0  rtx_lib.o(i._mutex_acquire)
    __tagsym$$used                           0x000025f5   Number         0  rtx_lib.o(i._mutex_acquire)
    i._mutex_free                            0x0000260c   Section        0  rtx_lib.o(i._mutex_free)
    __tagsym$$used                           0x0000260d   Number         0  rtx_lib.o(i._mutex_free)
    i._mutex_initialize                      0x00002618   Section        0  rtx_lib.o(i._mutex_initialize)
    __tagsym$$used                           0x00002619   Number         0  rtx_lib.o(i._mutex_initialize)
    i._mutex_release                         0x0000263c   Section        0  rtx_lib.o(i._mutex_release)
    __tagsym$$used                           0x0000263d   Number         0  rtx_lib.o(i._mutex_release)
    i._platform_post_stackheap_init          0x00002650   Section        0  rtx_lib.o(i._platform_post_stackheap_init)
    i.cruelAngelThesis1Thread                0x00002658   Section        0  buzzer.o(i.cruelAngelThesis1Thread)
    i.cruelAngelThesis2Thread                0x000026e0   Section        0  buzzer.o(i.cruelAngelThesis2Thread)
    i.cruelAngelThesis3Thread                0x00002768   Section        0  buzzer.o(i.cruelAngelThesis3Thread)
    i.cruelAngelThesis4Thread                0x00002854   Section        0  buzzer.o(i.cruelAngelThesis4Thread)
    i.cruelAngelThesis5Thread                0x000028dc   Section        0  buzzer.o(i.cruelAngelThesis5Thread)
    i.freqToMod                              0x00002964   Section        0  freqtomod.o(i.freqToMod)
    i.initPWM                                0x00002990   Section        0  pwm.o(i.initPWM)
    i.initUART2                              0x00002ae8   Section        0  uart.o(i.initUART2)
    i.main                                   0x00002bc4   Section        0  main.o(i.main)
    i.osRtxErrorNotify                       0x00002c44   Section        0  rtx_config.o(i.osRtxErrorNotify)
    i.osRtxIdleThread                        0x00002c64   Section        0  rtx_config.o(i.osRtxIdleThread)
    i.os_kernel_is_active                    0x00002c68   Section        0  rtx_lib.o(i.os_kernel_is_active)
    os_kernel_is_active                      0x00002c69   Thumb Code    30  rtx_lib.o(i.os_kernel_is_active)
    i.pwm_backward                           0x00002c8c   Section        0  pwm.o(i.pwm_backward)
    i.pwm_backward_left                      0x00002cb0   Section        0  pwm.o(i.pwm_backward_left)
    i.pwm_backward_right                     0x00002cd8   Section        0  pwm.o(i.pwm_backward_right)
    i.pwm_forward                            0x00002d00   Section        0  pwm.o(i.pwm_forward)
    i.pwm_forward_left                       0x00002d24   Section        0  pwm.o(i.pwm_forward_left)
    i.pwm_forward_right                      0x00002d4c   Section        0  pwm.o(i.pwm_forward_right)
    i.pwm_left                               0x00002d74   Section        0  pwm.o(i.pwm_left)
    i.pwm_right                              0x00002da4   Section        0  pwm.o(i.pwm_right)
    i.pwm_stop                               0x00002dd4   Section        0  pwm.o(i.pwm_stop)
    i.pwm_thread                             0x00002df8   Section        0  main.o(i.pwm_thread)
    x$fpl$fmul                               0x00002ea4   Section      176  fmul.o(x$fpl$fmul)
    .constdata                               0x00002f54   Section      704  buzzer.o(.constdata)
    x$fpl$usenofp                            0x00002f54   Section        0  usenofp.o(x$fpl$usenofp)
    .constdata                               0x00003214   Section      100  rtx_lib.o(.constdata)
    os_idle_thread_attr                      0x00003214   Data          36  rtx_lib.o(.constdata)
    os_timer_thread_attr                     0x00003238   Data          36  rtx_lib.o(.constdata)
    os_timer_mq_attr                         0x0000325c   Data          24  rtx_lib.o(.constdata)
    .constdata                               0x00003278   Section        1  irq_cm0.o(.constdata)
    .constdata                               0x00003279   Section       64  fdiv.o(.constdata)
    fdiv_tab                                 0x00003279   Data          64  fdiv.o(.constdata)
    .rodata                                  0x000032bc   Section      160  rtx_lib.o(.rodata)
    __tagsym$$used                           0x000032bc   Number         0  rtx_lib.o(.rodata)
    __tagsym$$used                           0x00003324   Number         0  rtx_lib.o(.rodata)
    [Anonymous Symbol]                       0x0000335c   Section        0  rtx_kernel.o(.rodata.str1.4)
    .L.str                                   0x0000335c   Data          11  rtx_kernel.o(.rodata.str1.4)
    .bss.os                                  0x1ffff000   Section     4160  rtx_lib.o(.bss.os)
    os_mem                                   0x1ffff000   Data        4096  rtx_lib.o(.bss.os)
    os_isr_queue                             0x20000000   Data          64  rtx_lib.o(.bss.os)
    .bss.os.msgqueue.cb                      0x20000040   Section       52  rtx_lib.o(.bss.os.msgqueue.cb)
    os_timer_mq_cb                           0x20000040   Data          52  rtx_lib.o(.bss.os.msgqueue.cb)
    .bss.os.msgqueue.mem                     0x20000074   Section       80  rtx_lib.o(.bss.os.msgqueue.mem)
    os_timer_mq_data                         0x20000074   Data          80  rtx_lib.o(.bss.os.msgqueue.mem)
    .bss.os.thread.cb                        0x200000c4   Section      136  rtx_lib.o(.bss.os.thread.cb)
    os_idle_thread_cb                        0x200000c4   Data          68  rtx_lib.o(.bss.os.thread.cb)
    os_timer_thread_cb                       0x20000108   Data          68  rtx_lib.o(.bss.os.thread.cb)
    .bss.os.thread.stack                     0x20000150   Section      512  rtx_lib.o(.bss.os.thread.stack)
    os_idle_thread_stack                     0x20000150   Data         256  rtx_lib.o(.bss.os.thread.stack)
    os_timer_thread_stack                    0x20000250   Data         256  rtx_lib.o(.bss.os.thread.stack)
    .data                                    0x20000350   Section        8  uart.o(.data)
    .data                                    0x20000358   Section        4  pwm.o(.data)
    .data                                    0x2000035c   Section       28  buzzer.o(.data)
    .data                                    0x20000378   Section        5  rtx_lib.o(.data)
    os_kernel_active                         0x2000037c   Data           1  rtx_lib.o(.data)
    .data                                    0x20000380   Section        4  system_mkl25z4.o(.data)
    .bss                                     0x20000428   Section       96  libspace.o(.bss)
    [Anonymous Symbol]                       0x20000488   Section        0  os_systick.o(.bss.PendST)
    PendST                                   0x20000488   Data           1  os_systick.o(.bss.PendST)
    HEAP                                     0x20000490   Section        0  startup_mkl25z4.o(HEAP)
    STACK                                    0x20000490   Section      256  startup_mkl25z4.o(STACK)
    Heap_Mem                                 0x20000490   Data           0  startup_mkl25z4.o(HEAP)
    Stack_Mem                                0x20000490   Data         256  startup_mkl25z4.o(STACK)
    __initial_sp                             0x20000590   Data           0  startup_mkl25z4.o(STACK)

    Global Symbols

    Symbol Name                              Value     Ov Type        Size  Object(Section)

    BuildAttributes$$THM_ISAv3M$S$PE$A:L22$X:L11$S22$IEEE1$IW$~IW$USESV6$~STKCKD$USESV7$~SHL$OSPACE$ROPI$EBA8$UX$STANDARDLIB$REQ8$PRES8$EABIv2 0x00000000   Number         0  anon$$obj.o ABSOLUTE
    __ARM_use_no_argv                        0x00000000   Number         0  main.o ABSOLUTE
    __Vectors                                0x00000000   Data           4  startup_mkl25z4.o(RESET)
    .bss.os.evflags.cb$$Base                  - Undefined Weak Reference
    .bss.os.evflags.cb$$Limit                 - Undefined Weak Reference
    .bss.os.mempool.cb$$Base                  - Undefined Weak Reference
    .bss.os.mempool.cb$$Limit                 - Undefined Weak Reference
    .bss.os.mutex.cb$$Base                    - Undefined Weak Reference
    .bss.os.mutex.cb$$Limit                   - Undefined Weak Reference
    .bss.os.semaphore.cb$$Base                - Undefined Weak Reference
    .bss.os.semaphore.cb$$Limit               - Undefined Weak Reference
    .bss.os.timer.cb$$Base                    - Undefined Weak Reference
    .bss.os.timer.cb$$Limit                   - Undefined Weak Reference
    __ARM_exceptions_init                     - Undefined Weak Reference
    __alloca_initialize                       - Undefined Weak Reference
    __arm_preinit_                            - Undefined Weak Reference
    __cpp_initialize__aeabi_                  - Undefined Weak Reference
    __cxa_finalize                            - Undefined Weak Reference
    __rt_locale                               - Undefined Weak Reference
    __sigvec_lookup                           - Undefined Weak Reference
    _atexit_init                              - Undefined Weak Reference
    _call_atexit_fns                          - Undefined Weak Reference
    _clock_init                               - Undefined Weak Reference
    _fp_trap_init                             - Undefined Weak Reference
    _fp_trap_shutdown                         - Undefined Weak Reference
    _get_lc_collate                           - Undefined Weak Reference
    _get_lc_ctype                             - Undefined Weak Reference
    _get_lc_monetary                          - Undefined Weak Reference
    _get_lc_numeric                           - Undefined Weak Reference
    _get_lc_time                              - Undefined Weak Reference
    _getenv_init                              - Undefined Weak Reference
    _handle_redirection                       - Undefined Weak Reference
    _init_alloc                               - Undefined Weak Reference
    _init_user_alloc                          - Undefined Weak Reference
    _initio                                   - Undefined Weak Reference
    _rand_init                                - Undefined Weak Reference
    _signal_finish                            - Undefined Weak Reference
    _signal_init                              - Undefined Weak Reference
    _terminate_alloc                          - Undefined Weak Reference
    _terminate_user_alloc                     - Undefined Weak Reference
    _terminateio                              - Undefined Weak Reference
    __Vectors_End                            0x000000c0   Data           0  startup_mkl25z4.o(RESET)
    __Vectors_Size                           0x000000c0   Number         0  startup_mkl25z4.o ABSOLUTE
    __main                                   0x000000c1   Thumb Code     8  __main.o(!!!main)
    __scatterload                            0x000000c9   Thumb Code     0  __scatter.o(!!!scatter)
    __scatterload_rt2                        0x000000c9   Thumb Code    52  __scatter.o(!!!scatter)
    __scatterload_rt2_thumb_only             0x000000c9   Thumb Code     0  __scatter.o(!!!scatter)
    __scatterload_null                       0x000000d9   Thumb Code     0  __scatter.o(!!!scatter)
    __scatterload_zeroinit                   0x00000105   Thumb Code    28  __scatter_zi.o(!!handler_zi)
    __rt_lib_init                            0x00000121   Thumb Code     0  libinit.o(.ARM.Collect$$libinit$$00000000)
    __rt_lib_init_alloca_1                   0x00000123   Thumb Code     0  libinit2.o(.ARM.Collect$$libinit$$0000002E)
    __rt_lib_init_argv_1                     0x00000123   Thumb Code     0  libinit2.o(.ARM.Collect$$libinit$$0000002C)
    __rt_lib_init_atexit_1                   0x00000123   Thumb Code     0  libinit2.o(.ARM.Collect$$libinit$$0000001B)
    __rt_lib_init_clock_1                    0x00000123   Thumb Code     0  libinit2.o(.ARM.Collect$$libinit$$00000021)
    __rt_lib_init_cpp_1                      0x00000123   Thumb Code     0  libinit2.o(.ARM.Collect$$libinit$$00000032)
    __rt_lib_init_exceptions_1               0x00000123   Thumb Code     0  libinit2.o(.ARM.Collect$$libinit$$00000030)
    __rt_lib_init_fp_1                       0x00000123   Thumb Code     0  libinit2.o(.ARM.Collect$$libinit$$00000002)
    __rt_lib_init_fp_trap_1                  0x00000123   Thumb Code     0  libinit2.o(.ARM.Collect$$libinit$$0000001F)
    __rt_lib_init_getenv_1                   0x00000123   Thumb Code     0  libinit2.o(.ARM.Collect$$libinit$$00000023)
    __rt_lib_init_heap_1                     0x00000123   Thumb Code     0  libinit2.o(.ARM.Collect$$libinit$$0000000A)
    __rt_lib_init_lc_collate_1               0x00000123   Thumb Code     0  libinit2.o(.ARM.Collect$$libinit$$00000011)
    __rt_lib_init_lc_ctype_1                 0x00000123   Thumb Code     0  libinit2.o(.ARM.Collect$$libinit$$00000013)
    __rt_lib_init_lc_monetary_1              0x00000123   Thumb Code     0  libinit2.o(.ARM.Collect$$libinit$$00000015)
    __rt_lib_init_lc_numeric_1               0x00000123   Thumb Code     0  libinit2.o(.ARM.Collect$$libinit$$00000017)
    __rt_lib_init_lc_time_1                  0x00000123   Thumb Code     0  libinit2.o(.ARM.Collect$$libinit$$00000019)
    __rt_lib_init_preinit_1                  0x00000123   Thumb Code     0  libinit2.o(.ARM.Collect$$libinit$$00000004)
    __rt_lib_init_rand_1                     0x00000123   Thumb Code     0  libinit2.o(.ARM.Collect$$libinit$$0000000E)
    __rt_lib_init_return                     0x00000123   Thumb Code     0  libinit2.o(.ARM.Collect$$libinit$$00000033)
    __rt_lib_init_signal_1                   0x00000123   Thumb Code     0  libinit2.o(.ARM.Collect$$libinit$$0000001D)
    __rt_lib_init_stdio_1                    0x00000123   Thumb Code     0  libinit2.o(.ARM.Collect$$libinit$$00000025)
    __rt_lib_init_user_alloc_1               0x00000123   Thumb Code     0  libinit2.o(.ARM.Collect$$libinit$$0000000C)
    __rt_lib_shutdown                        0x00000125   Thumb Code     0  libshutdown.o(.ARM.Collect$$libshutdown$$00000000)
    __rt_lib_shutdown_cpp_1                  0x00000127   Thumb Code     0  libshutdown2.o(.ARM.Collect$$libshutdown$$00000002)
    __rt_lib_shutdown_fp_trap_1              0x00000127   Thumb Code     0  libshutdown2.o(.ARM.Collect$$libshutdown$$00000007)
    __rt_lib_shutdown_heap_1                 0x00000127   Thumb Code     0  libshutdown2.o(.ARM.Collect$$libshutdown$$0000000F)
    __rt_lib_shutdown_return                 0x00000127   Thumb Code     0  libshutdown2.o(.ARM.Collect$$libshutdown$$00000010)
    __rt_lib_shutdown_signal_1               0x00000127   Thumb Code     0  libshutdown2.o(.ARM.Collect$$libshutdown$$0000000A)
    __rt_lib_shutdown_stdio_1                0x00000127   Thumb Code     0  libshutdown2.o(.ARM.Collect$$libshutdown$$00000004)
    __rt_lib_shutdown_user_alloc_1           0x00000127   Thumb Code     0  libshutdown2.o(.ARM.Collect$$libshutdown$$0000000C)
    __rt_entry                               0x00000129   Thumb Code     0  __rtentry.o(.ARM.Collect$$rtentry$$00000000)
    __rt_entry_presh_1                       0x00000129   Thumb Code     0  __rtentry2.o(.ARM.Collect$$rtentry$$00000002)
    __rt_entry_sh                            0x00000129   Thumb Code     0  __rtentry4.o(.ARM.Collect$$rtentry$$00000004)
    __rt_entry_postsh_1                      0x0000012f   Thumb Code     0  __rtentry2.o(.ARM.Collect$$rtentry$$00000008)
    __rt_entry_li                            0x00000137   Thumb Code     0  __rtentry2.o(.ARM.Collect$$rtentry$$0000000A)
    __rt_entry_main                          0x0000013b   Thumb Code     0  __rtentry2.o(.ARM.Collect$$rtentry$$0000000D)
    __rt_entry_postli_1                      0x0000013b   Thumb Code     0  __rtentry2.o(.ARM.Collect$$rtentry$$0000000C)
    __rt_exit                                0x00000143   Thumb Code     0  rtexit.o(.ARM.Collect$$rtexit$$00000000)
    __rt_exit_ls                             0x00000145   Thumb Code     0  rtexit2.o(.ARM.Collect$$rtexit$$00000003)
    __rt_exit_prels_1                        0x00000145   Thumb Code     0  rtexit2.o(.ARM.Collect$$rtexit$$00000002)
    __rt_exit_exit                           0x00000149   Thumb Code     0  rtexit2.o(.ARM.Collect$$rtexit$$00000004)
    __aeabi_memcpy4                          0x00000151   Thumb Code    56  rt_memcpy.o(.emb_text)
    __aeabi_memcpy8                          0x00000151   Thumb Code     0  rt_memcpy.o(.emb_text)
    Reset_Handler                            0x00000189   Thumb Code    12  startup_mkl25z4.o(.text)
    NMI_Handler                              0x00000195   Thumb Code     2  startup_mkl25z4.o(.text)
    HardFault_Handler                        0x00000197   Thumb Code     2  startup_mkl25z4.o(.text)
    ADC0_IRQHandler                          0x0000019f   Thumb Code     0  startup_mkl25z4.o(.text)
    CMP0_IRQHandler                          0x0000019f   Thumb Code     0  startup_mkl25z4.o(.text)
    DAC0_IRQHandler                          0x0000019f   Thumb Code     0  startup_mkl25z4.o(.text)
    DMA0_IRQHandler                          0x0000019f   Thumb Code     0  startup_mkl25z4.o(.text)
    DMA1_IRQHandler                          0x0000019f   Thumb Code     0  startup_mkl25z4.o(.text)
    DMA2_IRQHandler                          0x0000019f   Thumb Code     0  startup_mkl25z4.o(.text)
    DMA3_IRQHandler                          0x0000019f   Thumb Code     0  startup_mkl25z4.o(.text)
    DefaultISR                               0x0000019f   Thumb Code     0  startup_mkl25z4.o(.text)
    FTFA_IRQHandler                          0x0000019f   Thumb Code     0  startup_mkl25z4.o(.text)
    I2C0_IRQHandler                          0x0000019f   Thumb Code     0  startup_mkl25z4.o(.text)
    I2C1_IRQHandler                          0x0000019f   Thumb Code     0  startup_mkl25z4.o(.text)
    LLWU_IRQHandler                          0x0000019f   Thumb Code     0  startup_mkl25z4.o(.text)
    LPTMR0_IRQHandler                        0x0000019f   Thumb Code     0  startup_mkl25z4.o(.text)
    LVD_LVW_IRQHandler                       0x0000019f   Thumb Code     0  startup_mkl25z4.o(.text)
    MCG_IRQHandler                           0x0000019f   Thumb Code     0  startup_mkl25z4.o(.text)
    PIT_IRQHandler                           0x0000019f   Thumb Code     0  startup_mkl25z4.o(.text)
    PORTA_IRQHandler                         0x0000019f   Thumb Code     0  startup_mkl25z4.o(.text)
    PORTD_IRQHandler                         0x0000019f   Thumb Code     0  startup_mkl25z4.o(.text)
    RTC_IRQHandler                           0x0000019f   Thumb Code     0  startup_mkl25z4.o(.text)
    RTC_Seconds_IRQHandler                   0x0000019f   Thumb Code     0  startup_mkl25z4.o(.text)
    Reserved20_IRQHandler                    0x0000019f   Thumb Code     0  startup_mkl25z4.o(.text)
    Reserved39_IRQHandler                    0x0000019f   Thumb Code     0  startup_mkl25z4.o(.text)
    Reserved45_IRQHandler                    0x0000019f   Thumb Code     0  startup_mkl25z4.o(.text)
    SPI0_IRQHandler                          0x0000019f   Thumb Code     0  startup_mkl25z4.o(.text)
    SPI1_IRQHandler                          0x0000019f   Thumb Code     0  startup_mkl25z4.o(.text)
    TPM0_IRQHandler                          0x0000019f   Thumb Code     0  startup_mkl25z4.o(.text)
    TPM1_IRQHandler                          0x0000019f   Thumb Code     0  startup_mkl25z4.o(.text)
    TPM2_IRQHandler                          0x0000019f   Thumb Code     0  startup_mkl25z4.o(.text)
    TSI0_IRQHandler                          0x0000019f   Thumb Code     0  startup_mkl25z4.o(.text)
    UART0_IRQHandler                         0x0000019f   Thumb Code     0  startup_mkl25z4.o(.text)
    UART1_IRQHandler                         0x0000019f   Thumb Code     0  startup_mkl25z4.o(.text)
    USB0_IRQHandler                          0x0000019f   Thumb Code     0  startup_mkl25z4.o(.text)
    __user_initial_stackheap                 0x000001a5   Thumb Code     0  startup_mkl25z4.o(.text)
    SVC_Handler                              0x000001c9   Thumb Code   132  irq_cm0.o(.text)
    PendSV_Handler                           0x0000024d   Thumb Code    12  irq_cm0.o(.text)
    SysTick_Handler                          0x00000259   Thumb Code    12  irq_cm0.o(.text)
    __aeabi_memcpy                           0x0000026d   Thumb Code   130  rt_memcpy.o(.text)
    __rt_memcpy                              0x0000026d   Thumb Code     0  rt_memcpy.o(.text)
    _memset_w                                0x000002ef   Thumb Code    26  rt_memclr.o(.text)
    _memset                                  0x00000309   Thumb Code    30  rt_memclr.o(.text)
    __aeabi_memclr                           0x00000327   Thumb Code     4  rt_memclr.o(.text)
    __rt_memclr                              0x00000327   Thumb Code     0  rt_memclr.o(.text)
    __aeabi_memclr4                          0x0000032b   Thumb Code     0  rt_memclr.o(.text)
    __aeabi_memclr8                          0x0000032b   Thumb Code     0  rt_memclr.o(.text)
    __rt_memclr_w                            0x0000032b   Thumb Code     4  rt_memclr.o(.text)
    __use_two_region_memory                  0x0000032f   Thumb Code     2  heapauxi.o(.text)
    __rt_heap_escrow$2region                 0x00000331   Thumb Code     2  heapauxi.o(.text)
    __rt_heap_expand$2region                 0x00000333   Thumb Code     2  heapauxi.o(.text)
    __aeabi_d2iz                             0x00000335   Thumb Code     0  dfixi.o(.text)
    _dfix                                    0x00000335   Thumb Code    98  dfixi.o(.text)
    __aeabi_i2d_normalise                    0x000003a1   Thumb Code    66  dflti.o(.text)
    __aeabi_i2d                              0x000003e3   Thumb Code    16  dflti.o(.text)
    _dflt                                    0x000003e3   Thumb Code     0  dflti.o(.text)
    __aeabi_ui2d                             0x000003f3   Thumb Code     6  dflti.o(.text)
    _dfltu                                   0x000003f3   Thumb Code     0  dflti.o(.text)
    __user_libspace                          0x000003f9   Thumb Code     8  libspace.o(.text)
    __user_perproc_libspace                  0x000003f9   Thumb Code     0  libspace.o(.text)
    __aeabi_uidiv                            0x00000411   Thumb Code     0  aeabi_sdiv.o(.text)
    __aeabi_uidivmod                         0x00000411   Thumb Code    20  aeabi_sdiv.o(.text)
    __aeabi_idiv                             0x00000425   Thumb Code     0  aeabi_sdiv.o(.text)
    __aeabi_idivmod                          0x00000425   Thumb Code   326  aeabi_sdiv.o(.text)
    __aeabi_dmul                             0x0000056d   Thumb Code     0  dmul.o(.text)
    _dmul                                    0x0000056d   Thumb Code   558  dmul.o(.text)
    __aeabi_fdiv                             0x000007b5   Thumb Code     0  fdiv.o(.text)
    _fdiv                                    0x000007b5   Thumb Code   334  fdiv.o(.text)
    _frdiv                                   0x00000903   Thumb Code     8  fdiv.o(.text)
    __aeabi_f2iz                             0x00000915   Thumb Code     0  ffixi.o(.text)
    _ffix                                    0x00000915   Thumb Code    76  ffixi.o(.text)
    __aeabi_i2f_normalise                    0x00000961   Thumb Code    72  fflti.o(.text)
    __aeabi_i2f                              0x000009a9   Thumb Code    16  fflti.o(.text)
    _fflt                                    0x000009a9   Thumb Code     0  fflti.o(.text)
    __aeabi_ui2f                             0x000009b9   Thumb Code     6  fflti.o(.text)
    _ffltu                                   0x000009b9   Thumb Code     0  fflti.o(.text)
    __user_setup_stackheap                   0x000009bf   Thumb Code    62  sys_stackheap_outer.o(.text)
    exit                                     0x000009fd   Thumb Code    16  exit.o(.text)
    _sys_exit                                0x00000a0d   Thumb Code     8  sys_exit.o(.text)
    __I$use$semihosting                      0x00000a19   Thumb Code     0  use_no_semi.o(.text)
    __use_no_semihosting_swi                 0x00000a19   Thumb Code     2  use_no_semi.o(.text)
    __decompress                             0x00000a1b   Thumb Code     0  __dczerorl.o(.text)
    __decompress0                            0x00000a1b   Thumb Code    58  __dczerorl.o(.text)
    __semihosting_library_function           0x00000a1b   Thumb Code     0  indicate_semi.o(.text)
    OS_Tick_AcknowledgeIRQ                   0x00000b21   Thumb Code    12  os_systick.o(.text.OS_Tick_AcknowledgeIRQ)
    OS_Tick_Enable                           0x00000b2d   Thumb Code    44  os_systick.o(.text.OS_Tick_Enable)
    OS_Tick_GetIRQn                          0x00000b59   Thumb Code     6  os_systick.o(.text.OS_Tick_GetIRQn)
    OS_Tick_Setup                            0x00000b61   Thumb Code    76  os_systick.o(.text.OS_Tick_Setup)
    osDelay                                  0x00000c91   Thumb Code    40  rtx_delay.o(.text.osDelay)
    osKernelGetState                         0x00000cb9   Thumb Code    48  rtx_kernel.o(.text.osKernelGetState)
    osKernelInitialize                       0x00000ce9   Thumb Code    40  rtx_kernel.o(.text.osKernelInitialize)
    osKernelStart                            0x00000d11   Thumb Code    36  rtx_kernel.o(.text.osKernelStart)
    osMessageQueueGet                        0x00000d35   Thumb Code   116  rtx_msgqueue.o(.text.osMessageQueueGet)
    osMessageQueueNew                        0x00000da9   Thumb Code    36  rtx_msgqueue.o(.text.osMessageQueueNew)
    osMessageQueuePut                        0x00000dcd   Thumb Code   120  rtx_msgqueue.o(.text.osMessageQueuePut)
    osMutexAcquire                           0x00000e45   Thumb Code    40  rtx_mutex.o(.text.osMutexAcquire)
    osMutexDelete                            0x00000e6d   Thumb Code    40  rtx_mutex.o(.text.osMutexDelete)
    osMutexNew                               0x00000e95   Thumb Code    36  rtx_mutex.o(.text.osMutexNew)
    osMutexRelease                           0x00000eb9   Thumb Code    40  rtx_mutex.o(.text.osMutexRelease)
    osRtxKernelPreInit                       0x00000ee1   Thumb Code     2  rtx_kernel.o(.text.osRtxKernelPreInit)
    osRtxMemoryAlloc                         0x00000ee3   Thumb Code   124  rtx_memory.o(.text.osRtxMemoryAlloc)
    osRtxMemoryFree                          0x00000f5f   Thumb Code    78  rtx_memory.o(.text.osRtxMemoryFree)
    osRtxMemoryInit                          0x00000fad   Thumb Code    50  rtx_memory.o(.text.osRtxMemoryInit)
    osRtxMemoryPoolAlloc                     0x00000fdf   Thumb Code    46  rtx_mempool.o(.text.osRtxMemoryPoolAlloc)
    osRtxMemoryPoolFree                      0x0000100d   Thumb Code    58  rtx_mempool.o(.text.osRtxMemoryPoolFree)
    osRtxMemoryPoolInit                      0x00001047   Thumb Code    62  rtx_mempool.o(.text.osRtxMemoryPoolInit)
    osRtxMutexOwnerRelease                   0x00001141   Thumb Code    68  rtx_mutex.o(.text.osRtxMutexOwnerRelease)
    osRtxPendSV_Handler                      0x00001185   Thumb Code   128  rtx_system.o(.text.osRtxPendSV_Handler)
    osRtxPostProcess                         0x00001205   Thumb Code   108  rtx_system.o(.text.osRtxPostProcess)
    osRtxThreadDelayTick                     0x00001391   Thumb Code    56  rtx_thread.o(.text.osRtxThreadDelayTick)
    osRtxThreadDispatch                      0x000013c9   Thumb Code    80  rtx_thread.o(.text.osRtxThreadDispatch)
    osRtxThreadListGet                       0x0000146d   Thumb Code    20  rtx_thread.o(.text.osRtxThreadListGet)
    osRtxThreadListPut                       0x00001481   Thumb Code    44  rtx_thread.o(.text.osRtxThreadListPut)
    osRtxThreadListRemove                    0x000014ad   Thumb Code    24  rtx_thread.o(.text.osRtxThreadListRemove)
    osRtxThreadListSort                      0x000014c5   Thumb Code    38  rtx_thread.o(.text.osRtxThreadListSort)
    osRtxThreadReadyPut                      0x00001511   Thumb Code    24  rtx_thread.o(.text.osRtxThreadReadyPut)
    osRtxThreadRegPtr                        0x00001529   Thumb Code     6  rtx_thread.o(.text.osRtxThreadRegPtr)
    osRtxThreadStackCheck                    0x00001531   Thumb Code    44  rtx_thread.o(.text.osRtxThreadStackCheck)
    osRtxThreadStartup                       0x0000155d   Thumb Code    64  rtx_thread.o(.text.osRtxThreadStartup)
    osRtxThreadSwitch                        0x0000159d   Thumb Code    20  rtx_thread.o(.text.osRtxThreadSwitch)
    osRtxThreadWaitEnter                     0x000015b1   Thumb Code    60  rtx_thread.o(.text.osRtxThreadWaitEnter)
    osRtxThreadWaitExit                      0x000015ed   Thumb Code    34  rtx_thread.o(.text.osRtxThreadWaitExit)
    osRtxTick_Handler                        0x00001611   Thumb Code   116  rtx_system.o(.text.osRtxTick_Handler)
    osRtxTimerThread                         0x00001685   Thumb Code    60  rtx_timer.o(.text.osRtxTimerThread)
    osSemaphoreAcquire                       0x00001721   Thumb Code    68  rtx_semaphore.o(.text.osSemaphoreAcquire)
    osSemaphoreNew                           0x00001765   Thumb Code    36  rtx_semaphore.o(.text.osSemaphoreNew)
    osSemaphoreRelease                       0x00001789   Thumb Code    76  rtx_semaphore.o(.text.osSemaphoreRelease)
    osThreadExit                             0x000017d5   Thumb Code    12  rtx_thread.o(.text.osThreadExit)
    osThreadNew                              0x000017e1   Thumb Code    36  rtx_thread.o(.text.osThreadNew)
    SystemCoreClockUpdate                    0x00002361   Thumb Code   372  system_mkl25z4.o(i.SystemCoreClockUpdate)
    SystemInit                               0x000024f1   Thumb Code     8  system_mkl25z4.o(i.SystemInit)
    UART2_IRQHandler                         0x000024fd   Thumb Code    32  uart.o(i.UART2_IRQHandler)
    UART2_thread                             0x00002529   Thumb Code    24  main.o(i.UART2_thread)
    __ARM_common_switch8                     0x00002549   Thumb Code    28  rtx_config.o(i.__ARM_common_switch8)
    _mutex_acquire                           0x000025f5   Thumb Code    24  rtx_lib.o(i._mutex_acquire)
    _mutex_free                              0x0000260d   Thumb Code    12  rtx_lib.o(i._mutex_free)
    _mutex_initialize                        0x00002619   Thumb Code    36  rtx_lib.o(i._mutex_initialize)
    _mutex_release                           0x0000263d   Thumb Code    20  rtx_lib.o(i._mutex_release)
    _platform_post_stackheap_init            0x00002651   Thumb Code     8  rtx_lib.o(i._platform_post_stackheap_init)
    cruelAngelThesis1Thread                  0x00002659   Thumb Code   112  buzzer.o(i.cruelAngelThesis1Thread)
    cruelAngelThesis2Thread                  0x000026e1   Thumb Code   112  buzzer.o(i.cruelAngelThesis2Thread)
    cruelAngelThesis3Thread                  0x00002769   Thumb Code   186  buzzer.o(i.cruelAngelThesis3Thread)
    cruelAngelThesis4Thread                  0x00002855   Thumb Code   112  buzzer.o(i.cruelAngelThesis4Thread)
    cruelAngelThesis5Thread                  0x000028dd   Thumb Code   112  buzzer.o(i.cruelAngelThesis5Thread)
    freqToMod                                0x00002965   Thumb Code    40  freqtomod.o(i.freqToMod)
    initPWM                                  0x00002991   Thumb Code   318  pwm.o(i.initPWM)
    initUART2                                0x00002ae9   Thumb Code   198  uart.o(i.initUART2)
    main                                     0x00002bc5   Thumb Code    98  main.o(i.main)
    osRtxErrorNotify                         0x00002c45   Thumb Code    32  rtx_config.o(i.osRtxErrorNotify)
    osRtxIdleThread                          0x00002c65   Thumb Code     4  rtx_config.o(i.osRtxIdleThread)
    pwm_backward                             0x00002c8d   Thumb Code    24  pwm.o(i.pwm_backward)
    pwm_backward_left                        0x00002cb1   Thumb Code    28  pwm.o(i.pwm_backward_left)
    pwm_backward_right                       0x00002cd9   Thumb Code    26  pwm.o(i.pwm_backward_right)
    pwm_forward                              0x00002d01   Thumb Code    24  pwm.o(i.pwm_forward)
    pwm_forward_left                         0x00002d25   Thumb Code    26  pwm.o(i.pwm_forward_left)
    pwm_forward_right                        0x00002d4d   Thumb Code    26  pwm.o(i.pwm_forward_right)
    pwm_left                                 0x00002d75   Thumb Code    36  pwm.o(i.pwm_left)
    pwm_right                                0x00002da5   Thumb Code    36  pwm.o(i.pwm_right)
    pwm_stop                                 0x00002dd5   Thumb Code    24  pwm.o(i.pwm_stop)
    pwm_thread                               0x00002df9   Thumb Code   164  main.o(i.pwm_thread)
    __aeabi_fmul                             0x00002ea5   Thumb Code     0  fmul.o(x$fpl$fmul)
    _fmul                                    0x00002ea5   Thumb Code   172  fmul.o(x$fpl$fmul)
    __I$use$fp                               0x00002f54   Number         0  usenofp.o(x$fpl$usenofp)
    osRtxUserSVC                             0x00003274   Data           4  rtx_lib.o(.constdata)
    irqRtxLib                                0x00003278   Data           1  irq_cm0.o(.constdata)
    osRtxConfig                              0x000032bc   Data         104  rtx_lib.o(.rodata)
    os_cb_sections                           0x00003324   Data          56  rtx_lib.o(.rodata)
    Region$$Table$$Base                      0x00003368   Number         0  anon$$obj.o(Region$$Table)
    Region$$Table$$Limit                     0x00003388   Number         0  anon$$obj.o(Region$$Table)
    .bss.os.msgqueue.cb$$Base                0x20000040   Number         0  rtx_lib.o(.bss.os.msgqueue.cb)
    .bss.os.msgqueue.cb$$Limit               0x20000074   Number         0  rtx_lib.o(.bss.os.msgqueue.cb)
    .bss.os.thread.cb$$Base                  0x200000c4   Number         0  rtx_lib.o(.bss.os.thread.cb)
    .bss.os.thread.cb$$Limit                 0x2000014c   Number         0  rtx_lib.o(.bss.os.thread.cb)
    UARTsem                                  0x20000350   Data           4  uart.o(.data)
    UARTdata                                 0x20000354   Data           4  uart.o(.data)
    PWMsem                                   0x20000358   Data           4  pwm.o(.data)
    mySem                                    0x2000035c   Data           4  buzzer.o(.data)
    mySem2                                   0x20000360   Data           4  buzzer.o(.data)
    mySem3                                   0x20000364   Data           4  buzzer.o(.data)
    mySem4                                   0x20000368   Data           4  buzzer.o(.data)
    mySem5                                   0x2000036c   Data           4  buzzer.o(.data)
    MusicRepeat1                             0x20000370   Data           4  buzzer.o(.data)
    MusicRepeat2                             0x20000374   Data           4  buzzer.o(.data)
    irqRtxLibRef                             0x20000378   Data           4  rtx_lib.o(.data)
    SystemCoreClock                          0x20000380   Data           4  system_mkl25z4.o(.data)
    osRtxInfo                                0x20000384   Data         164  rtx_kernel.o(.data.os)
    __libspace_start                         0x20000428   Data          96  libspace.o(.bss)
    __temporary_stack_top$libspace           0x20000488   Data           0  libspace.o(.bss)



==============================================================================

Memory Map of the image

  Image Entry point : 0x00000189

  Load Region LR_1 (Base: 0x00000000, Size: 0x000047b0, Max: 0xffffffff, ABSOLUTE, COMPRESSED[0x000033c0])

    Execution Region ER_RO (Exec base: 0x00000000, Load base: 0x00000000, Size: 0x00003388, Max: 0xffffffff, ABSOLUTE)

    Exec Addr    Load Addr    Size         Type   Attr      Idx    E Section Name        Object

    0x00000000   0x00000000   0x000000c0   Data   RO          411    RESET               startup_mkl25z4.o
    0x000000c0   0x000000c0   0x00000008   Code   RO          968  * !!!main             c_p.l(__main.o)
    0x000000c8   0x000000c8   0x0000003c   Code   RO         1153    !!!scatter          c_p.l(__scatter.o)
    0x00000104   0x00000104   0x0000001c   Code   RO         1155    !!handler_zi        c_p.l(__scatter_zi.o)
    0x00000120   0x00000120   0x00000002   Code   RO         1020    .ARM.Collect$$libinit$$00000000  c_p.l(libinit.o)
    0x00000122   0x00000122   0x00000000   Code   RO         1034    .ARM.Collect$$libinit$$00000002  c_p.l(libinit2.o)
    0x00000122   0x00000122   0x00000000   Code   RO         1036    .ARM.Collect$$libinit$$00000004  c_p.l(libinit2.o)
    0x00000122   0x00000122   0x00000000   Code   RO         1039    .ARM.Collect$$libinit$$0000000A  c_p.l(libinit2.o)
    0x00000122   0x00000122   0x00000000   Code   RO         1041    .ARM.Collect$$libinit$$0000000C  c_p.l(libinit2.o)
    0x00000122   0x00000122   0x00000000   Code   RO         1043    .ARM.Collect$$libinit$$0000000E  c_p.l(libinit2.o)
    0x00000122   0x00000122   0x00000000   Code   RO         1046    .ARM.Collect$$libinit$$00000011  c_p.l(libinit2.o)
    0x00000122   0x00000122   0x00000000   Code   RO         1048    .ARM.Collect$$libinit$$00000013  c_p.l(libinit2.o)
    0x00000122   0x00000122   0x00000000   Code   RO         1050    .ARM.Collect$$libinit$$00000015  c_p.l(libinit2.o)
    0x00000122   0x00000122   0x00000000   Code   RO         1052    .ARM.Collect$$libinit$$00000017  c_p.l(libinit2.o)
    0x00000122   0x00000122   0x00000000   Code   RO         1054    .ARM.Collect$$libinit$$00000019  c_p.l(libinit2.o)
    0x00000122   0x00000122   0x00000000   Code   RO         1056    .ARM.Collect$$libinit$$0000001B  c_p.l(libinit2.o)
    0x00000122   0x00000122   0x00000000   Code   RO         1058    .ARM.Collect$$libinit$$0000001D  c_p.l(libinit2.o)
    0x00000122   0x00000122   0x00000000   Code   RO         1060    .ARM.Collect$$libinit$$0000001F  c_p.l(libinit2.o)
    0x00000122   0x00000122   0x00000000   Code   RO         1062    .ARM.Collect$$libinit$$00000021  c_p.l(libinit2.o)
    0x00000122   0x00000122   0x00000000   Code   RO         1064    .ARM.Collect$$libinit$$00000023  c_p.l(libinit2.o)
    0x00000122   0x00000122   0x00000000   Code   RO         1066    .ARM.Collect$$libinit$$00000025  c_p.l(libinit2.o)
    0x00000122   0x00000122   0x00000000   Code   RO         1070    .ARM.Collect$$libinit$$0000002C  c_p.l(libinit2.o)
    0x00000122   0x00000122   0x00000000   Code   RO         1072    .ARM.Collect$$libinit$$0000002E  c_p.l(libinit2.o)
    0x00000122   0x00000122   0x00000000   Code   RO         1074    .ARM.Collect$$libinit$$00000030  c_p.l(libinit2.o)
    0x00000122   0x00000122   0x00000000   Code   RO         1076    .ARM.Collect$$libinit$$00000032  c_p.l(libinit2.o)
    0x00000122   0x00000122   0x00000002   Code   RO         1077    .ARM.Collect$$libinit$$00000033  c_p.l(libinit2.o)
    0x00000124   0x00000124   0x00000002   Code   RO         1108    .ARM.Collect$$libshutdown$$00000000  c_p.l(libshutdown.o)
    0x00000126   0x00000126   0x00000000   Code   RO         1134    .ARM.Collect$$libshutdown$$00000002  c_p.l(libshutdown2.o)
    0x00000126   0x00000126   0x00000000   Code   RO         1136    .ARM.Collect$$libshutdown$$00000004  c_p.l(libshutdown2.o)
    0x00000126   0x00000126   0x00000000   Code   RO         1139    .ARM.Collect$$libshutdown$$00000007  c_p.l(libshutdown2.o)
    0x00000126   0x00000126   0x00000000   Code   RO         1142    .ARM.Collect$$libshutdown$$0000000A  c_p.l(libshutdown2.o)
    0x00000126   0x00000126   0x00000000   Code   RO         1144    .ARM.Collect$$libshutdown$$0000000C  c_p.l(libshutdown2.o)
    0x00000126   0x00000126   0x00000000   Code   RO         1147    .ARM.Collect$$libshutdown$$0000000F  c_p.l(libshutdown2.o)
    0x00000126   0x00000126   0x00000002   Code   RO         1148    .ARM.Collect$$libshutdown$$00000010  c_p.l(libshutdown2.o)
    0x00000128   0x00000128   0x00000000   Code   RO          985    .ARM.Collect$$rtentry$$00000000  c_p.l(__rtentry.o)
    0x00000128   0x00000128   0x00000000   Code   RO          992    .ARM.Collect$$rtentry$$00000002  c_p.l(__rtentry2.o)
    0x00000128   0x00000128   0x00000006   Code   RO         1004    .ARM.Collect$$rtentry$$00000004  c_p.l(__rtentry4.o)
    0x0000012e   0x0000012e   0x00000008   Code   RO          993    .ARM.Collect$$rtentry$$00000008  c_p.l(__rtentry2.o)
    0x00000136   0x00000136   0x00000004   Code   RO          995    .ARM.Collect$$rtentry$$0000000A  c_p.l(__rtentry2.o)
    0x0000013a   0x0000013a   0x00000000   Code   RO          997    .ARM.Collect$$rtentry$$0000000C  c_p.l(__rtentry2.o)
    0x0000013a   0x0000013a   0x00000008   Code   RO          998    .ARM.Collect$$rtentry$$0000000D  c_p.l(__rtentry2.o)
    0x00000142   0x00000142   0x00000002   Code   RO         1025    .ARM.Collect$$rtexit$$00000000  c_p.l(rtexit.o)
    0x00000144   0x00000144   0x00000000   Code   RO         1081    .ARM.Collect$$rtexit$$00000002  c_p.l(rtexit2.o)
    0x00000144   0x00000144   0x00000004   Code   RO         1082    .ARM.Collect$$rtexit$$00000003  c_p.l(rtexit2.o)
    0x00000148   0x00000148   0x00000006   Code   RO         1083    .ARM.Collect$$rtexit$$00000004  c_p.l(rtexit2.o)
    0x0000014e   0x0000014e   0x00000002   PAD
    0x00000150   0x00000150   0x00000038   Code   RO          956    .emb_text           c_p.l(rt_memcpy.o)
    0x00000188   0x00000188   0x00000040   Code   RO          413  * .text               startup_mkl25z4.o
    0x000001c8   0x000001c8   0x000000a4   Code   RO          741    .text               RTX_CM0.lib(irq_cm0.o)
    0x0000026c   0x0000026c   0x00000082   Code   RO          957    .text               c_p.l(rt_memcpy.o)
    0x000002ee   0x000002ee   0x00000040   Code   RO          960    .text               c_p.l(rt_memclr.o)
    0x0000032e   0x0000032e   0x00000006   Code   RO          966    .text               c_p.l(heapauxi.o)
    0x00000334   0x00000334   0x0000006c   Code   RO          970    .text               fz_ps.l(dfixi.o)
    0x000003a0   0x000003a0   0x00000058   Code   RO          972    .text               fz_ps.l(dflti.o)
    0x000003f8   0x000003f8   0x00000008   Code   RO         1021    .text               c_p.l(libspace.o)
    0x00000400   0x00000400   0x00000010   Code   RO          412    .ARM.__at_0x400     startup_mkl25z4.o
    0x00000410   0x00000410   0x0000015a   Code   RO          962    .text               c_p.l(aeabi_sdiv.o)
    0x0000056a   0x0000056a   0x00000002   PAD
    0x0000056c   0x0000056c   0x00000248   Code   RO          974    .text               fz_ps.l(dmul.o)
    0x000007b4   0x000007b4   0x00000160   Code   RO          976    .text               fz_ps.l(fdiv.o)
    0x00000914   0x00000914   0x0000004c   Code   RO          979    .text               fz_ps.l(ffixi.o)
    0x00000960   0x00000960   0x0000005e   Code   RO          981    .text               fz_ps.l(fflti.o)
    0x000009be   0x000009be   0x0000003e   Code   RO         1008    .text               c_p.l(sys_stackheap_outer.o)
    0x000009fc   0x000009fc   0x00000010   Code   RO         1011    .text               c_p.l(exit.o)
    0x00000a0c   0x00000a0c   0x0000000c   Code   RO         1078    .text               c_p.l(sys_exit.o)
    0x00000a18   0x00000a18   0x00000002   Code   RO         1097    .text               c_p.l(use_no_semi.o)
    0x00000a1a   0x00000a1a   0x00000000   Code   RO         1099    .text               c_p.l(indicate_semi.o)
    0x00000a1a   0x00000a1a   0x0000003a   Code   RO         1151    .text               c_p.l(__dczerorl.o)
    0x00000a54   0x00000a54   0x0000004c   Code   RO          938    .text.MessageQueueGet  RTX_CM0.lib(rtx_msgqueue.o)
    0x00000aa0   0x00000aa0   0x00000062   Code   RO          932    .text.MessageQueuePut  RTX_CM0.lib(rtx_msgqueue.o)
    0x00000b02   0x00000b02   0x0000001e   Code   RO          930    .text.MessageQueueRemove  RTX_CM0.lib(rtx_msgqueue.o)
    0x00000b20   0x00000b20   0x0000000c   Code   RO          876    .text.OS_Tick_AcknowledgeIRQ  RTX_CM0.lib(os_systick.o)
    0x00000b2c   0x00000b2c   0x0000002c   Code   RO          872    .text.OS_Tick_Enable  RTX_CM0.lib(os_systick.o)
    0x00000b58   0x00000b58   0x00000006   Code   RO          878    .text.OS_Tick_GetIRQn  RTX_CM0.lib(os_systick.o)
    0x00000b5e   0x00000b5e   0x00000002   PAD
    0x00000b60   0x00000b60   0x0000004c   Code   RO          870    .text.OS_Tick_Setup  RTX_CM0.lib(os_systick.o)
    0x00000bac   0x00000bac   0x00000024   Code   RO          720    .text.SemaphoreTokenDecrement  RTX_CM0.lib(rtx_semaphore.o)
    0x00000bd0   0x00000bd0   0x00000026   Code   RO          726    .text.SemaphoreTokenIncrement  RTX_CM0.lib(rtx_semaphore.o)
    0x00000bf6   0x00000bf6   0x0000004e   Code   RO          597    .text.ThreadFlagsCheck  RTX_CM0.lib(rtx_thread.o)
    0x00000c44   0x00000c44   0x0000004c   Code   RO          762    .text.TimerInsert   RTX_CM0.lib(rtx_timer.o)
    0x00000c90   0x00000c90   0x00000028   Code   RO          650    .text.osDelay       RTX_CM0.lib(rtx_delay.o)
    0x00000cb8   0x00000cb8   0x00000030   Code   RO          460    .text.osKernelGetState  RTX_CM0.lib(rtx_kernel.o)
    0x00000ce8   0x00000ce8   0x00000028   Code   RO          454    .text.osKernelInitialize  RTX_CM0.lib(rtx_kernel.o)
    0x00000d10   0x00000d10   0x00000024   Code   RO          464    .text.osKernelStart  RTX_CM0.lib(rtx_kernel.o)
    0x00000d34   0x00000d34   0x00000074   Code   RO          904    .text.osMessageQueueGet  RTX_CM0.lib(rtx_msgqueue.o)
    0x00000da8   0x00000da8   0x00000024   Code   RO          898    .text.osMessageQueueNew  RTX_CM0.lib(rtx_msgqueue.o)
    0x00000dcc   0x00000dcc   0x00000078   Code   RO          902    .text.osMessageQueuePut  RTX_CM0.lib(rtx_msgqueue.o)
    0x00000e44   0x00000e44   0x00000028   Code   RO          673    .text.osMutexAcquire  RTX_CM0.lib(rtx_mutex.o)
    0x00000e6c   0x00000e6c   0x00000028   Code   RO          679    .text.osMutexDelete  RTX_CM0.lib(rtx_mutex.o)
    0x00000e94   0x00000e94   0x00000024   Code   RO          669    .text.osMutexNew    RTX_CM0.lib(rtx_mutex.o)
    0x00000eb8   0x00000eb8   0x00000028   Code   RO          675    .text.osMutexRelease  RTX_CM0.lib(rtx_mutex.o)
    0x00000ee0   0x00000ee0   0x00000002   Code   RO          452    .text.osRtxKernelPreInit  RTX_CM0.lib(rtx_kernel.o)
    0x00000ee2   0x00000ee2   0x0000007c   Code   RO          789    .text.osRtxMemoryAlloc  RTX_CM0.lib(rtx_memory.o)
    0x00000f5e   0x00000f5e   0x0000004e   Code   RO          791    .text.osRtxMemoryFree  RTX_CM0.lib(rtx_memory.o)
    0x00000fac   0x00000fac   0x00000032   Code   RO          787    .text.osRtxMemoryInit  RTX_CM0.lib(rtx_memory.o)
    0x00000fde   0x00000fde   0x0000002e   Code   RO          804    .text.osRtxMemoryPoolAlloc  RTX_CM0.lib(rtx_mempool.o)
    0x0000100c   0x0000100c   0x0000003a   Code   RO          806    .text.osRtxMemoryPoolFree  RTX_CM0.lib(rtx_mempool.o)
    0x00001046   0x00001046   0x0000003e   Code   RO          802    .text.osRtxMemoryPoolInit  RTX_CM0.lib(rtx_mempool.o)
    0x00001084   0x00001084   0x000000bc   Code   RO          928    .text.osRtxMessageQueuePostProcess  RTX_CM0.lib(rtx_msgqueue.o)
    0x00001140   0x00001140   0x00000044   Code   RO          667    .text.osRtxMutexOwnerRelease  RTX_CM0.lib(rtx_mutex.o)
    0x00001184   0x00001184   0x00000080   Code   RO          857    .text.osRtxPendSV_Handler  RTX_CM0.lib(rtx_system.o)
    0x00001204   0x00001204   0x0000006c   Code   RO          859    .text.osRtxPostProcess  RTX_CM0.lib(rtx_system.o)
    0x00001270   0x00001270   0x00000024   Code   RO          718    .text.osRtxSemaphorePostProcess  RTX_CM0.lib(rtx_semaphore.o)
    0x00001294   0x00001294   0x00000038   Code   RO          537    .text.osRtxThreadBlock  RTX_CM0.lib(rtx_thread.o)
    0x000012cc   0x000012cc   0x00000080   Code   RO          545    .text.osRtxThreadDelayInsert  RTX_CM0.lib(rtx_thread.o)
    0x0000134c   0x0000134c   0x00000044   Code   RO          541    .text.osRtxThreadDelayRemove  RTX_CM0.lib(rtx_thread.o)
    0x00001390   0x00001390   0x00000038   Code   RO          527    .text.osRtxThreadDelayTick  RTX_CM0.lib(rtx_thread.o)
    0x000013c8   0x000013c8   0x00000050   Code   RO          535    .text.osRtxThreadDispatch  RTX_CM0.lib(rtx_thread.o)
    0x00001418   0x00001418   0x00000054   Code   RO          621    .text.osRtxThreadFree  RTX_CM0.lib(rtx_thread.o)
    0x0000146c   0x0000146c   0x00000014   Code   RO          519    .text.osRtxThreadListGet  RTX_CM0.lib(rtx_thread.o)
    0x00001480   0x00001480   0x0000002c   Code   RO          517    .text.osRtxThreadListPut  RTX_CM0.lib(rtx_thread.o)
    0x000014ac   0x000014ac   0x00000018   Code   RO          523    .text.osRtxThreadListRemove  RTX_CM0.lib(rtx_thread.o)
    0x000014c4   0x000014c4   0x00000026   Code   RO          521    .text.osRtxThreadListSort  RTX_CM0.lib(rtx_thread.o)
    0x000014ea   0x000014ea   0x00000026   Code   RO          595    .text.osRtxThreadPostProcess  RTX_CM0.lib(rtx_thread.o)
    0x00001510   0x00001510   0x00000018   Code   RO          525    .text.osRtxThreadReadyPut  RTX_CM0.lib(rtx_thread.o)
    0x00001528   0x00001528   0x00000006   Code   RO          529    .text.osRtxThreadRegPtr  RTX_CM0.lib(rtx_thread.o)
    0x0000152e   0x0000152e   0x00000002   PAD
    0x00001530   0x00001530   0x0000002c   Code   RO          533    .text.osRtxThreadStackCheck  RTX_CM0.lib(rtx_thread.o)
    0x0000155c   0x0000155c   0x00000040   Code   RO          547    .text.osRtxThreadStartup  RTX_CM0.lib(rtx_thread.o)
    0x0000159c   0x0000159c   0x00000014   Code   RO          531    .text.osRtxThreadSwitch  RTX_CM0.lib(rtx_thread.o)
    0x000015b0   0x000015b0   0x0000003c   Code   RO          543    .text.osRtxThreadWaitEnter  RTX_CM0.lib(rtx_thread.o)
    0x000015ec   0x000015ec   0x00000022   Code   RO          539    .text.osRtxThreadWaitExit  RTX_CM0.lib(rtx_thread.o)
    0x0000160e   0x0000160e   0x00000002   PAD
    0x00001610   0x00001610   0x00000074   Code   RO          855    .text.osRtxTick_Handler  RTX_CM0.lib(rtx_system.o)
    0x00001684   0x00001684   0x0000003c   Code   RO          746    .text.osRtxTimerThread  RTX_CM0.lib(rtx_timer.o)
    0x000016c0   0x000016c0   0x00000060   Code   RO          748    .text.osRtxTimerTick  RTX_CM0.lib(rtx_timer.o)
    0x00001720   0x00001720   0x00000044   Code   RO          706    .text.osSemaphoreAcquire  RTX_CM0.lib(rtx_semaphore.o)
    0x00001764   0x00001764   0x00000024   Code   RO          702    .text.osSemaphoreNew  RTX_CM0.lib(rtx_semaphore.o)
    0x00001788   0x00001788   0x0000004c   Code   RO          708    .text.osSemaphoreRelease  RTX_CM0.lib(rtx_semaphore.o)
    0x000017d4   0x000017d4   0x0000000c   Code   RO          579    .text.osThreadExit  RTX_CM0.lib(rtx_thread.o)
    0x000017e0   0x000017e0   0x00000024   Code   RO          551    .text.osThreadNew   RTX_CM0.lib(rtx_thread.o)
    0x00001804   0x00001804   0x00000012   Code   RO          654    .text.svcRtxDelay   RTX_CM0.lib(rtx_delay.o)
    0x00001816   0x00001816   0x00000002   PAD
    0x00001818   0x00001818   0x0000000c   Code   RO          462    .text.svcRtxKernelGetState  RTX_CM0.lib(rtx_kernel.o)
    0x00001824   0x00001824   0x00000148   Code   RO          492    .text.svcRtxKernelInitialize  RTX_CM0.lib(rtx_kernel.o)
    0x0000196c   0x0000196c   0x00000084   Code   RO          494    .text.svcRtxKernelStart  RTX_CM0.lib(rtx_kernel.o)
    0x000019f0   0x000019f0   0x000000e8   Code   RO          940    .text.svcRtxMessageQueueGet  RTX_CM0.lib(rtx_msgqueue.o)
    0x00001ad8   0x00001ad8   0x000001e4   Code   RO          926    .text.svcRtxMessageQueueNew  RTX_CM0.lib(rtx_msgqueue.o)
    0x00001cbc   0x00001cbc   0x000000bc   Code   RO          936    .text.svcRtxMessageQueuePut  RTX_CM0.lib(rtx_msgqueue.o)
    0x00001d78   0x00001d78   0x00000098   Code   RO          685    .text.svcRtxMutexAcquire  RTX_CM0.lib(rtx_mutex.o)
    0x00001e10   0x00001e10   0x000000bc   Code   RO          691    .text.svcRtxMutexDelete  RTX_CM0.lib(rtx_mutex.o)
    0x00001ecc   0x00001ecc   0x00000070   Code   RO          681    .text.svcRtxMutexNew  RTX_CM0.lib(rtx_mutex.o)
    0x00001f3c   0x00001f3c   0x000000c0   Code   RO          687    .text.svcRtxMutexRelease  RTX_CM0.lib(rtx_mutex.o)
    0x00001ffc   0x00001ffc   0x0000004c   Code   RO          724    .text.svcRtxSemaphoreAcquire  RTX_CM0.lib(rtx_semaphore.o)
    0x00002048   0x00002048   0x00000088   Code   RO          716    .text.svcRtxSemaphoreNew  RTX_CM0.lib(rtx_semaphore.o)
    0x000020d0   0x000020d0   0x00000038   Code   RO          728    .text.svcRtxSemaphoreRelease  RTX_CM0.lib(rtx_semaphore.o)
    0x00002108   0x00002108   0x0000006c   Code   RO          625    .text.svcRtxThreadExit  RTX_CM0.lib(rtx_thread.o)
    0x00002174   0x00002174   0x000001ec   Code   RO          549    .text.svcRtxThreadNew  RTX_CM0.lib(rtx_thread.o)
    0x00002360   0x00002360   0x00000190   Code   RO          421    i.SystemCoreClockUpdate  system_mkl25z4.o
    0x000024f0   0x000024f0   0x0000000c   Code   RO          422    i.SystemInit        system_mkl25z4.o
    0x000024fc   0x000024fc   0x0000002c   Code   RO          118    i.UART2_IRQHandler  uart.o
    0x00002528   0x00002528   0x00000020   Code   RO            3    i.UART2_thread      main.o
    0x00002548   0x00002548   0x0000001c   Code   RO          400    i.__ARM_common_switch8  rtx_config.o
    0x00002564   0x00002564   0x00000018   Code   RO          119    i.__NVIC_ClearPendingIRQ  uart.o
    0x0000257c   0x0000257c   0x00000078   Code   RO          120    i.__NVIC_SetPriority  uart.o
    0x000025f4   0x000025f4   0x00000018   Code   RO          303    i._mutex_acquire    rtx_lib.o
    0x0000260c   0x0000260c   0x0000000c   Code   RO          304    i._mutex_free       rtx_lib.o
    0x00002618   0x00002618   0x00000024   Code   RO          305    i._mutex_initialize  rtx_lib.o
    0x0000263c   0x0000263c   0x00000014   Code   RO          306    i._mutex_release    rtx_lib.o
    0x00002650   0x00002650   0x00000008   Code   RO          307    i._platform_post_stackheap_init  rtx_lib.o
    0x00002658   0x00002658   0x00000088   Code   RO          237    i.cruelAngelThesis1Thread  buzzer.o
    0x000026e0   0x000026e0   0x00000088   Code   RO          238    i.cruelAngelThesis2Thread  buzzer.o
    0x00002768   0x00002768   0x000000ec   Code   RO          239    i.cruelAngelThesis3Thread  buzzer.o
    0x00002854   0x00002854   0x00000088   Code   RO          240    i.cruelAngelThesis4Thread  buzzer.o
    0x000028dc   0x000028dc   0x00000088   Code   RO          241    i.cruelAngelThesis5Thread  buzzer.o
    0x00002964   0x00002964   0x0000002c   Code   RO          289    i.freqToMod         freqtomod.o
    0x00002990   0x00002990   0x00000158   Code   RO          160    i.initPWM           pwm.o
    0x00002ae8   0x00002ae8   0x000000dc   Code   RO          121    i.initUART2         uart.o
    0x00002bc4   0x00002bc4   0x00000080   Code   RO            4    i.main              main.o
    0x00002c44   0x00002c44   0x00000020   Code   RO          379    i.osRtxErrorNotify  rtx_config.o
    0x00002c64   0x00002c64   0x00000004   Code   RO          380    i.osRtxIdleThread   rtx_config.o
    0x00002c68   0x00002c68   0x00000024   Code   RO          308    i.os_kernel_is_active  rtx_lib.o
    0x00002c8c   0x00002c8c   0x00000024   Code   RO          161    i.pwm_backward      pwm.o
    0x00002cb0   0x00002cb0   0x00000028   Code   RO          162    i.pwm_backward_left  pwm.o
    0x00002cd8   0x00002cd8   0x00000028   Code   RO          163    i.pwm_backward_right  pwm.o
    0x00002d00   0x00002d00   0x00000024   Code   RO          164    i.pwm_forward       pwm.o
    0x00002d24   0x00002d24   0x00000028   Code   RO          165    i.pwm_forward_left  pwm.o
    0x00002d4c   0x00002d4c   0x00000028   Code   RO          166    i.pwm_forward_right  pwm.o
    0x00002d74   0x00002d74   0x00000030   Code   RO          167    i.pwm_left          pwm.o
    0x00002da4   0x00002da4   0x00000030   Code   RO          168    i.pwm_right         pwm.o
    0x00002dd4   0x00002dd4   0x00000024   Code   RO          169    i.pwm_stop          pwm.o
    0x00002df8   0x00002df8   0x000000ac   Code   RO            5    i.pwm_thread        main.o
    0x00002ea4   0x00002ea4   0x000000b0   Code   RO          983    x$fpl$fmul          fz_ps.l(fmul.o)
    0x00002f54   0x00002f54   0x00000000   Code   RO          990    x$fpl$usenofp       fz_ps.l(usenofp.o)
    0x00002f54   0x00002f54   0x000002c0   Data   RO          243    .constdata          buzzer.o
    0x00003214   0x00003214   0x00000064   Data   RO          315    .constdata          rtx_lib.o
    0x00003278   0x00003278   0x00000001   Data   RO          740    .constdata          RTX_CM0.lib(irq_cm0.o)
    0x00003279   0x00003279   0x00000040   Data   RO          977    .constdata          fz_ps.l(fdiv.o)
    0x000032b9   0x000032b9   0x00000003   PAD
    0x000032bc   0x000032bc   0x000000a0   Data   RO          317    .rodata             rtx_lib.o
    0x0000335c   0x0000335c   0x0000000b   Data   RO          506    .rodata.str1.4      RTX_CM0.lib(rtx_kernel.o)
    0x00003367   0x00003367   0x00000001   PAD
    0x00003368   0x00003368   0x00000020   Data   RO         1149    Region$$Table       anon$$obj.o


    Execution Region ER_RW (Exec base: 0x1ffff000, Load base: 0x00003388, Size: 0x00001428, Max: 0xffffffff, ABSOLUTE, COMPRESSED[0x00000038])

    Exec Addr    Load Addr    Size         Type   Attr      Idx    E Section Name        Object

    0x1ffff000   COMPRESSED   0x00001040   Data   RW          309    .bss.os             rtx_lib.o
    0x20000040   COMPRESSED   0x00000034   Data   RW          311    .bss.os.msgqueue.cb  rtx_lib.o
    0x20000074   COMPRESSED   0x00000050   Data   RW          312    .bss.os.msgqueue.mem  rtx_lib.o
    0x200000c4   COMPRESSED   0x00000088   Data   RW          313    .bss.os.thread.cb   rtx_lib.o
    0x2000014c   COMPRESSED   0x00000004   PAD
    0x20000150   COMPRESSED   0x00000200   Data   RW          314    .bss.os.thread.stack  rtx_lib.o
    0x20000350   COMPRESSED   0x00000008   Data   RW          122    .data               uart.o
    0x20000358   COMPRESSED   0x00000004   Data   RW          170    .data               pwm.o
    0x2000035c   COMPRESSED   0x0000001c   Data   RW          244    .data               buzzer.o
    0x20000378   COMPRESSED   0x00000005   Data   RW          316    .data               rtx_lib.o
    0x2000037d   COMPRESSED   0x00000003   PAD
    0x20000380   COMPRESSED   0x00000004   Data   RW          423    .data               system_mkl25z4.o
    0x20000384   COMPRESSED   0x000000a4   Data   RW          507    .data.os            RTX_CM0.lib(rtx_kernel.o)


    Execution Region ER_ZI (Exec base: 0x20000428, Load base: 0x000033c0, Size: 0x00000168, Max: 0xffffffff, ABSOLUTE)

    Exec Addr    Load Addr    Size         Type   Attr      Idx    E Section Name        Object

    0x20000428        -       0x00000060   Zero   RW         1022    .bss                c_p.l(libspace.o)
    0x20000488        -       0x00000001   Zero   RW          888    .bss.PendST         RTX_CM0.lib(os_systick.o)
    0x20000489   0x000033c0   0x00000007   PAD
    0x20000490        -       0x00000000   Zero   RW          410    HEAP                startup_mkl25z4.o
    0x20000490        -       0x00000100   Zero   RW          409    STACK               startup_mkl25z4.o


==============================================================================

Image component sizes


      Code (inc. data)   RO Data    RW Data    ZI Data      Debug   Object Name

       780        146        704         28          0       3844   buzzer.o
        44          4          0          0          0        508   freqtomod.o
       332         46          0          0          0     221095   main.o
       708        140          0          4          0       4146   pwm.o
        64          8          0          0          0       1041   rtx_config.o
       136          6        260       4945          0      12806   rtx_lib.o
        80         44        192          0        256        888   startup_mkl25z4.o
       412         42          0          4          0       1515   system_mkl25z4.o
       408         50          0          8          0      10342   uart.o

    ----------------------------------------------------------------------
      2964        486       1188       4996        256     256185   Object Totals
         0          0         32          0          0          0   (incl. Generated)
         0          0          0          7          0          0   (incl. Padding)

    ----------------------------------------------------------------------

      Code (inc. data)   RO Data    RW Data    ZI Data      Debug   Library Member Name

       164          8          1          0          0        496   irq_cm0.o
       138         32          0          0          1       2766   os_systick.o
        58          4          0          0          0       2753   rtx_delay.o
       598         48         11        164          0      16105   rtx_kernel.o
       252          0          0          0          0       2564   rtx_memory.o
       166          0          0          0          0      14282   rtx_mempool.o
      1568         44          0          0          0      17889   rtx_msgqueue.o
       868         32          0          0          0       9201   rtx_mutex.o
       558         28          0          0          0      10054   rtx_semaphore.o
       352         26          0          0          0       4635   rtx_system.o
      1614         96          0          0          0      30867   rtx_thread.o
       232         20          0          0          0      10018   rtx_timer.o
        58          0          0          0          0          0   __dczerorl.o
         8          0          0          0          0         68   __main.o
         0          0          0          0          0          0   __rtentry.o
        20          0          0          0          0          0   __rtentry2.o
         6          0          0          0          0          0   __rtentry4.o
        60          8          0          0          0          0   __scatter.o
        28          0          0          0          0          0   __scatter_zi.o
       346          0          0          0          0         92   aeabi_sdiv.o
        16          0          0          0          0         68   exit.o
         6          0          0          0          0        136   heapauxi.o
         0          0          0          0          0          0   indicate_semi.o
         2          0          0          0          0          0   libinit.o
         2          0          0          0          0          0   libinit2.o
         2          0          0          0          0          0   libshutdown.o
         2          0          0          0          0          0   libshutdown2.o
         8          4          0          0         96         68   libspace.o
        64          0          0          0          0        108   rt_memclr.o
       186          0          0          0          0        144   rt_memcpy.o
         2          0          0          0          0          0   rtexit.o
        10          0          0          0          0          0   rtexit2.o
        12          4          0          0          0         60   sys_exit.o
        62          0          0          0          0         80   sys_stackheap_outer.o
         2          0          0          0          0         68   use_no_semi.o
       108         10          0          0          0         72   dfixi.o
        88          0          0          0          0         92   dflti.o
       584         26          0          0          0         84   dmul.o
       352         10         64          0          0         92   fdiv.o
        76          0          0          0          0         68   ffixi.o
        94          0          0          0          0         92   fflti.o
       176          4          0          0          0         80   fmul.o
         0          0          0          0          0          0   usenofp.o

    ----------------------------------------------------------------------
      8960        404         80        164        104     123102   Library Totals
        12          0          4          0          7          0   (incl. Padding)

    ----------------------------------------------------------------------

      Code (inc. data)   RO Data    RW Data    ZI Data      Debug   Library Name

      6568        338         12        164          1     121630   RTX_CM0.lib
       902         16          0          0         96        892   c_p.l
      1478         50         64          0          0        580   fz_ps.l

    ----------------------------------------------------------------------
      8960        404         80        164        104     123102   Library Totals

    ----------------------------------------------------------------------

==============================================================================


      Code (inc. data)   RO Data    RW Data    ZI Data      Debug   

     11924        890       1268       5160        360     377027   Grand Totals
     11924        890       1268         56        360     377027   ELF Image Totals (compressed)
     11924        890       1268         56          0          0   ROM Totals

==============================================================================

    Total RO  Size (Code + RO Data)                13192 (  12.88kB)
    Total RW  Size (RW Data + ZI Data)              5520 (   5.39kB)
    Total ROM Size (Code + RO Data + RW Data)      13248 (  12.94kB)

==============================================================================

