Component: ARM Compiler 5.06 update 6 (build 750) Tool: armlink [4d35ed]

==============================================================================

Section Cross References

    main.o(i.UART2_thread) refers to rtx_msgqueue.o(.text.osMessageQueueGet) for osMessageQueueGet
    main.o(i.UART2_thread) refers to rtx_evflags.o(.text.osEventFlagsSet) for osEventFlagsSet
    main.o(i.UART2_thread) refers to main.o(i.motor) for motor
    main.o(i.UART2_thread) refers to buzzer.o(i.cruelAngelThesis1Thread) for cruelAngelThesis1Thread
    main.o(i.UART2_thread) refers to buzzer.o(i.cruelAngelThesis4Thread) for cruelAngelThesis4Thread
    main.o(i.UART2_thread) refers to buzzer.o(i.cruelAngelThesis5Thread) for cruelAngelThesis5Thread
    main.o(i.UART2_thread) refers to uart.o(.data) for UARTMsgQ
    main.o(i.UART2_thread) refers to ledcontrol.o(.data) for redDelay
    main.o(i.UART2_thread) refers to buzzer.o(.data) for idleMusicFlag
    main.o(i.main) refers to system_mkl25z4.o(i.SystemCoreClockUpdate) for SystemCoreClockUpdate
    main.o(i.main) refers to pwm.o(i.initPWM) for initPWM
    main.o(i.main) refers to uart.o(i.initUART2) for initUART2
    main.o(i.main) refers to buzzer.o(i.initBuzzer) for initBuzzer
    main.o(i.main) refers to ledcontrol.o(i.initLED) for initLED
    main.o(i.main) refers to rtx_kernel.o(.text.osKernelInitialize) for osKernelInitialize
    main.o(i.main) refers to rtx_thread.o(.text.osThreadNew) for osThreadNew
    main.o(i.main) refers to rtx_kernel.o(.text.osKernelStart) for osKernelStart
    main.o(i.main) refers to main.o(i.UART2_thread) for UART2_thread
    main.o(i.main) refers to buzzer.o(i.cruelAngelThesis2Thread) for cruelAngelThesis2Thread
    main.o(i.main) refers to buzzer.o(i.cruelAngelThesis3Thread) for cruelAngelThesis3Thread
    main.o(i.main) refers to ledcontrol.o(i.led_red_thread) for led_red_thread
    main.o(i.main) refers to ledcontrol.o(i.led_green_running_thread) for led_green_running_thread
    main.o(i.main) refers to ledcontrol.o(i.led_green_stop_thread) for led_green_stop_thread
    main.o(i.motor) refers to pwm.o(i.pwm_forward_left) for pwm_forward_left
    main.o(i.motor) refers to pwm.o(i.pwm_forward_right) for pwm_forward_right
    main.o(i.motor) refers to pwm.o(i.pwm_forward) for pwm_forward
    main.o(i.motor) refers to pwm.o(i.pwm_backward_left) for pwm_backward_left
    main.o(i.motor) refers to pwm.o(i.pwm_backward_right) for pwm_backward_right
    main.o(i.motor) refers to pwm.o(i.pwm_backward) for pwm_backward
    main.o(i.motor) refers to pwm.o(i.pwm_left) for pwm_left
    main.o(i.motor) refers to pwm.o(i.pwm_right) for pwm_right
    main.o(i.motor) refers to pwm.o(i.pwm_stop) for pwm_stop
    uart.o(i.UART2_IRQHandler) refers to uart.o(i.__NVIC_ClearPendingIRQ) for __NVIC_ClearPendingIRQ
    uart.o(i.UART2_IRQHandler) refers to rtx_msgqueue.o(.text.osMessageQueuePut) for osMessageQueuePut
    uart.o(i.UART2_IRQHandler) refers to uart.o(.data) for UARTMsgQ
    uart.o(i.initUART2) refers to aeabi_sdiv.o(.text) for __aeabi_uidivmod
    uart.o(i.initUART2) refers to uart.o(i.__NVIC_SetPriority) for __NVIC_SetPriority
    uart.o(i.initUART2) refers to uart.o(i.__NVIC_ClearPendingIRQ) for __NVIC_ClearPendingIRQ
    uart.o(i.initUART2) refers to rtx_msgqueue.o(.text.osMessageQueueNew) for osMessageQueueNew
    uart.o(i.initUART2) refers to uart.o(.data) for UARTMsgQ
    freqtomod.o(i.freqToMod) refers to fflti.o(.text) for __aeabi_i2f
    freqtomod.o(i.freqToMod) refers to fmul.o(x$fpl$fmul) for __aeabi_fmul
    freqtomod.o(i.freqToMod) refers to fdiv.o(.text) for __aeabi_fdiv
    freqtomod.o(i.freqToMod) refers to ffixi.o(.text) for __aeabi_f2iz
    buzzer.o(i.cruelAngelThesis1Thread) refers to rt_memcpy.o(.emb_text) for __aeabi_memcpy4
    buzzer.o(i.cruelAngelThesis1Thread) refers to freqtomod.o(i.freqToMod) for freqToMod
    buzzer.o(i.cruelAngelThesis1Thread) refers to dflti.o(.text) for __aeabi_ui2d
    buzzer.o(i.cruelAngelThesis1Thread) refers to dmul.o(.text) for __aeabi_dmul
    buzzer.o(i.cruelAngelThesis1Thread) refers to dfixi.o(.text) for __aeabi_d2iz
    buzzer.o(i.cruelAngelThesis1Thread) refers to rtx_delay.o(.text.osDelay) for osDelay
    buzzer.o(i.cruelAngelThesis1Thread) refers to rtx_semaphore.o(.text.osSemaphoreRelease) for osSemaphoreRelease
    buzzer.o(i.cruelAngelThesis1Thread) refers to buzzer.o(.constdata) for .constdata
    buzzer.o(i.cruelAngelThesis1Thread) refers to buzzer.o(.data) for mySem2
    buzzer.o(i.cruelAngelThesis2Thread) refers to rtx_evflags.o(.text.osEventFlagsWait) for osEventFlagsWait
    buzzer.o(i.cruelAngelThesis2Thread) refers to rtx_semaphore.o(.text.osSemaphoreAcquire) for osSemaphoreAcquire
    buzzer.o(i.cruelAngelThesis2Thread) refers to rt_memcpy.o(.emb_text) for __aeabi_memcpy4
    buzzer.o(i.cruelAngelThesis2Thread) refers to freqtomod.o(i.freqToMod) for freqToMod
    buzzer.o(i.cruelAngelThesis2Thread) refers to dflti.o(.text) for __aeabi_ui2d
[...]
    .text                                    0x00000a1a   Section        0  indicate_semi.o(.text)
    [Anonymous Symbol]                       0x00000a54   Section        0  rtx_evflags.o(.text.EventFlagsCheck)
    EventFlagsCheck                          0x00000a55   Thumb Code    78  rtx_evflags.o(.text.EventFlagsCheck)
    [Anonymous Symbol]                       0x00000aa2   Section        0  rtx_msgqueue.o(.text.MessageQueueGet)
    MessageQueueGet                          0x00000aa3   Thumb Code    76  rtx_msgqueue.o(.text.MessageQueueGet)
    [Anonymous Symbol]                       0x00000aee   Section        0  rtx_msgqueue.o(.text.MessageQueuePut)
    MessageQueuePut                          0x00000aef   Thumb Code    98  rtx_msgqueue.o(.text.MessageQueuePut)
    [Anonymous Symbol]                       0x00000b50   Section        0  rtx_msgqueue.o(.text.MessageQueueRemove)
    MessageQueueRemove                       0x00000b51   Thumb Code    30  rtx_msgqueue.o(.text.MessageQueueRemove)
    [Anonymous Symbol]                       0x00000b70   Section        0  os_systick.o(.text.OS_Tick_AcknowledgeIRQ)
    __arm_cp.3_0                             0x00000b78   Number         4  os_systick.o(.text.OS_Tick_AcknowledgeIRQ)
    [Anonymous Symbol]                       0x00000b7c   Section        0  os_systick.o(.text.OS_Tick_Enable)
    __arm_cp.1_0                             0x00000b9c   Number         4  os_systick.o(.text.OS_Tick_Enable)
    __arm_cp.1_1                             0x00000ba0   Number         4  os_systick.o(.text.OS_Tick_Enable)
    __arm_cp.1_2                             0x00000ba4   Number         4  os_systick.o(.text.OS_Tick_Enable)
    [Anonymous Symbol]                       0x00000ba8   Section        0  os_systick.o(.text.OS_Tick_GetIRQn)
    [Anonymous Symbol]                       0x00000bb0   Section        0  os_systick.o(.text.OS_Tick_Setup)
    __arm_cp.0_0                             0x00000bec   Number         4  os_systick.o(.text.OS_Tick_Setup)
    __arm_cp.0_1                             0x00000bf0   Number         4  os_systick.o(.text.OS_Tick_Setup)
    __arm_cp.0_2                             0x00000bf4   Number         4  os_systick.o(.text.OS_Tick_Setup)
    __arm_cp.0_3                             0x00000bf8   Number         4  os_systick.o(.text.OS_Tick_Setup)
    [Anonymous Symbol]                       0x00000bfc   Section        0  rtx_semaphore.o(.text.SemaphoreTokenDecrement)
    SemaphoreTokenDecrement                  0x00000bfd   Thumb Code    36  rtx_semaphore.o(.text.SemaphoreTokenDecrement)
    [Anonymous Symbol]                       0x00000c20   Section        0  rtx_semaphore.o(.text.SemaphoreTokenIncrement)
    SemaphoreTokenIncrement                  0x00000c21   Thumb Code    38  rtx_semaphore.o(.text.SemaphoreTokenIncrement)
    [Anonymous Symbol]                       0x00000c46   Section        0  rtx_thread.o(.text.ThreadFlagsCheck)
    ThreadFlagsCheck                         0x00000c47   Thumb Code    78  rtx_thread.o(.text.ThreadFlagsCheck)
    [Anonymous Symbol]                       0x00000c94   Section        0  rtx_timer.o(.text.TimerInsert)
    TimerInsert                              0x00000c95   Thumb Code    76  rtx_timer.o(.text.TimerInsert)
    __arm_cp.8_0                             0x00000cdc   Number         4  rtx_timer.o(.text.TimerInsert)
    [Anonymous Symbol]                       0x00000ce0   Section        0  rtx_delay.o(.text.osDelay)
    __arm_cp.0_0                             0x00000d04   Number         4  rtx_delay.o(.text.osDelay)
    [Anonymous Symbol]                       0x00000d08   Section        0  rtx_evflags.o(.text.osEventFlagsNew)
    __arm_cp.0_0                             0x00000d28   Number         4  rtx_evflags.o(.text.osEventFlagsNew)
    [Anonymous Symbol]                       0x00000d2c   Section        0  rtx_evflags.o(.text.osEventFlagsSet)
    __arm_cp.2_0                             0x00000d78   Number         4  rtx_evflags.o(.text.osEventFlagsSet)
    [Anonymous Symbol]                       0x00000d7c   Section        0  rtx_evflags.o(.text.osEventFlagsWait)
    __arm_cp.7_0                             0x00000dbc   Number         4  rtx_evflags.o(.text.osEventFlagsWait)
    [Anonymous Symbol]                       0x00000dc0   Section        0  rtx_kernel.o(.text.osKernelGetState)
    __arm_cp.4_0                             0x00000de8   Number         4  rtx_kernel.o(.text.osKernelGetState)
    __arm_cp.4_1                             0x00000dec   Number         4  rtx_kernel.o(.text.osKernelGetState)
    [Anonymous Symbol]                       0x00000df0   Section        0  rtx_kernel.o(.text.osKernelInitialize)
    __arm_cp.1_0                             0x00000e14   Number         4  rtx_kernel.o(.text.osKernelInitialize)
    [Anonymous Symbol]                       0x00000e18   Section        0  rtx_kernel.o(.text.osKernelStart)
    __arm_cp.6_0                             0x00000e38   Number         4  rtx_kernel.o(.text.osKernelStart)
    [Anonymous Symbol]                       0x00000e3c   Section        0  rtx_msgqueue.o(.text.osMessageQueueGet)
    __arm_cp.3_0                             0x00000eac   Number         4  rtx_msgqueue.o(.text.osMessageQueueGet)
    [Anonymous Symbol]                       0x00000eb0   Section        0  rtx_msgqueue.o(.text.osMessageQueueNew)
    __arm_cp.0_0                             0x00000ed0   Number         4  rtx_msgqueue.o(.text.osMessageQueueNew)
    [Anonymous Symbol]                       0x00000ed4   Section        0  rtx_msgqueue.o(.text.osMessageQueuePut)
    __arm_cp.2_0                             0x00000f48   Number         4  rtx_msgqueue.o(.text.osMessageQueuePut)
    [Anonymous Symbol]                       0x00000f4c   Section        0  rtx_mutex.o(.text.osMutexAcquire)
    __arm_cp.3_0                             0x00000f70   Number         4  rtx_mutex.o(.text.osMutexAcquire)
    [Anonymous Symbol]                       0x00000f74   Section        0  rtx_mutex.o(.text.osMutexDelete)
    __arm_cp.6_0                             0x00000f98   Number         4  rtx_mutex.o(.text.osMutexDelete)
    [Anonymous Symbol]                       0x00000f9c   Section        0  rtx_mutex.o(.text.osMutexNew)
    __arm_cp.1_0                             0x00000fbc   Number         4  rtx_mutex.o(.text.osMutexNew)
    [Anonymous Symbol]                       0x00000fc0   Section        0  rtx_mutex.o(.text.osMutexRelease)
    __arm_cp.4_0                             0x00000fe4   Number         4  rtx_mutex.o(.text.osMutexRelease)
    [Anonymous Symbol]                       0x00000fe8   Section        0  rtx_evflags.o(.text.osRtxEventFlagsPostProcess)
    osRtxEventFlagsPostProcess               0x00000fe9   Thumb Code    52  rtx_evflags.o(.text.osRtxEventFlagsPostProcess)
    [Anonymous Symbol]                       0x0000101c   Section        0  rtx_kernel.o(.text.osRtxKernelPreInit)
    [Anonymous Symbol]                       0x0000101e   Section        0  rtx_memory.o(.text.osRtxMemoryAlloc)
    [Anonymous Symbol]                       0x0000109a   Section        0  rtx_memory.o(.text.osRtxMemoryFree)
    [Anonymous Symbol]                       0x000010e8   Section        0  rtx_memory.o(.text.osRtxMemoryInit)
    [Anonymous Symbol]                       0x0000111a   Section        0  rtx_mempool.o(.text.osRtxMemoryPoolAlloc)
    [Anonymous Symbol]                       0x00001148   Section        0  rtx_mempool.o(.text.osRtxMemoryPoolFree)
    [Anonymous Symbol]                       0x00001182   Section        0  rtx_mempool.o(.text.osRtxMemoryPoolInit)
    [Anonymous Symbol]                       0x000011c0   Section        0  rtx_msgqueue.o(.text.osRtxMessageQueuePostProcess)
    osRtxMessageQueuePostProcess             0x000011c1   Thumb Code   188  rtx_msgqueue.o(.text.osRtxMessageQueuePostProcess)
    [Anonymous Symbol]                       0x0000127c   Section        0  rtx_mutex.o(.text.osRtxMutexOwnerRelease)
    [Anonymous Symbol]                       0x000012c0   Section        0  rtx_system.o(.text.osRtxPendSV_Handler)
    __arm_cp.1_0                             0x0000133c   Number         4  rtx_system.o(.text.osRtxPendSV_Handler)
    [Anonymous Symbol]                       0x00001340   Section        0  rtx_system.o(.text.osRtxPostProcess)
    __arm_cp.2_0                             0x000013a4   Number         4  rtx_system.o(.text.osRtxPostProcess)
    __arm_cp.2_1                             0x000013a8   Number         4  rtx_system.o(.text.osRtxPostProcess)
    [Anonymous Symbol]                       0x000013ac   Section        0  rtx_semaphore.o(.text.osRtxSemaphorePostProcess)
    osRtxSemaphorePostProcess                0x000013ad   Thumb Code    36  rtx_semaphore.o(.text.osRtxSemaphorePostProcess)
    [Anonymous Symbol]                       0x000013d0   Section        0  rtx_thread.o(.text.osRtxThreadBlock)
    osRtxThreadBlock                         0x000013d1   Thumb Code    56  rtx_thread.o(.text.osRtxThreadBlock)
    __arm_cp.10_0                            0x00001404   Number         4  rtx_thread.o(.text.osRtxThreadBlock)
    [Anonymous Symbol]                       0x00001408   Section        0  rtx_thread.o(.text.osRtxThreadDelayInsert)
    osRtxThreadDelayInsert                   0x00001409   Thumb Code   128  rtx_thread.o(.text.osRtxThreadDelayInsert)
    __arm_cp.14_0                            0x00001484   Number         4  rtx_thread.o(.text.osRtxThreadDelayInsert)
    [Anonymous Symbol]                       0x00001488   Section        0  rtx_thread.o(.text.osRtxThreadDelayRemove)
    osRtxThreadDelayRemove                   0x00001489   Thumb Code    68  rtx_thread.o(.text.osRtxThreadDelayRemove)
    __arm_cp.12_0                            0x000014c8   Number         4  rtx_thread.o(.text.osRtxThreadDelayRemove)
    [Anonymous Symbol]                       0x000014cc   Section        0  rtx_thread.o(.text.osRtxThreadDelayTick)
    __arm_cp.5_0                             0x00001500   Number         4  rtx_thread.o(.text.osRtxThreadDelayTick)
    [Anonymous Symbol]                       0x00001504   Section        0  rtx_thread.o(.text.osRtxThreadDispatch)
    __arm_cp.9_0                             0x00001550   Number         4  rtx_thread.o(.text.osRtxThreadDispatch)
    [Anonymous Symbol]                       0x00001554   Section        0  rtx_thread.o(.text.osRtxThreadFree)
    osRtxThreadFree                          0x00001555   Thumb Code    84  rtx_thread.o(.text.osRtxThreadFree)
    __arm_cp.52_0                            0x000015a4   Number         4  rtx_thread.o(.text.osRtxThreadFree)
    [Anonymous Symbol]                       0x000015a8   Section        0  rtx_thread.o(.text.osRtxThreadListGet)
    [Anonymous Symbol]                       0x000015bc   Section        0  rtx_thread.o(.text.osRtxThreadListPut)
    [Anonymous Symbol]                       0x000015e8   Section        0  rtx_thread.o(.text.osRtxThreadListRemove)
    [Anonymous Symbol]                       0x00001600   Section        0  rtx_thread.o(.text.osRtxThreadListSort)
    [Anonymous Symbol]                       0x00001626   Section        0  rtx_thread.o(.text.osRtxThreadPostProcess)
    osRtxThreadPostProcess                   0x00001627   Thumb Code    38  rtx_thread.o(.text.osRtxThreadPostProcess)
    [Anonymous Symbol]                       0x0000164c   Section        0  rtx_thread.o(.text.osRtxThreadReadyPut)
    __arm_cp.4_0                             0x00001660   Number         4  rtx_thread.o(.text.osRtxThreadReadyPut)
    [Anonymous Symbol]                       0x00001664   Section        0  rtx_thread.o(.text.osRtxThreadRegPtr)
    [Anonymous Symbol]                       0x0000166c   Section        0  rtx_thread.o(.text.osRtxThreadStackCheck)
    __arm_cp.8_0                             0x00001690   Number         4  rtx_thread.o(.text.osRtxThreadStackCheck)
    __arm_cp.8_1                             0x00001694   Number         4  rtx_thread.o(.text.osRtxThreadStackCheck)
    [Anonymous Symbol]                       0x00001698   Section        0  rtx_thread.o(.text.osRtxThreadStartup)
    __arm_cp.15_0                            0x000016c8   Number         4  rtx_thread.o(.text.osRtxThreadStartup)
    __arm_cp.15_1                            0x000016cc   Number         4  rtx_thread.o(.text.osRtxThreadStartup)
    __arm_cp.15_2                            0x000016d0   Number         4  rtx_thread.o(.text.osRtxThreadStartup)
    __arm_cp.15_3                            0x000016d4   Number         4  rtx_thread.o(.text.osRtxThreadStartup)
    [Anonymous Symbol]                       0x000016d8   Section        0  rtx_thread.o(.text.osRtxThreadSwitch)
    __arm_cp.7_0                             0x000016e8   Number         4  rtx_thread.o(.text.osRtxThreadSwitch)
    [Anonymous Symbol]                       0x000016ec   Section        0  rtx_thread.o(.text.osRtxThreadWaitEnter)
    __arm_cp.13_0                            0x00001724   Number         4  rtx_thread.o(.text.osRtxThreadWaitEnter)
    [Anonymous Symbol]                       0x00001728   Section        0  rtx_thread.o(.text.osRtxThreadWaitExit)
    [Anonymous Symbol]                       0x0000174c   Section        0  rtx_system.o(.text.osRtxTick_Handler)
    __arm_cp.0_0                             0x000017bc   Number         4  rtx_system.o(.text.osRtxTick_Handler)
    [Anonymous Symbol]                       0x000017c0   Section        0  rtx_timer.o(.text.osRtxTimerThread)
    __arm_cp.0_0                             0x000017f0   Number         4  rtx_timer.o(.text.osRtxTimerThread)
    __arm_cp.0_1                             0x000017f4   Number         4  rtx_timer.o(.text.osRtxTimerThread)
    __arm_cp.0_2                             0x000017f8   Number         4  rtx_timer.o(.text.osRtxTimerThread)
    [Anonymous Symbol]                       0x000017fc   Section        0  rtx_timer.o(.text.osRtxTimerTick)
    osRtxTimerTick                           0x000017fd   Thumb Code    96  rtx_timer.o(.text.osRtxTimerTick)
    __arm_cp.1_0                             0x00001858   Number         4  rtx_timer.o(.text.osRtxTimerTick)
    [Anonymous Symbol]                       0x0000185c   Section        0  rtx_semaphore.o(.text.osSemaphoreAcquire)
    __arm_cp.2_0                             0x0000189c   Number         4  rtx_semaphore.o(.text.osSemaphoreAcquire)
    [Anonymous Symbol]                       0x000018a0   Section        0  rtx_semaphore.o(.text.osSemaphoreNew)
    __arm_cp.0_0                             0x000018c0   Number         4  rtx_semaphore.o(.text.osSemaphoreNew)
    [Anonymous Symbol]                       0x000018c4   Section        0  rtx_semaphore.o(.text.osSemaphoreRelease)
    __arm_cp.3_0                             0x0000190c   Number         4  rtx_semaphore.o(.text.osSemaphoreRelease)
    [Anonymous Symbol]                       0x00001910   Section        0  rtx_thread.o(.text.osThreadExit)
    __arm_cp.31_0                            0x00001918   Number         4  rtx_thread.o(.text.osThreadExit)
    [Anonymous Symbol]                       0x0000191c   Section        0  rtx_thread.o(.text.osThreadNew)
    __arm_cp.17_0                            0x0000193c   Number         4  rtx_thread.o(.text.osThreadNew)
    [Anonymous Symbol]                       0x00001940   Section        0  rtx_delay.o(.text.svcRtxDelay)
    svcRtxDelay                              0x00001941   Thumb Code    18  rtx_delay.o(.text.svcRtxDelay)
    [Anonymous Symbol]                       0x00001954   Section        0  rtx_evflags.o(.text.svcRtxEventFlagsNew)
    svcRtxEventFlagsNew                      0x00001955   Thumb Code   116  rtx_evflags.o(.text.svcRtxEventFlagsNew)
    __arm_cp.9_0                             0x000019c0   Number         4  rtx_evflags.o(.text.svcRtxEventFlagsNew)
    __arm_cp.9_1                             0x000019c4   Number         4  rtx_evflags.o(.text.svcRtxEventFlagsNew)
    [Anonymous Symbol]                       0x000019c8   Section        0  rtx_evflags.o(.text.svcRtxEventFlagsSet)
    svcRtxEventFlagsSet                      0x000019c9   Thumb Code   124  rtx_evflags.o(.text.svcRtxEventFlagsSet)
    [Anonymous Symbol]                       0x00001a44   Section        0  rtx_evflags.o(.text.svcRtxEventFlagsWait)
    svcRtxEventFlagsWait                     0x00001a45   Thumb Code   100  rtx_evflags.o(.text.svcRtxEventFlagsWait)
    __arm_cp.14_0                            0x00001aa4   Number         4  rtx_evflags.o(.text.svcRtxEventFlagsWait)
    [Anonymous Symbol]                       0x00001aa8   Section        0  rtx_kernel.o(.text.svcRtxKernelGetState)
    svcRtxKernelGetState                     0x00001aa9   Thumb Code    12  rtx_kernel.o(.text.svcRtxKernelGetState)
    __arm_cp.5_0                             0x00001ab0   Number         4  rtx_kernel.o(.text.svcRtxKernelGetState)
    [Anonymous Symbol]                       0x00001ab4   Section        0  rtx_kernel.o(.text.svcRtxKernelInitialize)
    svcRtxKernelInitialize                   0x00001ab5   Thumb Code   328  rtx_kernel.o(.text.svcRtxKernelInitialize)
    __arm_cp.20_0                            0x00001bf0   Number         4  rtx_kernel.o(.text.svcRtxKernelInitialize)
    __arm_cp.20_1                            0x00001bf4   Number         4  rtx_kernel.o(.text.svcRtxKernelInitialize)
    __arm_cp.20_2                            0x00001bf8   Number         4  rtx_kernel.o(.text.svcRtxKernelInitialize)
    [Anonymous Symbol]                       0x00001bfc   Section        0  rtx_kernel.o(.text.svcRtxKernelStart)
    svcRtxKernelStart                        0x00001bfd   Thumb Code   132  rtx_kernel.o(.text.svcRtxKernelStart)
    __arm_cp.21_0                            0x00001c70   Number         4  rtx_kernel.o(.text.svcRtxKernelStart)
    __arm_cp.21_1                            0x00001c74   Number         4  rtx_kernel.o(.text.svcRtxKernelStart)
    __arm_cp.21_2                            0x00001c78   Number         4  rtx_kernel.o(.text.svcRtxKernelStart)
    __arm_cp.21_3                            0x00001c7c   Number         4  rtx_kernel.o(.text.svcRtxKernelStart)
    [Anonymous Symbol]                       0x00001c80   Section        0  rtx_msgqueue.o(.text.svcRtxMessageQueueGet)
    svcRtxMessageQueueGet                    0x00001c81   Thumb Code   232  rtx_msgqueue.o(.text.svcRtxMessageQueueGet)
    __arm_cp.21_0                            0x00001d64   Number         4  rtx_msgqueue.o(.text.svcRtxMessageQueueGet)
    [Anonymous Symbol]                       0x00001d68   Section        0  rtx_msgqueue.o(.text.svcRtxMessageQueueNew)
    svcRtxMessageQueueNew                    0x00001d69   Thumb Code   484  rtx_msgqueue.o(.text.svcRtxMessageQueueNew)
    __arm_cp.14_0                            0x00001f34   Number         4  rtx_msgqueue.o(.text.svcRtxMessageQueueNew)
    __arm_cp.14_1                            0x00001f38   Number         4  rtx_msgqueue.o(.text.svcRtxMessageQueueNew)
    __arm_cp.14_2                            0x00001f3c   Number         4  rtx_msgqueue.o(.text.svcRtxMessageQueueNew)
    __arm_cp.14_3                            0x00001f40   Number         4  rtx_msgqueue.o(.text.svcRtxMessageQueueNew)
    __arm_cp.14_4                            0x00001f44   Number         4  rtx_msgqueue.o(.text.svcRtxMessageQueueNew)
    __arm_cp.14_5                            0x00001f48   Number         4  rtx_msgqueue.o(.text.svcRtxMessageQueueNew)
    [Anonymous Symbol]                       0x00001f4c   Section        0  rtx_msgqueue.o(.text.svcRtxMessageQueuePut)
    svcRtxMessageQueuePut                    0x00001f4d   Thumb Code   188  rtx_msgqueue.o(.text.svcRtxMessageQueuePut)
    __arm_cp.19_0                            0x00002004   Number         4  rtx_msgqueue.o(.text.svcRtxMessageQueuePut)
    [Anonymous Symbol]                       0x00002008   Section        0  rtx_mutex.o(.text.svcRtxMutexAcquire)
    svcRtxMutexAcquire                       0x00002009   Thumb Code   152  rtx_mutex.o(.text.svcRtxMutexAcquire)
    __arm_cp.9_0                             0x0000209c   Number         4  rtx_mutex.o(.text.svcRtxMutexAcquire)
    [Anonymous Symbol]                       0x000020a0   Section        0  rtx_mutex.o(.text.svcRtxMutexDelete)
    svcRtxMutexDelete                        0x000020a1   Thumb Code   188  rtx_mutex.o(.text.svcRtxMutexDelete)
    __arm_cp.12_0                            0x00002158   Number         4  rtx_mutex.o(.text.svcRtxMutexDelete)
    [Anonymous Symbol]                       0x0000215c   Section        0  rtx_mutex.o(.text.svcRtxMutexNew)
    svcRtxMutexNew                           0x0000215d   Thumb Code   112  rtx_mutex.o(.text.svcRtxMutexNew)
    __arm_cp.7_0                             0x000021c8   Number         4  rtx_mutex.o(.text.svcRtxMutexNew)
    [Anonymous Symbol]                       0x000021cc   Section        0  rtx_mutex.o(.text.svcRtxMutexRelease)
    svcRtxMutexRelease                       0x000021cd   Thumb Code   192  rtx_mutex.o(.text.svcRtxMutexRelease)
    __arm_cp.10_0                            0x00002288   Number         4  rtx_mutex.o(.text.svcRtxMutexRelease)
    [Anonymous Symbol]                       0x0000228c   Section        0  rtx_semaphore.o(.text.svcRtxSemaphoreAcquire)
    svcRtxSemaphoreAcquire                   0x0000228d   Thumb Code    76  rtx_semaphore.o(.text.svcRtxSemaphoreAcquire)
    __arm_cp.11_0                            0x000022d4   Number         4  rtx_semaphore.o(.text.svcRtxSemaphoreAcquire)
    [Anonymous Symbol]                       0x000022d8   Section        0  rtx_semaphore.o(.text.svcRtxSemaphoreNew)
    svcRtxSemaphoreNew                       0x000022d9   Thumb Code   136  rtx_semaphore.o(.text.svcRtxSemaphoreNew)
    __arm_cp.7_0                             0x00002354   Number         4  rtx_semaphore.o(.text.svcRtxSemaphoreNew)
    __arm_cp.7_1                             0x00002358   Number         4  rtx_semaphore.o(.text.svcRtxSemaphoreNew)
    __arm_cp.7_2                             0x0000235c   Number         4  rtx_semaphore.o(.text.svcRtxSemaphoreNew)
    [Anonymous Symbol]                       0x00002360   Section        0  rtx_semaphore.o(.text.svcRtxSemaphoreRelease)
    svcRtxSemaphoreRelease                   0x00002361   Thumb Code    56  rtx_semaphore.o(.text.svcRtxSemaphoreRelease)
    [Anonymous Symbol]                       0x00002398   Section        0  rtx_thread.o(.text.svcRtxThreadExit)
    svcRtxThreadExit                         0x00002399   Thumb Code   108  rtx_thread.o(.text.svcRtxThreadExit)
    __arm_cp.54_0                            0x00002400   Number         4  rtx_thread.o(.text.svcRtxThreadExit)
    [Anonymous Symbol]                       0x00002404   Section        0  rtx_thread.o(.text.svcRtxThreadNew)
    svcRtxThreadNew                          0x00002405   Thumb Code   492  rtx_thread.o(.text.svcRtxThreadNew)
    __arm_cp.16_0                            0x000025d8   Number         4  rtx_thread.o(.text.svcRtxThreadNew)
    __arm_cp.16_1                            0x000025dc   Number         4  rtx_thread.o(.text.svcRtxThreadNew)
    __arm_cp.16_2                            0x000025e0   Number         4  rtx_thread.o(.text.svcRtxThreadNew)
    __arm_cp.16_3                            0x000025e4   Number         4  rtx_thread.o(.text.svcRtxThreadNew)
    __arm_cp.16_4                            0x000025e8   Number         4  rtx_thread.o(.text.svcRtxThreadNew)
    __arm_cp.16_5                            0x000025ec   Number         4  rtx_thread.o(.text.svcRtxThreadNew)
    i.SystemCoreClockUpdate                  0x000025f0   Section        0  system_mkl25z4.o(i.SystemCoreClockUpdate)
    i.SystemInit                             0x00002780   Section        0  system_mkl25z4.o(i.SystemInit)
    i.UART2_IRQHandler                       0x0000278c   Section        0  uart.o(i.UART2_IRQHandler)
    i.UART2_thread                           0x000027b8   Section        0  main.o(i.UART2_thread)
    i.__ARM_common_switch8                   0x00002840   Section        0  rtx_config.o(i.__ARM_common_switch8)
    i.__NVIC_ClearPendingIRQ                 0x0000285c   Section        0  uart.o(i.__NVIC_ClearPendingIRQ)
    __NVIC_ClearPendingIRQ                   0x0000285d   Thumb Code    18  uart.o(i.__NVIC_ClearPendingIRQ)
    i.__NVIC_SetPriority                     0x00002874   Section        0  uart.o(i.__NVIC_SetPriority)
    __NVIC_SetPriority                       0x00002875   Thumb Code   110  uart.o(i.__NVIC_SetPriority)
    i._mutex_acquire                         0x000028ec   Section        0  rtx_lib.o(i._mutex_acquire)
    __tagsym$$used                           0x000028ed   Number         0  rtx_lib.o(i._mutex_acquire)
    i._mutex_free                            0x00002904   Section        0  rtx_lib.o(i._mutex_free)
    __tagsym$$used                           0x00002905   Number         0  rtx_lib.o(i._mutex_free)
    i._mutex_initialize                      0x00002910   Section        0  rtx_lib.o(i._mutex_initialize)
    __tagsym$$used                           0x00002911   Number         0  rtx_lib.o(i._mutex_initialize)
    i._mutex_release                         0x00002934   Section        0  rtx_lib.o(i._mutex_release)
    __tagsym$$used                           0x00002935   Number         0  rtx_lib.o(i._mutex_release)
    i._platform_post_stackheap_init          0x00002948   Section        0  rtx_lib.o(i._platform_post_stackheap_init)
    i.cruelAngelThesis1Thread                0x00002950   Section        0  buzzer.o(i.cruelAngelThesis1Thread)
    i.cruelAngelThesis2Thread                0x000029d0   Section        0  buzzer.o(i.cruelAngelThesis2Thread)
    i.cruelAngelThesis3Thread                0x00002a6c   Section        0  buzzer.o(i.cruelAngelThesis3Thread)
    i.cruelAngelThesis4Thread                0x00002b68   Section        0  buzzer.o(i.cruelAngelThesis4Thread)
    i.cruelAngelThesis5Thread                0x00002be8   Section        0  buzzer.o(i.cruelAngelThesis5Thread)
    i.freqToMod                              0x00002c70   Section        0  freqtomod.o(i.freqToMod)
    i.initBuzzer                             0x00002c9c   Section        0  buzzer.o(i.initBuzzer)
    i.initLED                                0x00002dcc   Section        0  ledcontrol.o(i.initLED)
    i.initPWM                                0x00002ec8   Section        0  pwm.o(i.initPWM)
    i.initUART2                              0x00003010   Section        0  uart.o(i.initUART2)
    i.led_green_running_thread               0x000030ec   Section        0  ledcontrol.o(i.led_green_running_thread)
    i.led_green_stop_thread                  0x00003164   Section        0  ledcontrol.o(i.led_green_stop_thread)
    i.led_red_thread                         0x00003198   Section        0  ledcontrol.o(i.led_red_thread)
    i.main                                   0x000031c0   Section        0  main.o(i.main)
    i.motor                                  0x00003238   Section        0  main.o(i.motor)
    i.osRtxErrorNotify                       0x000032b2   Section        0  rtx_config.o(i.osRtxErrorNotify)
    i.osRtxIdleThread                        0x000032d2   Section        0  rtx_config.o(i.osRtxIdleThread)
    i.os_kernel_is_active                    0x000032d8   Section        0  rtx_lib.o(i.os_kernel_is_active)
    os_kernel_is_active                      0x000032d9   Thumb Code    30  rtx_lib.o(i.os_kernel_is_active)
    i.pwm_backward                           0x000032fc   Section        0  pwm.o(i.pwm_backward)
    i.pwm_backward_left                      0x00003320   Section        0  pwm.o(i.pwm_backward_left)
    i.pwm_backward_right                     0x00003348   Section        0  pwm.o(i.pwm_backward_right)
    i.pwm_forward                            0x00003370   Section        0  pwm.o(i.pwm_forward)
    i.pwm_forward_left                       0x00003394   Section        0  pwm.o(i.pwm_forward_left)
    i.pwm_forward_right                      0x000033bc   Section        0  pwm.o(i.pwm_forward_right)
    i.pwm_left                               0x000033e4   Section        0  pwm.o(i.pwm_left)
    i.pwm_right                              0x00003414   Section        0  pwm.o(i.pwm_right)
    i.pwm_stop                               0x00003444   Section        0  pwm.o(i.pwm_stop)
    x$fpl$fmul                               0x00003468   Section      176  fmul.o(x$fpl$fmul)
    .constdata                               0x00003518   Section      712  buzzer.o(.constdata)
    x$fpl$usenofp                            0x00003518   Section        0  usenofp.o(x$fpl$usenofp)
    .constdata                               0x000037e0   Section       24  ledcontrol.o(.constdata)
    .constdata                               0x000037f8   Section      100  rtx_lib.o(.constdata)
    os_idle_thread_attr                      0x000037f8   Data          36  rtx_lib.o(.constdata)
    os_timer_thread_attr                     0x0000381c   Data          36  rtx_lib.o(.constdata)
    os_timer_mq_attr                         0x00003840   Data          24  rtx_lib.o(.constdata)
    .constdata                               0x0000385c   Section        1  irq_cm0.o(.constdata)
    .constdata                               0x0000385d   Section       64  fdiv.o(.constdata)
    fdiv_tab                                 0x0000385d   Data          64  fdiv.o(.constdata)
    .rodata                                  0x000038a0   Section      160  rtx_lib.o(.rodata)
    __tagsym$$used                           0x000038a0   Number         0  rtx_lib.o(.rodata)
    __tagsym$$used                           0x00003908   Number         0  rtx_lib.o(.rodata)
    [Anonymous Symbol]                       0x00003940   Section        0  rtx_kernel.o(.rodata.str1.4)
    .L.str                                   0x00003940   Data          11  rtx_kernel.o(.rodata.str1.4)
    .bss.os                                  0x1ffff000   Section     4160  rtx_lib.o(.bss.os)
    os_mem                                   0x1ffff000   Data        4096  rtx_lib.o(.bss.os)
    os_isr_queue                             0x20000000   Data          64  rtx_lib.o(.bss.os)
    .bss.os.msgqueue.cb                      0x20000040   Section       52  rtx_lib.o(.bss.os.msgqueue.cb)
    os_timer_mq_cb                           0x20000040   Data          52  rtx_lib.o(.bss.os.msgqueue.cb)
    .bss.os.msgqueue.mem                     0x20000074   Section       80  rtx_lib.o(.bss.os.msgqueue.mem)
    os_timer_mq_data                         0x20000074   Data          80  rtx_lib.o(.bss.os.msgqueue.mem)
    .bss.os.thread.cb                        0x200000c4   Section      136  rtx_lib.o(.bss.os.thread.cb)
    os_idle_thread_cb                        0x200000c4   Data          68  rtx_lib.o(.bss.os.thread.cb)
    os_timer_thread_cb                       0x20000108   Data          68  rtx_lib.o(.bss.os.thread.cb)
    .bss.os.thread.stack                     0x20000150   Section      512  rtx_lib.o(.bss.os.thread.stack)
    os_idle_thread_stack                     0x20000150   Data         256  rtx_lib.o(.bss.os.thread.stack)
    os_timer_thread_stack                    0x20000250   Data         256  rtx_lib.o(.bss.os.thread.stack)
    .data                                    0x20000350   Section        4  uart.o(.data)
    .data                                    0x20000354   Section       32  buzzer.o(.data)
    .data                                    0x20000374   Section       12  ledcontrol.o(.data)
    .data                                    0x20000380   Section        5  rtx_lib.o(.data)
    os_kernel_active                         0x20000384   Data           1  rtx_lib.o(.data)
    .data                                    0x20000388   Section        4  system_mkl25z4.o(.data)
    .bss                                     0x20000430   Section       96  libspace.o(.bss)
    [Anonymous Symbol]                       0x20000490   Section        0  os_systick.o(.bss.PendST)
    PendST                                   0x20000490   Data           1  os_systick.o(.bss.PendST)
    HEAP                                     0x20000498   Section        0  startup_mkl25z4.o(HEAP)
    STACK                                    0x20000498   Section      256  startup_mkl25z4.o(STACK)
    Heap_Mem                                 0x20000498   Data           0  startup_mkl25z4.o(HEAP)
    Stack_Mem                                0x20000498   Data         256  startup_mkl25z4.o(STACK)
    __initial_sp                             0x20000598   Data           0  startup_mkl25z4.o(STACK)

    Global Symbols

    Symbol Name                              Value     Ov Type        Size  Object(Section)

    BuildAttributes$$THM_ISAv3M$S$PE$A:L22$X:L11$S22$IEEE1$IW$~IW$USESV6$~STKCKD$USESV7$~SHL$OSPACE$ROPI$EBA8$UX$STANDARDLIB$REQ8$PRES8$EABIv2 0x00000000   Number         0  anon$$obj.o ABSOLUTE
    __ARM_use_no_argv                        0x00000000   Number         0  main.o ABSOLUTE
    __Vectors                                0x00000000   Data           4  startup_mkl25z4.o(RESET)
    .bss.os.evflags.cb$$Base                  - Undefined Weak Reference
    .bss.os.evflags.cb$$Limit                 - Undefined Weak Reference
    .bss.os.mempool.cb$$Base                  - Undefined Weak Reference
    .bss.os.mempool.cb$$Limit                 - Undefined Weak Reference
    .bss.os.mutex.cb$$Base                    - Undefined Weak Reference
    .bss.os.mutex.cb$$Limit                   - Undefined Weak Reference
    .bss.os.semaphore.cb$$Base                - Undefined Weak Reference
    .bss.os.semaphore.cb$$Limit               - Undefined Weak Reference
    .bss.os.timer.cb$$Base                    - Undefined Weak Reference
    .bss.os.timer.cb$$Limit                   - Undefined Weak Reference
    __ARM_exceptions_init                     - Undefined Weak Reference
    __alloca_initialize                       - Undefined Weak Reference
    __arm_preinit_                            - Undefined Weak Reference
    __cpp_initialize__aeabi_                  - Undefined Weak Reference
    __cxa_finalize                            - Undefined Weak Reference
    __rt_locale                               - Undefined Weak Reference
    __sigvec_lookup                           - Undefined Weak Reference
    _atexit_init                              - Undefined Weak Reference
    _call_atexit_fns                          - Undefined Weak Reference
    _clock_init                               - Undefined Weak Reference
    _fp_trap_init                             - Undefined Weak Reference
    _fp_trap_shutdown                         - Undefined Weak Reference
    _get_lc_collate                           - Undefined Weak Reference
    _get_lc_ctype                             - Undefined Weak Reference
    _get_lc_monetary                          - Undefined Weak Reference
    _get_lc_numeric                           - Undefined Weak Reference
    _get_lc_time                              - Undefined Weak Reference
    _getenv_init                              - Undefined Weak Reference
    _handle_redirection                       - Undefined Weak Reference
    _init_alloc                               - Undefined Weak Reference
    _init_user_alloc                          - Undefined Weak Reference
    _initio                                   - Undefined Weak Reference
    _rand_init                                - Undefined Weak Reference
    _signal_finish                            - Undefined Weak Reference
    _signal_init                              - Undefined Weak Reference
    _terminate_alloc                          - Undefined Weak Reference
    _terminate_user_alloc                     - Undefined Weak Reference
    _terminateio                              - Undefined Weak Reference
    __Vectors_End                            0x000000c0   Data           0  startup_mkl25z4.o(RESET)
    __Vectors_Size                           0x000000c0   Number         0  startup_mkl25z4.o ABSOLUTE
    __main                                   0x000000c1   Thumb Code     8  __main.o(!!!main)
    __scatterload                            0x000000c9   Thumb Code     0  __scatter.o(!!!scatter)
    __scatterload_rt2                        0x000000c9   Thumb Code    52  __scatter.o(!!!scatter)
    __scatterload_rt2_thumb_only             0x000000c9   Thumb Code     0  __scatter.o(!!!scatter)
    __scatterload_null                       0x000000d9   Thumb Code     0  __scatter.o(!!!scatter)
    __scatterload_zeroinit                   0x00000105   Thumb Code    28  __scatter_zi.o(!!handler_zi)
    __rt_lib_init                            0x00000121   Thumb Code     0  libinit.o(.ARM.Collect$$libinit$$00000000)
    __rt_lib_init_alloca_1                   0x00000123   Thumb Code     0  libinit2.o(.ARM.Collect$$libinit$$0000002E)
    __rt_lib_init_argv_1                     0x00000123   Thumb Code     0  libinit2.o(.ARM.Collect$$libinit$$0000002C)
    __rt_lib_init_atexit_1                   0x00000123   Thumb Code     0  libinit2.o(.ARM.Collect$$libinit$$0000001B)
    __rt_lib_init_clock_1                    0x00000123   Thumb Code     0  libinit2.o(.ARM.Collect$$libinit$$00000021)
    __rt_lib_init_cpp_1                      0x00000123   Thumb Code     0  libinit2.o(.ARM.Collect$$libinit$$00000032)
    __rt_lib_init_exceptions_1               0x00000123   Thumb Code     0  libinit2.o(.ARM.Collect$$libinit$$00000030)
    __rt_lib_init_fp_1                       0x00000123   Thumb Code     0  libinit2.o(.ARM.Collect$$libinit$$00000002)
    __rt_lib_init_fp_trap_1                  0x00000123   Thumb Code     0  libinit2.o(.ARM.Collect$$libinit$$0000001F)
    __rt_lib_init_getenv_1                   0x00000123   Thumb Code     0  libinit2.o(.ARM.Collect$$libinit$$00000023)
    __rt_lib_init_heap_1                     0x00000123   Thumb Code     0  libinit2.o(.ARM.Collect$$libinit$$0000000A)
    __rt_lib_init_lc_collate_1               0x00000123   Thumb Code     0  libinit2.o(.ARM.Collect$$libinit$$00000011)
    __rt_lib_init_lc_ctype_1                 0x00000123   Thumb Code     0  libinit2.o(.ARM.Collect$$libinit$$00000013)
    __rt_lib_init_lc_monetary_1              0x00000123   Thumb Code     0  libinit2.o(.ARM.Collect$$libinit$$00000015)
    __rt_lib_init_lc_numeric_1               0x00000123   Thumb Code     0  libinit2.o(.ARM.Collect$$libinit$$00000017)
    __rt_lib_init_lc_time_1                  0x00000123   Thumb Code     0  libinit2.o(.ARM.Collect$$libinit$$00000019)
    __rt_lib_init_preinit_1                  0x00000123   Thumb Code     0  libinit2.o(.ARM.Collect$$libinit$$00000004)
    __rt_lib_init_rand_1                     0x00000123   Thumb Code     0  libinit2.o(.ARM.Collect$$libinit$$0000000E)
    __rt_lib_init_return                     0x00000123   Thumb Code     0  libinit2.o(.ARM.Collect$$libinit$$00000033)
    __rt_lib_init_signal_1                   0x00000123   Thumb Code     0  libinit2.o(.ARM.Collect$$libinit$$0000001D)
    __rt_lib_init_stdio_1                    0x00000123   Thumb Code     0  libinit2.o(.ARM.Collect$$libinit$$00000025)
    __rt_lib_init_user_alloc_1               0x00000123   Thumb Code     0  libinit2.o(.ARM.Collect$$libinit$$0000000C)
    __rt_lib_shutdown                        0x00000125   Thumb Code     0  libshutdown.o(.ARM.Collect$$libshutdown$$00000000)
    __rt_lib_shutdown_cpp_1                  0x00000127   Thumb Code     0  libshutdown2.o(.ARM.Collect$$libshutdown$$00000002)
    __rt_lib_shutdown_fp_trap_1              0x00000127   Thumb Code     0  libshutdown2.o(.ARM.Collect$$libshutdown$$00000007)
    __rt_lib_shutdown_heap_1                 0x00000127   Thumb Code     0  libshutdown2.o(.ARM.Collect$$libshutdown$$0000000F)
    __rt_lib_shutdown_return                 0x00000127   Thumb Code     0  libshutdown2.o(.ARM.Collect$$libshutdown$$00000010)
    __rt_lib_shutdown_signal_1               0x00000127   Thumb Code     0  libshutdown2.o(.ARM.Collect$$libshutdown$$0000000A)
    __rt_lib_shutdown_stdio_1                0x00000127   Thumb Code     0  libshutdown2.o(.ARM.Collect$$libshutdown$$00000004)
    __rt_lib_shutdown_user_alloc_1           0x00000127   Thumb Code     0  libshutdown2.o(.ARM.Collect$$libshutdown$$0000000C)
    __rt_entry                               0x00000129   Thumb Code     0  __rtentry.o(.ARM.Collect$$rtentry$$00000000)
    __rt_entry_presh_1                       0x00000129   Thumb Code     0  __rtentry2.o(.ARM.Collect$$rtentry$$00000002)
    __rt_entry_sh                            0x00000129   Thumb Code     0  __rtentry4.o(.ARM.Collect$$rtentry$$00000004)
    __rt_entry_postsh_1                      0x0000012f   Thumb Code     0  __rtentry2.o(.ARM.Collect$$rtentry$$00000008)
    __rt_entry_li                            0x00000137   Thumb Code     0  __rtentry2.o(.ARM.Collect$$rtentry$$0000000A)
    __rt_entry_main                          0x0000013b   Thumb Code     0  __rtentry2.o(.ARM.Collect$$rtentry$$0000000D)
    __rt_entry_postli_1                      0x0000013b   Thumb Code     0  __rtentry2.o(.ARM.Collect$$rtentry$$0000000C)
    __rt_exit                                0x00000143   Thumb Code     0  rtexit.o(.ARM.Collect$$rtexit$$00000000)
    __rt_exit_ls                             0x00000145   Thumb Code     0  rtexit2.o(.ARM.Collect$$rtexit$$00000003)
    __rt_exit_prels_1                        0x00000145   Thumb Code     0  rtexit2.o(.ARM.Collect$$rtexit$$00000002)
    __rt_exit_exit                           0x00000149   Thumb Code     0  rtexit2.o(.ARM.Collect$$rtexit$$00000004)
    __aeabi_memcpy4                          0x00000151   Thumb Code    56  rt_memcpy.o(.emb_text)
    __aeabi_memcpy8                          0x00000151   Thumb Code     0  rt_memcpy.o(.emb_text)
    Reset_Handler                            0x00000189   Thumb Code    12  startup_mkl25z4.o(.text)
    NMI_Handler                              0x00000195   Thumb Code     2  startup_mkl25z4.o(.text)
    HardFault_Handler                        0x00000197   Thumb Code     2  startup_mkl25z4.o(.text)
    ADC0_IRQHandler                          0x0000019f   Thumb Code     0  startup_mkl25z4.o(.text)
    CMP0_IRQHandler                          0x0000019f   Thumb Code     0  startup_mkl25z4.o(.text)
    DAC0_IRQHandler                          0x0000019f   Thumb Code     0  startup_mkl25z4.o(.text)
    DMA0_IRQHandler                          0x0000019f   Thumb Code     0  startup_mkl25z4.o(.text)
    DMA1_IRQHandler                          0x0000019f   Thumb Code     0  startup_mkl25z4.o(.text)
    DMA2_IRQHandler                          0x0000019f   Thumb Code     0  startup_mkl25z4.o(.text)
    DMA3_IRQHandler                          0x0000019f   Thumb Code     0  startup_mkl25z4.o(.text)
    DefaultISR                               0x0000019f   Thumb Code     0  startup_mkl25z4.o(.text)
    FTFA_IRQHandler                          0x0000019f   Thumb Code     0  startup_mkl25z4.o(.text)
    I2C0_IRQHandler                          0x0000019f   Thumb Code     0  startup_mkl25z4.o(.text)
    I2C1_IRQHandler                          0x0000019f   Thumb Code     0  startup_mkl25z4.o(.text)
    LLWU_IRQHandler                          0x0000019f   Thumb Code     0  startup_mkl25z4.o(.text)
    LPTMR0_IRQHandler                        0x0000019f   Thumb Code     0  startup_mkl25z4.o(.text)
    LVD_LVW_IRQHandler                       0x0000019f   Thumb Code     0  startup_mkl25z4.o(.text)
    MCG_IRQHandler                           0x0000019f   Thumb Code     0  startup_mkl25z4.o(.text)
    PIT_IRQHandler                           0x0000019f   Thumb Code     0  startup_mkl25z4.o(.text)
    PORTA_IRQHandler                         0x0000019f   Thumb Code     0  startup_mkl25z4.o(.text)
    PORTD_IRQHandler                         0x0000019f   Thumb Code     0  startup_mkl25z4.o(.text)
    RTC_IRQHandler                           0x0000019f   Thumb Code     0  startup_mkl25z4.o(.text)
    RTC_Seconds_IRQHandler                   0x0000019f   Thumb Code     0  startup_mkl25z4.o(.text)
    Reserved20_IRQHandler                    0x0000019f   Thumb Code     0  startup_mkl25z4.o(.text)
    Reserved39_IRQHandler                    0x0000019f   Thumb Code     0  startup_mkl25z4.o(.text)
    Reserved45_IRQHandler                    0x0000019f   Thumb Code     0  startup_mkl25z4.o(.text)
    SPI0_IRQHandler                          0x0000019f   Thumb Code     0  startup_mkl25z4.o(.text)
    SPI1_IRQHandler                          0x0000019f   Thumb Code     0  startup_mkl25z4.o(.text)
    TPM0_IRQHandler                          0x0000019f   Thumb Code     0  startup_mkl25z4.o(.text)
    TPM1_IRQHandler                          0x0000019f   Thumb Code     0  startup_mkl25z4.o(.text)
    TPM2_IRQHandler                          0x0000019f   Thumb Code     0  startup_mkl25z4.o(.text)
    TSI0_IRQHandler                          0x0000019f   Thumb Code     0  startup_mkl25z4.o(.text)
    UART0_IRQHandler                         0x0000019f   Thumb Code     0  startup_mkl25z4.o(.text)
    UART1_IRQHandler                         0x0000019f   Thumb Code     0  startup_mkl25z4.o(.text)
    USB0_IRQHandler                          0x0000019f   Thumb Code     0  startup_mkl25z4.o(.text)
    __user_initial_stackheap                 0x000001a5   Thumb Code     0  startup_mkl25z4.o(.text)
    SVC_Handler                              0x000001c9   Thumb Code   132  irq_cm0.o(.text)
    PendSV_Handler                           0x0000024d   Thumb Code    12  irq_cm0.o(.text)
    SysTick_Handler                          0x00000259   Thumb Code    12  irq_cm0.o(.text)
    __aeabi_memcpy                           0x0000026d   Thumb Code   130  rt_memcpy.o(.text)
    __rt_memcpy                              0x0000026d   Thumb Code     0  rt_memcpy.o(.text)
    _memset_w                                0x000002ef   Thumb Code    26  rt_memclr.o(.text)
    _memset                                  0x00000309   Thumb Code    30  rt_memclr.o(.text)
    __aeabi_memclr                           0x00000327   Thumb Code     4  rt_memclr.o(.text)
    __rt_memclr                              0x00000327   Thumb Code     0  rt_memclr.o(.text)
    __aeabi_memclr4                          0x0000032b   Thumb Code     0  rt_memclr.o(.text)
    __aeabi_memclr8                          0x0000032b   Thumb Code     0  rt_memclr.o(.text)
    __rt_memclr_w                            0x0000032b   Thumb Code     4  rt_memclr.o(.text)
    __use_two_region_memory                  0x0000032f   Thumb Code     2  heapauxi.o(.text)
    __rt_heap_escrow$2region                 0x00000331   Thumb Code     2  heapauxi.o(.text)
    __rt_heap_expand$2region                 0x00000333   Thumb Code     2  heapauxi.o(.text)
    __aeabi_d2iz                             0x00000335   Thumb Code     0  dfixi.o(.text)
    _dfix                                    0x00000335   Thumb Code    98  dfixi.o(.text)
    __aeabi_i2d_normalise                    0x000003a1   Thumb Code    66  dflti.o(.text)
    __aeabi_i2d                              0x000003e3   Thumb Code    16  dflti.o(.text)
    _dflt                                    0x000003e3   Thumb Code     0  dflti.o(.text)
    __aeabi_ui2d                             0x000003f3   Thumb Code     6  dflti.o(.text)
    _dfltu                                   0x000003f3   Thumb Code     0  dflti.o(.text)
    __user_libspace                          0x000003f9   Thumb Code     8  libspace.o(.text)
    __user_perproc_libspace                  0x000003f9   Thumb Code     0  libspace.o(.text)
    __aeabi_uidiv                            0x00000411   Thumb Code     0  aeabi_sdiv.o(.text)
    __aeabi_uidivmod                         0x00000411   Thumb Code    20  aeabi_sdiv.o(.text)
    __aeabi_idiv                             0x00000425   Thumb Code     0  aeabi_sdiv.o(.text)
    __aeabi_idivmod                          0x00000425   Thumb Code   326  aeabi_sdiv.o(.text)
    __aeabi_dmul                             0x0000056d   Thumb Code     0  dmul.o(.text)
    _dmul                                    0x0000056d   Thumb Code   558  dmul.o(.text)
    __aeabi_fdiv                             0x000007b5   Thumb Code     0  fdiv.o(.text)
    _fdiv                                    0x000007b5   Thumb Code   334  fdiv.o(.text)
    _frdiv                                   0x00000903   Thumb Code     8  fdiv.o(.text)
    __aeabi_f2iz                             0x00000915   Thumb Code     0  ffixi.o(.text)
    _ffix                                    0x00000915   Thumb Code    76  ffixi.o(.text)
    __aeabi_i2f_normalise                    0x00000961   Thumb Code    72  fflti.o(.text)
    __aeabi_i2f                              0x000009a9   Thumb Code    16  fflti.o(.text)
    _fflt                                    0x000009a9   Thumb Code     0  fflti.o(.text)
    __aeabi_ui2f                             0x000009b9   Thumb Code     6  fflti.o(.text)
    _ffltu                                   0x000009b9   Thumb Code     0  fflti.o(.text)
    __user_setup_stackheap                   0x000009bf   Thumb Code    62  sys_stackheap_outer.o(.text)
    exit                                     0x000009fd   Thumb Code    16  exit.o(.text)
    _sys_exit                                0x00000a0d   Thumb Code     8  sys_exit.o(.text)
    __I$use$semihosting                      0x00000a19   Thumb Code     0  use_no_semi.o(.text)
    __use_no_semihosting_swi                 0x00000a19   Thumb Code     2  use_no_semi.o(.text)
    __decompress                             0x00000a1b   Thumb Code     0  __dczerorl.o(.text)
    __decompress0                            0x00000a1b   Thumb Code    58  __dczerorl.o(.text)
    __semihosting_library_function           0x00000a1b   Thumb Code     0  indicate_semi.o(.text)
    OS_Tick_AcknowledgeIRQ                   0x00000b71   Thumb Code    12  os_systick.o(.text.OS_Tick_AcknowledgeIRQ)
    OS_Tick_Enable                           0x00000b7d   Thumb Code    44  os_systick.o(.text.OS_Tick_Enable)
    OS_Tick_GetIRQn                          0x00000ba9   Thumb Code     6  os_systick.o(.text.OS_Tick_GetIRQn)
    OS_Tick_Setup                            0x00000bb1   Thumb Code    76  os_systick.o(.text.OS_Tick_Setup)
    osDelay                                  0x00000ce1   Thumb Code    40  rtx_delay.o(.text.osDelay)
    osEventFlagsNew                          0x00000d09   Thumb Code    36  rtx_evflags.o(.text.osEventFlagsNew)
    osEventFlagsSet                          0x00000d2d   Thumb Code    80  rtx_evflags.o(.text.osEventFlagsSet)
    osEventFlagsWait                         0x00000d7d   Thumb Code    68  rtx_evflags.o(.text.osEventFlagsWait)
    osKernelGetState                         0x00000dc1   Thumb Code    48  rtx_kernel.o(.text.osKernelGetState)
    osKernelInitialize                       0x00000df1   Thumb Code    40  rtx_kernel.o(.text.osKernelInitialize)
    osKernelStart                            0x00000e19   Thumb Code    36  rtx_kernel.o(.text.osKernelStart)
    osMessageQueueGet                        0x00000e3d   Thumb Code   116  rtx_msgqueue.o(.text.osMessageQueueGet)
    osMessageQueueNew                        0x00000eb1   Thumb Code    36  rtx_msgqueue.o(.text.osMessageQueueNew)
    osMessageQueuePut                        0x00000ed5   Thumb Code   120  rtx_msgqueue.o(.text.osMessageQueuePut)
    osMutexAcquire                           0x00000f4d   Thumb Code    40  rtx_mutex.o(.text.osMutexAcquire)
    osMutexDelete                            0x00000f75   Thumb Code    40  rtx_mutex.o(.text.osMutexDelete)
    osMutexNew                               0x00000f9d   Thumb Code    36  rtx_mutex.o(.text.osMutexNew)
    osMutexRelease                           0x00000fc1   Thumb Code    40  rtx_mutex.o(.text.osMutexRelease)
    osRtxKernelPreInit                       0x0000101d   Thumb Code     2  rtx_kernel.o(.text.osRtxKernelPreInit)
    osRtxMemoryAlloc                         0x0000101f   Thumb Code   124  rtx_memory.o(.text.osRtxMemoryAlloc)
    osRtxMemoryFree                          0x0000109b   Thumb Code    78  rtx_memory.o(.text.osRtxMemoryFree)
    osRtxMemoryInit                          0x000010e9   Thumb Code    50  rtx_memory.o(.text.osRtxMemoryInit)
    osRtxMemoryPoolAlloc                     0x0000111b   Thumb Code    46  rtx_mempool.o(.text.osRtxMemoryPoolAlloc)
    osRtxMemoryPoolFree                      0x00001149   Thumb Code    58  rtx_mempool.o(.text.osRtxMemoryPoolFree)
    osRtxMemoryPoolInit                      0x00001183   Thumb Code    62  rtx_mempool.o(.text.osRtxMemoryPoolInit)
    osRtxMutexOwnerRelease                   0x0000127d   Thumb Code    68  rtx_mutex.o(.text.osRtxMutexOwnerRelease)
    osRtxPendSV_Handler                      0x000012c1   Thumb Code   128  rtx_system.o(.text.osRtxPendSV_Handler)
    osRtxPostProcess                         0x00001341   Thumb Code   108  rtx_system.o(.text.osRtxPostProcess)
    osRtxThreadDelayTick                     0x000014cd   Thumb Code    56  rtx_thread.o(.text.osRtxThreadDelayTick)
    osRtxThreadDispatch                      0x00001505   Thumb Code    80  rtx_thread.o(.text.osRtxThreadDispatch)
    osRtxThreadListGet                       0x000015a9   Thumb Code    20  rtx_thread.o(.text.osRtxThreadListGet)
    osRtxThreadListPut                       0x000015bd   Thumb Code    44  rtx_thread.o(.text.osRtxThreadListPut)
    osRtxThreadListRemove                    0x000015e9   Thumb Code    24  rtx_thread.o(.text.osRtxThreadListRemove)
    osRtxThreadListSort                      0x00001601   Thumb Code    38  rtx_thread.o(.text.osRtxThreadListSort)
    osRtxThreadReadyPut                      0x0000164d   Thumb Code    24  rtx_thread.o(.text.osRtxThreadReadyPut)
    osRtxThreadRegPtr                        0x00001665   Thumb Code     6  rtx_thread.o(.text.osRtxThreadRegPtr)
    osRtxThreadStackCheck                    0x0000166d   Thumb Code    44  rtx_thread.o(.text.osRtxThreadStackCheck)
    osRtxThreadStartup                       0x00001699   Thumb Code    64  rtx_thread.o(.text.osRtxThreadStartup)
    osRtxThreadSwitch                        0x000016d9   Thumb Code    20  rtx_thread.o(.text.osRtxThreadSwitch)
    osRtxThreadWaitEnter                     0x000016ed   Thumb Code    60  rtx_thread.o(.text.osRtxThreadWaitEnter)
    osRtxThreadWaitExit                      0x00001729   Thumb Code    34  rtx_thread.o(.text.osRtxThreadWaitExit)
    osRtxTick_Handler                        0x0000174d   Thumb Code   116  rtx_system.o(.text.osRtxTick_Handler)
    osRtxTimerThread                         0x000017c1   Thumb Code    60  rtx_timer.o(.text.osRtxTimerThread)
    osSemaphoreAcquire                       0x0000185d   Thumb Code    68  rtx_semaphore.o(.text.osSemaphoreAcquire)
    osSemaphoreNew                           0x000018a1   Thumb Code    36  rtx_semaphore.o(.text.osSemaphoreNew)
    osSemaphoreRelease                       0x000018c5   Thumb Code    76  rtx_semaphore.o(.text.osSemaphoreRelease)
    osThreadExit                             0x00001911   Thumb Code    12  rtx_thread.o(.text.osThreadExit)
    osThreadNew                              0x0000191d   Thumb Code    36  rtx_thread.o(.text.osThreadNew)
    SystemCoreClockUpdate                    0x000025f1   Thumb Code   372  system_mkl25z4.o(i.SystemCoreClockUpdate)
    SystemInit                               0x00002781   Thumb Code     8  system_mkl25z4.o(i.SystemInit)
    UART2_IRQHandler                         0x0000278d   Thumb Code    36  uart.o(i.UART2_IRQHandler)
    UART2_thread                             0x000027b9   Thumb Code   118  main.o(i.UART2_thread)
    __ARM_common_switch8                     0x00002841   Thumb Code    28  rtx_config.o(i.__ARM_common_switch8)
    _mutex_acquire                           0x000028ed   Thumb Code    24  rtx_lib.o(i._mutex_acquire)
    _mutex_free                              0x00002905   Thumb Code    12  rtx_lib.o(i._mutex_free)
    _mutex_initialize                        0x00002911   Thumb Code    36  rtx_lib.o(i._mutex_initialize)
    _mutex_release                           0x00002935   Thumb Code    20  rtx_lib.o(i._mutex_release)
    _platform_post_stackheap_init            0x00002949   Thumb Code     8  rtx_lib.o(i._platform_post_stackheap_init)
    cruelAngelThesis1Thread                  0x00002951   Thumb Code   106  buzzer.o(i.cruelAngelThesis1Thread)
    cruelAngelThesis2Thread                  0x000029d1   Thumb Code   128  buzzer.o(i.cruelAngelThesis2Thread)
    cruelAngelThesis3Thread                  0x00002a6d   Thumb Code   202  buzzer.o(i.cruelAngelThesis3Thread)
    cruelAngelThesis4Thread                  0x00002b69   Thumb Code   108  buzzer.o(i.cruelAngelThesis4Thread)
    cruelAngelThesis5Thread                  0x00002be9   Thumb Code   114  buzzer.o(i.cruelAngelThesis5Thread)
    freqToMod                                0x00002c71   Thumb Code    40  freqtomod.o(i.freqToMod)
    initBuzzer                               0x00002c9d   Thumb Code   266  buzzer.o(i.initBuzzer)
    initLED                                  0x00002dcd   Thumb Code   232  ledcontrol.o(i.initLED)
    initPWM                                  0x00002ec9   Thumb Code   304  pwm.o(i.initPWM)
    initUART2                                0x00003011   Thumb Code   198  uart.o(i.initUART2)
    led_green_running_thread                 0x000030ed   Thumb Code   104  ledcontrol.o(i.led_green_running_thread)
    led_green_stop_thread                    0x00003165   Thumb Code    42  ledcontrol.o(i.led_green_stop_thread)
    led_red_thread                           0x00003199   Thumb Code    32  ledcontrol.o(i.led_red_thread)
    main                                     0x000031c1   Thumb Code    96  main.o(i.main)
    motor                                    0x00003239   Thumb Code   122  main.o(i.motor)
    osRtxErrorNotify                         0x000032b3   Thumb Code    32  rtx_config.o(i.osRtxErrorNotify)
    osRtxIdleThread                          0x000032d3   Thumb Code     4  rtx_config.o(i.osRtxIdleThread)
    pwm_backward                             0x000032fd   Thumb Code    24  pwm.o(i.pwm_backward)
    pwm_backward_left                        0x00003321   Thumb Code    26  pwm.o(i.pwm_backward_left)
    pwm_backward_right                       0x00003349   Thumb Code    26  pwm.o(i.pwm_backward_right)
    pwm_forward                              0x00003371   Thumb Code    24  pwm.o(i.pwm_forward)
    pwm_forward_left                         0x00003395   Thumb Code    26  pwm.o(i.pwm_forward_left)
    pwm_forward_right                        0x000033bd   Thumb Code    26  pwm.o(i.pwm_forward_right)
    pwm_left                                 0x000033e5   Thumb Code    36  pwm.o(i.pwm_left)
    pwm_right                                0x00003415   Thumb Code    36  pwm.o(i.pwm_right)
    pwm_stop                                 0x00003445   Thumb Code    24  pwm.o(i.pwm_stop)
    __aeabi_fmul                             0x00003469   Thumb Code     0  fmul.o(x$fpl$fmul)
    _fmul                                    0x00003469   Thumb Code   172  fmul.o(x$fpl$fmul)
    __I$use$fp                               0x00003518   Number         0  usenofp.o(x$fpl$usenofp)
    osRtxUserSVC                             0x00003858   Data           4  rtx_lib.o(.constdata)
    irqRtxLib                                0x0000385c   Data           1  irq_cm0.o(.constdata)
    osRtxConfig                              0x000038a0   Data         104  rtx_lib.o(.rodata)
    os_cb_sections                           0x00003908   Data          56  rtx_lib.o(.rodata)
    Region$$Table$$Base                      0x0000394c   Number         0  anon$$obj.o(Region$$Table)
    Region$$Table$$Limit                     0x0000396c   Number         0  anon$$obj.o(Region$$Table)
    .bss.os.msgqueue.cb$$Base                0x20000040   Number         0  rtx_lib.o(.bss.os.msgqueue.cb)
    .bss.os.msgqueue.cb$$Limit               0x20000074   Number         0  rtx_lib.o(.bss.os.msgqueue.cb)
    .bss.os.thread.cb$$Base                  0x200000c4   Number         0  rtx_lib.o(.bss.os.thread.cb)
    .bss.os.thread.cb$$Limit                 0x2000014c   Number         0  rtx_lib.o(.bss.os.thread.cb)
    UARTMsgQ                                 0x20000350   Data           4  uart.o(.data)
    mySem                                    0x20000354   Data           4  buzzer.o(.data)
    mySem2                                   0x20000358   Data           4  buzzer.o(.data)
    mySem3                                   0x2000035c   Data           4  buzzer.o(.data)
    mySem4                                   0x20000360   Data           4  buzzer.o(.data)
    mySem5                                   0x20000364   Data           4  buzzer.o(.data)
    idleMusicFlag                            0x20000368   Data           4  buzzer.o(.data)
    MusicRepeat1                             0x2000036c   Data           4  buzzer.o(.data)
    MusicRepeat2                             0x20000370   Data           4  buzzer.o(.data)
    greenEventFlag                           0x20000374   Data           4  ledcontrol.o(.data)
    greenDelay                               0x20000378   Data           4  ledcontrol.o(.data)
    redDelay                                 0x2000037c   Data           4  ledcontrol.o(.data)
    irqRtxLibRef                             0x20000380   Data           4  rtx_lib.o(.data)
    SystemCoreClock                          0x20000388   Data           4  system_mkl25z4.o(.data)
    osRtxInfo                                0x2000038c   Data         164  rtx_kernel.o(.data.os)
    __libspace_start                         0x20000430   Data          96  libspace.o(.bss)
    __temporary_stack_top$libspace           0x20000490   Data           0  libspace.o(.bss)



==============================================================================

Memory Map of the image

  Image Entry point : 0x00000189

  Load Region LR_1 (Base: 0x00000000, Size: 0x00004d9c, Max: 0xffffffff, ABSOLUTE, COMPRESSED[0x000039a8])

    Execution Region ER_RO (Exec base: 0x00000000, Load base: 0x00000000, Size: 0x0000396c, Max: 0xffffffff, ABSOLUTE)

    Exec Addr    Load Addr    Size         Type   Attr      Idx    E Section Name        Object

    0x00000000   0x00000000   0x000000c0   Data   RO          419    RESET               startup_mkl25z4.o
    0x000000c0   0x000000c0   0x00000008   Code   RO         1017  * !!!main             c_p.l(__main.o)
    0x000000c8   0x000000c8   0x0000003c   Code   RO         1202    !!!scatter          c_p.l(__scatter.o)
    0x00000104   0x00000104   0x0000001c   Code   RO         1204    !!handler_zi        c_p.l(__scatter_zi.o)
    0x00000120   0x00000120   0x00000002   Code   RO         1069    .ARM.Collect$$libinit$$00000000  c_p.l(libinit.o)
    0x00000122   0x00000122   0x00000000   Code   RO         1083    .ARM.Collect$$libinit$$00000002  c_p.l(libinit2.o)
    0x00000122   0x00000122   0x00000000   Code   RO         1085    .ARM.Collect$$libinit$$00000004  c_p.l(libinit2.o)
    0x00000122   0x00000122   0x00000000   Code   RO         1088    .ARM.Collect$$libinit$$0000000A  c_p.l(libinit2.o)
    0x00000122   0x00000122   0x00000000   Code   RO         1090    .ARM.Collect$$libinit$$0000000C  c_p.l(libinit2.o)
    0x00000122   0x00000122   0x00000000   Code   RO         1092    .ARM.Collect$$libinit$$0000000E  c_p.l(libinit2.o)
    0x00000122   0x00000122   0x00000000   Code   RO         1095    .ARM.Collect$$libinit$$00000011  c_p.l(libinit2.o)
    0x00000122   0x00000122   0x00000000   Code   RO         1097    .ARM.Collect$$libinit$$00000013  c_p.l(libinit2.o)
    0x00000122   0x00000122   0x00000000   Code   RO         1099    .ARM.Collect$$libinit$$00000015  c_p.l(libinit2.o)
    0x00000122   0x00000122   0x00000000   Code   RO         1101    .ARM.Collect$$libinit$$00000017  c_p.l(libinit2.o)
    0x00000122   0x00000122   0x00000000   Code   RO         1103    .ARM.Collect$$libinit$$00000019  c_p.l(libinit2.o)
    0x00000122   0x00000122   0x00000000   Code   RO         1105    .ARM.Collect$$libinit$$0000001B  c_p.l(libinit2.o)
    0x00000122   0x00000122   0x00000000   Code   RO         1107    .ARM.Collect$$libinit$$0000001D  c_p.l(libinit2.o)
    0x00000122   0x00000122   0x00000000   Code   RO         1109    .ARM.Collect$$libinit$$0000001F  c_p.l(libinit2.o)
    0x00000122   0x00000122   0x00000000   Code   RO         1111    .ARM.Collect$$libinit$$00000021  c_p.l(libinit2.o)
    0x00000122   0x00000122   0x00000000   Code   RO         1113    .ARM.Collect$$libinit$$00000023  c_p.l(libinit2.o)
    0x00000122   0x00000122   0x00000000   Code   RO         1115    .ARM.Collect$$libinit$$00000025  c_p.l(libinit2.o)
    0x00000122   0x00000122   0x00000000   Code   RO         1119    .ARM.Collect$$libinit$$0000002C  c_p.l(libinit2.o)
    0x00000122   0x00000122   0x00000000   Code   RO         1121    .ARM.Collect$$libinit$$0000002E  c_p.l(libinit2.o)
    0x00000122   0x00000122   0x00000000   Code   RO         1123    .ARM.Collect$$libinit$$00000030  c_p.l(libinit2.o)
    0x00000122   0x00000122   0x00000000   Code   RO         1125    .ARM.Collect$$libinit$$00000032  c_p.l(libinit2.o)
    0x00000122   0x00000122   0x00000002   Code   RO         1126    .ARM.Collect$$libinit$$00000033  c_p.l(libinit2.o)
    0x00000124   0x00000124   0x00000002   Code   RO         1157    .ARM.Collect$$libshutdown$$00000000  c_p.l(libshutdown.o)
    0x00000126   0x00000126   0x00000000   Code   RO         1183    .ARM.Collect$$libshutdown$$00000002  c_p.l(libshutdown2.o)
    0x00000126   0x00000126   0x00000000   Code   RO         1185    .ARM.Collect$$libshutdown$$00000004  c_p.l(libshutdown2.o)
    0x00000126   0x00000126   0x00000000   Code   RO         1188    .ARM.Collect$$libshutdown$$00000007  c_p.l(libshutdown2.o)
    0x00000126   0x00000126   0x00000000   Code   RO         1191    .ARM.Collect$$libshutdown$$0000000A  c_p.l(libshutdown2.o)
    0x00000126   0x00000126   0x00000000   Code   RO         1193    .ARM.Collect$$libshutdown$$0000000C  c_p.l(libshutdown2.o)
    0x00000126   0x00000126   0x00000000   Code   RO         1196    .ARM.Collect$$libshutdown$$0000000F  c_p.l(libshutdown2.o)
    0x00000126   0x00000126   0x00000002   Code   RO         1197    .ARM.Collect$$libshutdown$$00000010  c_p.l(libshutdown2.o)
    0x00000128   0x00000128   0x00000000   Code   RO         1034    .ARM.Collect$$rtentry$$00000000  c_p.l(__rtentry.o)
    0x00000128   0x00000128   0x00000000   Code   RO         1041    .ARM.Collect$$rtentry$$00000002  c_p.l(__rtentry2.o)
    0x00000128   0x00000128   0x00000006   Code   RO         1053    .ARM.Collect$$rtentry$$00000004  c_p.l(__rtentry4.o)
    0x0000012e   0x0000012e   0x00000008   Code   RO         1042    .ARM.Collect$$rtentry$$00000008  c_p.l(__rtentry2.o)
    0x00000136   0x00000136   0x00000004   Code   RO         1044    .ARM.Collect$$rtentry$$0000000A  c_p.l(__rtentry2.o)
    0x0000013a   0x0000013a   0x00000000   Code   RO         1046    .ARM.Collect$$rtentry$$0000000C  c_p.l(__rtentry2.o)
    0x0000013a   0x0000013a   0x00000008   Code   RO         1047    .ARM.Collect$$rtentry$$0000000D  c_p.l(__rtentry2.o)
    0x00000142   0x00000142   0x00000002   Code   RO         1074    .ARM.Collect$$rtexit$$00000000  c_p.l(rtexit.o)
    0x00000144   0x00000144   0x00000000   Code   RO         1130    .ARM.Collect$$rtexit$$00000002  c_p.l(rtexit2.o)
    0x00000144   0x00000144   0x00000004   Code   RO         1131    .ARM.Collect$$rtexit$$00000003  c_p.l(rtexit2.o)
    0x00000148   0x00000148   0x00000006   Code   RO         1132    .ARM.Collect$$rtexit$$00000004  c_p.l(rtexit2.o)
    0x0000014e   0x0000014e   0x00000002   PAD
    0x00000150   0x00000150   0x00000038   Code   RO         1005    .emb_text           c_p.l(rt_memcpy.o)
    0x00000188   0x00000188   0x00000040   Code   RO          421  * .text               startup_mkl25z4.o
    0x000001c8   0x000001c8   0x000000a4   Code   RO          847    .text               RTX_CM0.lib(irq_cm0.o)
    0x0000026c   0x0000026c   0x00000082   Code   RO         1006    .text               c_p.l(rt_memcpy.o)
    0x000002ee   0x000002ee   0x00000040   Code   RO         1009    .text               c_p.l(rt_memclr.o)
    0x0000032e   0x0000032e   0x00000006   Code   RO         1015    .text               c_p.l(heapauxi.o)
    0x00000334   0x00000334   0x0000006c   Code   RO         1019    .text               fz_ps.l(dfixi.o)
    0x000003a0   0x000003a0   0x00000058   Code   RO         1021    .text               fz_ps.l(dflti.o)
    0x000003f8   0x000003f8   0x00000008   Code   RO         1070    .text               c_p.l(libspace.o)
    0x00000400   0x00000400   0x00000010   Code   RO          420    .ARM.__at_0x400     startup_mkl25z4.o
    0x00000410   0x00000410   0x0000015a   Code   RO         1011    .text               c_p.l(aeabi_sdiv.o)
    0x0000056a   0x0000056a   0x00000002   PAD
    0x0000056c   0x0000056c   0x00000248   Code   RO         1023    .text               fz_ps.l(dmul.o)
    0x000007b4   0x000007b4   0x00000160   Code   RO         1025    .text               fz_ps.l(fdiv.o)
    0x00000914   0x00000914   0x0000004c   Code   RO         1028    .text               fz_ps.l(ffixi.o)
    0x00000960   0x00000960   0x0000005e   Code   RO         1030    .text               fz_ps.l(fflti.o)
    0x000009be   0x000009be   0x0000003e   Code   RO         1057    .text               c_p.l(sys_stackheap_outer.o)
    0x000009fc   0x000009fc   0x00000010   Code   RO         1060    .text               c_p.l(exit.o)
    0x00000a0c   0x00000a0c   0x0000000c   Code   RO         1127    .text               c_p.l(sys_exit.o)
    0x00000a18   0x00000a18   0x00000002   Code   RO         1146    .text               c_p.l(use_no_semi.o)
    0x00000a1a   0x00000a1a   0x00000000   Code   RO         1148    .text               c_p.l(indicate_semi.o)
    0x00000a1a   0x00000a1a   0x0000003a   Code   RO         1200    .text               c_p.l(__dczerorl.o)
    0x00000a54   0x00000a54   0x0000004e   Code   RO          697    .text.EventFlagsCheck  RTX_CM0.lib(rtx_evflags.o)
    0x00000aa2   0x00000aa2   0x0000004c   Code   RO          830    .text.MessageQueueGet  RTX_CM0.lib(rtx_msgqueue.o)
    0x00000aee   0x00000aee   0x00000062   Code   RO          824    .text.MessageQueuePut  RTX_CM0.lib(rtx_msgqueue.o)
    0x00000b50   0x00000b50   0x0000001e   Code   RO          822    .text.MessageQueueRemove  RTX_CM0.lib(rtx_msgqueue.o)
    0x00000b6e   0x00000b6e   0x00000002   PAD
    0x00000b70   0x00000b70   0x0000000c   Code   RO          982    .text.OS_Tick_AcknowledgeIRQ  RTX_CM0.lib(os_systick.o)
    0x00000b7c   0x00000b7c   0x0000002c   Code   RO          978    .text.OS_Tick_Enable  RTX_CM0.lib(os_systick.o)
    0x00000ba8   0x00000ba8   0x00000006   Code   RO          984    .text.OS_Tick_GetIRQn  RTX_CM0.lib(os_systick.o)
    0x00000bae   0x00000bae   0x00000002   PAD
    0x00000bb0   0x00000bb0   0x0000004c   Code   RO          976    .text.OS_Tick_Setup  RTX_CM0.lib(os_systick.o)
    0x00000bfc   0x00000bfc   0x00000024   Code   RO          769    .text.SemaphoreTokenDecrement  RTX_CM0.lib(rtx_semaphore.o)
    0x00000c20   0x00000c20   0x00000026   Code   RO          775    .text.SemaphoreTokenIncrement  RTX_CM0.lib(rtx_semaphore.o)
    0x00000c46   0x00000c46   0x0000004e   Code   RO          605    .text.ThreadFlagsCheck  RTX_CM0.lib(rtx_thread.o)
    0x00000c94   0x00000c94   0x0000004c   Code   RO          868    .text.TimerInsert   RTX_CM0.lib(rtx_timer.o)
    0x00000ce0   0x00000ce0   0x00000028   Code   RO          658    .text.osDelay       RTX_CM0.lib(rtx_delay.o)
    0x00000d08   0x00000d08   0x00000024   Code   RO          675    .text.osEventFlagsNew  RTX_CM0.lib(rtx_evflags.o)
    0x00000d2c   0x00000d2c   0x00000050   Code   RO          679    .text.osEventFlagsSet  RTX_CM0.lib(rtx_evflags.o)
    0x00000d7c   0x00000d7c   0x00000044   Code   RO          689    .text.osEventFlagsWait  RTX_CM0.lib(rtx_evflags.o)
    0x00000dc0   0x00000dc0   0x00000030   Code   RO          468    .text.osKernelGetState  RTX_CM0.lib(rtx_kernel.o)
    0x00000df0   0x00000df0   0x00000028   Code   RO          462    .text.osKernelInitialize  RTX_CM0.lib(rtx_kernel.o)
    0x00000e18   0x00000e18   0x00000024   Code   RO          472    .text.osKernelStart  RTX_CM0.lib(rtx_kernel.o)
    0x00000e3c   0x00000e3c   0x00000074   Code   RO          796    .text.osMessageQueueGet  RTX_CM0.lib(rtx_msgqueue.o)
    0x00000eb0   0x00000eb0   0x00000024   Code   RO          790    .text.osMessageQueueNew  RTX_CM0.lib(rtx_msgqueue.o)
    0x00000ed4   0x00000ed4   0x00000078   Code   RO          794    .text.osMessageQueuePut  RTX_CM0.lib(rtx_msgqueue.o)
    0x00000f4c   0x00000f4c   0x00000028   Code   RO          722    .text.osMutexAcquire  RTX_CM0.lib(rtx_mutex.o)
    0x00000f74   0x00000f74   0x00000028   Code   RO          728    .text.osMutexDelete  RTX_CM0.lib(rtx_mutex.o)
    0x00000f9c   0x00000f9c   0x00000024   Code   RO          718    .text.osMutexNew    RTX_CM0.lib(rtx_mutex.o)
    0x00000fc0   0x00000fc0   0x00000028   Code   RO          724    .text.osMutexRelease  RTX_CM0.lib(rtx_mutex.o)
    0x00000fe8   0x00000fe8   0x00000034   Code   RO          695    .text.osRtxEventFlagsPostProcess  RTX_CM0.lib(rtx_evflags.o)
    0x0000101c   0x0000101c   0x00000002   Code   RO          460    .text.osRtxKernelPreInit  RTX_CM0.lib(rtx_kernel.o)
    0x0000101e   0x0000101e   0x0000007c   Code   RO          895    .text.osRtxMemoryAlloc  RTX_CM0.lib(rtx_memory.o)
    0x0000109a   0x0000109a   0x0000004e   Code   RO          897    .text.osRtxMemoryFree  RTX_CM0.lib(rtx_memory.o)
    0x000010e8   0x000010e8   0x00000032   Code   RO          893    .text.osRtxMemoryInit  RTX_CM0.lib(rtx_memory.o)
    0x0000111a   0x0000111a   0x0000002e   Code   RO          910    .text.osRtxMemoryPoolAlloc  RTX_CM0.lib(rtx_mempool.o)
    0x00001148   0x00001148   0x0000003a   Code   RO          912    .text.osRtxMemoryPoolFree  RTX_CM0.lib(rtx_mempool.o)
    0x00001182   0x00001182   0x0000003e   Code   RO          908    .text.osRtxMemoryPoolInit  RTX_CM0.lib(rtx_mempool.o)
    0x000011c0   0x000011c0   0x000000bc   Code   RO          820    .text.osRtxMessageQueuePostProcess  RTX_CM0.lib(rtx_msgqueue.o)
    0x0000127c   0x0000127c   0x00000044   Code   RO          716    .text.osRtxMutexOwnerRelease  RTX_CM0.lib(rtx_mutex.o)
    0x000012c0   0x000012c0   0x00000080   Code   RO          963    .text.osRtxPendSV_Handler  RTX_CM0.lib(rtx_system.o)
    0x00001340   0x00001340   0x0000006c   Code   RO          965    .text.osRtxPostProcess  RTX_CM0.lib(rtx_system.o)
    0x000013ac   0x000013ac   0x00000024   Code   RO          767    .text.osRtxSemaphorePostProcess  RTX_CM0.lib(rtx_semaphore.o)
    0x000013d0   0x000013d0   0x00000038   Code   RO          545    .text.osRtxThreadBlock  RTX_CM0.lib(rtx_thread.o)
    0x00001408   0x00001408   0x00000080   Code   RO          553    .text.osRtxThreadDelayInsert  RTX_CM0.lib(rtx_thread.o)
    0x00001488   0x00001488   0x00000044   Code   RO          549    .text.osRtxThreadDelayRemove  RTX_CM0.lib(rtx_thread.o)
    0x000014cc   0x000014cc   0x00000038   Code   RO          535    .text.osRtxThreadDelayTick  RTX_CM0.lib(rtx_thread.o)
    0x00001504   0x00001504   0x00000050   Code   RO          543    .text.osRtxThreadDispatch  RTX_CM0.lib(rtx_thread.o)
    0x00001554   0x00001554   0x00000054   Code   RO          629    .text.osRtxThreadFree  RTX_CM0.lib(rtx_thread.o)
    0x000015a8   0x000015a8   0x00000014   Code   RO          527    .text.osRtxThreadListGet  RTX_CM0.lib(rtx_thread.o)
    0x000015bc   0x000015bc   0x0000002c   Code   RO          525    .text.osRtxThreadListPut  RTX_CM0.lib(rtx_thread.o)
    0x000015e8   0x000015e8   0x00000018   Code   RO          531    .text.osRtxThreadListRemove  RTX_CM0.lib(rtx_thread.o)
    0x00001600   0x00001600   0x00000026   Code   RO          529    .text.osRtxThreadListSort  RTX_CM0.lib(rtx_thread.o)
    0x00001626   0x00001626   0x00000026   Code   RO          603    .text.osRtxThreadPostProcess  RTX_CM0.lib(rtx_thread.o)
    0x0000164c   0x0000164c   0x00000018   Code   RO          533    .text.osRtxThreadReadyPut  RTX_CM0.lib(rtx_thread.o)
    0x00001664   0x00001664   0x00000006   Code   RO          537    .text.osRtxThreadRegPtr  RTX_CM0.lib(rtx_thread.o)
    0x0000166a   0x0000166a   0x00000002   PAD
    0x0000166c   0x0000166c   0x0000002c   Code   RO          541    .text.osRtxThreadStackCheck  RTX_CM0.lib(rtx_thread.o)
    0x00001698   0x00001698   0x00000040   Code   RO          555    .text.osRtxThreadStartup  RTX_CM0.lib(rtx_thread.o)
    0x000016d8   0x000016d8   0x00000014   Code   RO          539    .text.osRtxThreadSwitch  RTX_CM0.lib(rtx_thread.o)
    0x000016ec   0x000016ec   0x0000003c   Code   RO          551    .text.osRtxThreadWaitEnter  RTX_CM0.lib(rtx_thread.o)
    0x00001728   0x00001728   0x00000022   Code   RO          547    .text.osRtxThreadWaitExit  RTX_CM0.lib(rtx_thread.o)
    0x0000174a   0x0000174a   0x00000002   PAD
    0x0000174c   0x0000174c   0x00000074   Code   RO          961    .text.osRtxTick_Handler  RTX_CM0.lib(rtx_system.o)
    0x000017c0   0x000017c0   0x0000003c   Code   RO          852    .text.osRtxTimerThread  RTX_CM0.lib(rtx_timer.o)
    0x000017fc   0x000017fc   0x00000060   Code   RO          854    .text.osRtxTimerTick  RTX_CM0.lib(rtx_timer.o)
    0x0000185c   0x0000185c   0x00000044   Code   RO          755    .text.osSemaphoreAcquire  RTX_CM0.lib(rtx_semaphore.o)
    0x000018a0   0x000018a0   0x00000024   Code   RO          751    .text.osSemaphoreNew  RTX_CM0.lib(rtx_semaphore.o)
    0x000018c4   0x000018c4   0x0000004c   Code   RO          757    .text.osSemaphoreRelease  RTX_CM0.lib(rtx_semaphore.o)
    0x00001910   0x00001910   0x0000000c   Code   RO          587    .text.osThreadExit  RTX_CM0.lib(rtx_thread.o)
    0x0000191c   0x0000191c   0x00000024   Code   RO          559    .text.osThreadNew   RTX_CM0.lib(rtx_thread.o)
    0x00001940   0x00001940   0x00000012   Code   RO          662    .text.svcRtxDelay   RTX_CM0.lib(rtx_delay.o)
    0x00001952   0x00001952   0x00000002   PAD
    0x00001954   0x00001954   0x00000074   Code   RO          693    .text.svcRtxEventFlagsNew  RTX_CM0.lib(rtx_evflags.o)
    0x000019c8   0x000019c8   0x0000007c   Code   RO          701    .text.svcRtxEventFlagsSet  RTX_CM0.lib(rtx_evflags.o)
    0x00001a44   0x00001a44   0x00000064   Code   RO          703    .text.svcRtxEventFlagsWait  RTX_CM0.lib(rtx_evflags.o)
    0x00001aa8   0x00001aa8   0x0000000c   Code   RO          470    .text.svcRtxKernelGetState  RTX_CM0.lib(rtx_kernel.o)
    0x00001ab4   0x00001ab4   0x00000148   Code   RO          500    .text.svcRtxKernelInitialize  RTX_CM0.lib(rtx_kernel.o)
    0x00001bfc   0x00001bfc   0x00000084   Code   RO          502    .text.svcRtxKernelStart  RTX_CM0.lib(rtx_kernel.o)
    0x00001c80   0x00001c80   0x000000e8   Code   RO          832    .text.svcRtxMessageQueueGet  RTX_CM0.lib(rtx_msgqueue.o)
    0x00001d68   0x00001d68   0x000001e4   Code   RO          818    .text.svcRtxMessageQueueNew  RTX_CM0.lib(rtx_msgqueue.o)
    0x00001f4c   0x00001f4c   0x000000bc   Code   RO          828    .text.svcRtxMessageQueuePut  RTX_CM0.lib(rtx_msgqueue.o)
    0x00002008   0x00002008   0x00000098   Code   RO          734    .text.svcRtxMutexAcquire  RTX_CM0.lib(rtx_mutex.o)
    0x000020a0   0x000020a0   0x000000bc   Code   RO          740    .text.svcRtxMutexDelete  RTX_CM0.lib(rtx_mutex.o)
    0x0000215c   0x0000215c   0x00000070   Code   RO          730    .text.svcRtxMutexNew  RTX_CM0.lib(rtx_mutex.o)
    0x000021cc   0x000021cc   0x000000c0   Code   RO          736    .text.svcRtxMutexRelease  RTX_CM0.lib(rtx_mutex.o)
    0x0000228c   0x0000228c   0x0000004c   Code   RO          773    .text.svcRtxSemaphoreAcquire  RTX_CM0.lib(rtx_semaphore.o)
    0x000022d8   0x000022d8   0x00000088   Code   RO          765    .text.svcRtxSemaphoreNew  RTX_CM0.lib(rtx_semaphore.o)
    0x00002360   0x00002360   0x00000038   Code   RO          777    .text.svcRtxSemaphoreRelease  RTX_CM0.lib(rtx_semaphore.o)
    0x00002398   0x00002398   0x0000006c   Code   RO          633    .text.svcRtxThreadExit  RTX_CM0.lib(rtx_thread.o)
    0x00002404   0x00002404   0x000001ec   Code   RO          557    .text.svcRtxThreadNew  RTX_CM0.lib(rtx_thread.o)
    0x000025f0   0x000025f0   0x00000190   Code   RO          429    i.SystemCoreClockUpdate  system_mkl25z4.o
    0x00002780   0x00002780   0x0000000c   Code   RO          430    i.SystemInit        system_mkl25z4.o
    0x0000278c   0x0000278c   0x0000002c   Code   RO           87    i.UART2_IRQHandler  uart.o
    0x000027b8   0x000027b8   0x00000088   Code   RO            3    i.UART2_thread      main.o
    0x00002840   0x00002840   0x0000001c   Code   RO          408    i.__ARM_common_switch8  rtx_config.o
    0x0000285c   0x0000285c   0x00000018   Code   RO           88    i.__NVIC_ClearPendingIRQ  uart.o
    0x00002874   0x00002874   0x00000078   Code   RO           89    i.__NVIC_SetPriority  uart.o
    0x000028ec   0x000028ec   0x00000018   Code   RO          311    i._mutex_acquire    rtx_lib.o
    0x00002904   0x00002904   0x0000000c   Code   RO          312    i._mutex_free       rtx_lib.o
    0x00002910   0x00002910   0x00000024   Code   RO          313    i._mutex_initialize  rtx_lib.o
    0x00002934   0x00002934   0x00000014   Code   RO          314    i._mutex_release    rtx_lib.o
    0x00002948   0x00002948   0x00000008   Code   RO          315    i._platform_post_stackheap_init  rtx_lib.o
    0x00002950   0x00002950   0x00000080   Code   RO          214    i.cruelAngelThesis1Thread  buzzer.o
    0x000029d0   0x000029d0   0x0000009c   Code   RO          215    i.cruelAngelThesis2Thread  buzzer.o
    0x00002a6c   0x00002a6c   0x000000fc   Code   RO          216    i.cruelAngelThesis3Thread  buzzer.o
    0x00002b68   0x00002b68   0x00000080   Code   RO          217    i.cruelAngelThesis4Thread  buzzer.o
    0x00002be8   0x00002be8   0x00000088   Code   RO          218    i.cruelAngelThesis5Thread  buzzer.o
    0x00002c70   0x00002c70   0x0000002c   Code   RO          201    i.freqToMod         freqtomod.o
    0x00002c9c   0x00002c9c   0x00000130   Code   RO          219    i.initBuzzer        buzzer.o
    0x00002dcc   0x00002dcc   0x000000fc   Code   RO          268    i.initLED           ledcontrol.o
    0x00002ec8   0x00002ec8   0x00000148   Code   RO          129    i.initPWM           pwm.o
    0x00003010   0x00003010   0x000000dc   Code   RO           90    i.initUART2         uart.o
    0x000030ec   0x000030ec   0x00000078   Code   RO          269    i.led_green_running_thread  ledcontrol.o
    0x00003164   0x00003164   0x00000034   Code   RO          270    i.led_green_stop_thread  ledcontrol.o
    0x00003198   0x00003198   0x00000028   Code   RO          271    i.led_red_thread    ledcontrol.o
    0x000031c0   0x000031c0   0x00000078   Code   RO            4    i.main              main.o
    0x00003238   0x00003238   0x0000007a   Code   RO            5    i.motor             main.o
    0x000032b2   0x000032b2   0x00000020   Code   RO          387    i.osRtxErrorNotify  rtx_config.o
    0x000032d2   0x000032d2   0x00000004   Code   RO          388    i.osRtxIdleThread   rtx_config.o
    0x000032d6   0x000032d6   0x00000002   PAD
    0x000032d8   0x000032d8   0x00000024   Code   RO          316    i.os_kernel_is_active  rtx_lib.o
    0x000032fc   0x000032fc   0x00000024   Code   RO          130    i.pwm_backward      pwm.o
    0x00003320   0x00003320   0x00000028   Code   RO          131    i.pwm_backward_left  pwm.o
    0x00003348   0x00003348   0x00000028   Code   RO          132    i.pwm_backward_right  pwm.o
    0x00003370   0x00003370   0x00000024   Code   RO          133    i.pwm_forward       pwm.o
    0x00003394   0x00003394   0x00000028   Code   RO          134    i.pwm_forward_left  pwm.o
    0x000033bc   0x000033bc   0x00000028   Code   RO          135    i.pwm_forward_right  pwm.o
    0x000033e4   0x000033e4   0x00000030   Code   RO          136    i.pwm_left          pwm.o
    0x00003414   0x00003414   0x00000030   Code   RO          137    i.pwm_right         pwm.o
    0x00003444   0x00003444   0x00000024   Code   RO          138    i.pwm_stop          pwm.o
    0x00003468   0x00003468   0x000000b0   Code   RO         1032    x$fpl$fmul          fz_ps.l(fmul.o)
    0x00003518   0x00003518   0x00000000   Code   RO         1039    x$fpl$usenofp       fz_ps.l(usenofp.o)
    0x00003518   0x00003518   0x000002c8   Data   RO          220    .constdata          buzzer.o
    0x000037e0   0x000037e0   0x00000018   Data   RO          272    .constdata          ledcontrol.o
    0x000037f8   0x000037f8   0x00000064   Data   RO          323    .constdata          rtx_lib.o
    0x0000385c   0x0000385c   0x00000001   Data   RO          846    .constdata          RTX_CM0.lib(irq_cm0.o)
    0x0000385d   0x0000385d   0x00000040   Data   RO         1026    .constdata          fz_ps.l(fdiv.o)
    0x0000389d   0x0000389d   0x00000003   PAD
    0x000038a0   0x000038a0   0x000000a0   Data   RO          325    .rodata             rtx_lib.o
    0x00003940   0x00003940   0x0000000b   Data   RO          514    .rodata.str1.4      RTX_CM0.lib(rtx_kernel.o)
    0x0000394b   0x0000394b   0x00000001   PAD
    0x0000394c   0x0000394c   0x00000020   Data   RO         1198    Region$$Table       anon$$obj.o


    Execution Region ER_RW (Exec base: 0x1ffff000, Load base: 0x0000396c, Size: 0x00001430, Max: 0xffffffff, ABSOLUTE, COMPRESSED[0x0000003c])

    Exec Addr    Load Addr    Size         Type   Attr      Idx    E Section Name        Object

    0x1ffff000   COMPRESSED   0x00001040   Data   RW          317    .bss.os             rtx_lib.o
    0x20000040   COMPRESSED   0x00000034   Data   RW          319    .bss.os.msgqueue.cb  rtx_lib.o
    0x20000074   COMPRESSED   0x00000050   Data   RW          320    .bss.os.msgqueue.mem  rtx_lib.o
    0x200000c4   COMPRESSED   0x00000088   Data   RW          321    .bss.os.thread.cb   rtx_lib.o
    0x2000014c   COMPRESSED   0x00000004   PAD
    0x20000150   COMPRESSED   0x00000200   Data   RW          322    .bss.os.thread.stack  rtx_lib.o
    0x20000350   COMPRESSED   0x00000004   Data   RW           91    .data               uart.o
    0x20000354   COMPRESSED   0x00000020   Data   RW          221    .data               buzzer.o
    0x20000374   COMPRESSED   0x0000000c   Data   RW          273    .data               ledcontrol.o
    0x20000380   COMPRESSED   0x00000005   Data   RW          324    .data               rtx_lib.o
    0x20000385   COMPRESSED   0x00000003   PAD
    0x20000388   COMPRESSED   0x00000004   Data   RW          431    .data               system_mkl25z4.o
    0x2000038c   COMPRESSED   0x000000a4   Data   RW          515    .data.os            RTX_CM0.lib(rtx_kernel.o)


    Execution Region ER_ZI (Exec base: 0x20000430, Load base: 0x000039a8, Size: 0x00000168, Max: 0xffffffff, ABSOLUTE)

    Exec Addr    Load Addr    Size         Type   Attr      Idx    E Section Name        Object

    0x20000430        -       0x00000060   Zero   RW         1071    .bss                c_p.l(libspace.o)
    0x20000490        -       0x00000001   Zero   RW          994    .bss.PendST         RTX_CM0.lib(os_systick.o)
    0x20000491   0x000039a8   0x00000007   PAD
    0x20000498        -       0x00000000   Zero   RW          418    HEAP                startup_mkl25z4.o
    0x20000498        -       0x00000100   Zero   RW          417    STACK               startup_mkl25z4.o


==============================================================================

Image component sizes


      Code (inc. data)   RO Data    RW Data    ZI Data      Debug   Object Name

      1104        180        712         32          0       4199   buzzer.o
        44          4          0          0          0        508   freqtomod.o
       464         54         24         12          0       2391   ledcontrol.o
       378         42          0          0          0     221234   main.o
       692        140          0          0          0       3929   pwm.o
        64          8          0          0          0       1049   rtx_config.o
       136          6        260       4945          0      12670   rtx_lib.o
        80         44        192          0        256        892   startup_mkl25z4.o
       412         42          0          4          0       1519   system_mkl25z4.o
       408         46          0          4          0      10290   uart.o

    ----------------------------------------------------------------------
      3784        566       1220       5004        256     258681   Object Totals
         0          0         32          0          0          0   (incl. Generated)
         2          0          0          7          0          0   (incl. Padding)

    ----------------------------------------------------------------------

      Code (inc. data)   RO Data    RW Data    ZI Data      Debug   Library Member Name

       164          8          1          0          0        496   irq_cm0.o
       138         32          0          0          1       2766   os_systick.o
        58          4          0          0          0       2753   rtx_delay.o
       654         24          0          0          0      12348   rtx_evflags.o
       598         48         11        164          0      16105   rtx_kernel.o
       252          0          0          0          0       2564   rtx_memory.o
       166          0          0          0          0      14282   rtx_mempool.o
      1568         44          0          0          0      17889   rtx_msgqueue.o
       868         32          0          0          0       9201   rtx_mutex.o
       558         28          0          0          0      10054   rtx_semaphore.o
       352         26          0          0          0       4635   rtx_system.o
      1614         96          0          0          0      30867   rtx_thread.o
       232         20          0          0          0      10018   rtx_timer.o
        58          0          0          0          0          0   __dczerorl.o
         8          0          0          0          0         68   __main.o
         0          0          0          0          0          0   __rtentry.o
        20          0          0          0          0          0   __rtentry2.o
         6          0          0          0          0          0   __rtentry4.o
        60          8          0          0          0          0   __scatter.o
        28          0          0          0          0          0   __scatter_zi.o
       346          0          0          0          0         92   aeabi_sdiv.o
        16          0          0          0          0         68   exit.o
         6          0          0          0          0        136   heapauxi.o
         0          0          0          0          0          0   indicate_semi.o
         2          0          0          0          0          0   libinit.o
         2          0          0          0          0          0   libinit2.o
         2          0          0          0          0          0   libshutdown.o
         2          0          0          0          0          0   libshutdown2.o
         8          4          0          0         96         68   libspace.o
        64          0          0          0          0        108   rt_memclr.o
       186          0          0          0          0        144   rt_memcpy.o
         2          0          0          0          0          0   rtexit.o
        10          0          0          0          0          0   rtexit2.o
        12          4          0          0          0         60   sys_exit.o
        62          0          0          0          0         80   sys_stackheap_outer.o
         2          0          0          0          0         68   use_no_semi.o
       108         10          0          0          0         72   dfixi.o
        88          0          0          0          0         92   dflti.o
       584         26          0          0          0         84   dmul.o
       352         10         64          0          0         92   fdiv.o
        76          0          0          0          0         68   ffixi.o
        94          0          0          0          0         92   fflti.o
       176          4          0          0          0         80   fmul.o
         0          0          0          0          0          0   usenofp.o

    ----------------------------------------------------------------------
      9616        428         80        164        104     135450   Library Totals
        14          0          4          0          7          0   (incl. Padding)

    ----------------------------------------------------------------------

      Code (inc. data)   RO Data    RW Data    ZI Data      Debug   Library Name

      7222        362         12        164          1     133978   RTX_CM0.lib
       902         16          0          0         96        892   c_p.l
      1478         50         64          0          0        580   fz_ps.l

    ----------------------------------------------------------------------
      9616        428         80        164        104     135450   Library Totals

    ----------------------------------------------------------------------

==============================================================================


      Code (inc. data)   RO Data    RW Data    ZI Data      Debug   

     13400        994       1300       5168        360     391635   Grand Totals
     13400        994       1300         60        360     391635   ELF Image Totals (compressed)
     13400        994       1300         60          0          0   ROM Totals

==============================================================================

    Total RO  Size (Code + RO Data)                14700 (  14.36kB)
    Total RW  Size (RW Data + ZI Data)              5528 (   5.40kB)
    Total ROM Size (Code + RO Data + RW Data)      14760 (  14.41kB)

==============================================================================

