<html>
<body>
<pre>
<h1>µVision Build Log</h1>
<h2>Tool Versions:</h2>
IDE-Version: µVision V5.29.0.0
Copyright (C) 2019 ARM Ltd and ARM Germany GmbH. All rights reserved.
License Information: chua zong wei, NUS, LIC=----
 
Tool Versions:
Toolchain:       MDK-Lite  Version: 5.29.0.0
Toolchain Path:  C:\Keil_v5\ARM\ARMCC\Bin
C Compiler:      Armcc.exe V5.06 update 6 (build 750)
Assembler:       Armasm.exe V5.06 update 6 (build 750)
Linker/Locator:  ArmLink.exe V5.06 update 6 (build 750)
Library Manager: ArmAr.exe V5.06 update 6 (build 750)
Hex Converter:   FromElf.exe V5.06 update 6 (build 750)
CPU DLL:         SARMCM3.DLL V5.29.0.0
Dialog DLL:      DARMCM1.DLL V1.19.2.0
Target DLL:      CMSIS_AGDI.dll V1.32.0.0
Dialog DLL:      TARMCM1.DLL V1.14.1.0
 
<h2>Project:</h2>
C:\Users\Fractalisk\Documents\CG2271-Coolest-Bot\main\main.uvprojx
Project File Date:  04/06/2020

<h2>Output:</h2>
*** Using Compiler 'V5.06 update 6 (build 750)', folder: 'C:\Keil_v5\ARM\ARMCC\Bin'
Rebuild target 'Target 1'
compiling led_control.c...
led_control.c(46): warning:  #1-D: last line of file ends without a newline
  }
led_control.c: 1 warning, 0 errors
compiling uart.c...
compiling pwm.c...
freqToMod.h(1): warning:  #1-D: last line of file ends without a newline
  int freqToMod(int freq);
pwm.c: 1 warning, 0 errors
compiling main.c...
led_control.h(3): warning:  #1295-D: Deprecated declaration initLED - give arg types
  void initLED();
led_control.h(4): warning:  #1-D: last line of file ends without a newline
  void initLEDGPIO(void);
uart.h(6): warning:  #1-D: last line of file ends without a newline
  void UART2_IRQHandler();
uart.h(6): warning:  #1295-D: Deprecated declaration UART2_IRQHandler - give arg types
  void UART2_IRQHandler();
pwm.h(15): warning:  #1-D: last line of file ends without a newline
  void pwm_backward_right(void);
buzzer.h(15): warning:  #1-D: last line of file ends without a newline
  void cruelAngelThesis5Thread(void* argument);
main.c: 6 warnings, 0 errors
compiling freqToMod.c...
freqToMod.c(4): warning:  #1-D: last line of file ends without a newline
  }
freqToMod.c: 1 warning, 0 errors
assembling startup_MKL25Z4.s...
compiling rtx_lib.c...
compiling RTX_Config.c...
compiling buzzer.c...
freqToMod.h(1): warning:  #1-D: last line of file ends without a newline
  int freqToMod(int freq);
buzzer.c(150): warning:  #177-D: variable "note1"  was declared but never referenced
          int note1, note2, note3, note4, note5, note6;
buzzer.c(150): warning:  #177-D: variable "note2"  was declared but never referenced
          int note1, note2, note3, note4, note5, note6;
buzzer.c(150): warning:  #177-D: variable "note3"  was declared but never referenced
          int note1, note2, note3, note4, note5, note6;
buzzer.c(150): warning:  #177-D: variable "note4"  was declared but never referenced
          int note1, note2, note3, note4, note5, note6;
buzzer.c(150): warning:  #177-D: variable "note5"  was declared but never referenced
          int note1, note2, note3, note4, note5, note6;
buzzer.c(150): warning:  #177-D: variable "note6"  was declared but never referenced
          int note1, note2, note3, note4, note5, note6;
buzzer.c(151): warning:  #177-D: variable "timer1"  was declared but never referenced
          int timer1;
buzzer.c(152): warning:  #177-D: variable "releasedSem"  was declared but never referenced
          osSemaphoreId_t releasedSem;
buzzer.c: 9 warnings, 0 errors
compiling system_MKL25Z4.c...
linking...
Program Size: Code=11924 RO-data=1268 RW-data=5160 ZI-data=360  
".\Objects\main.axf" - 0 Error(s), 18 Warning(s).

<h2>Software Packages used:</h2>

Package Vendor: ARM
                http://www.keil.com/pack/ARM.CMSIS.5.6.0.pack
                ARM.CMSIS.5.6.0
                CMSIS (Cortex Microcontroller Software Interface Standard)
   * Component: RTOS2 Version: 2.1.3
   * Component: CORE Version: 5.3.0
   * Component: Keil RTX5 Variant: Library Version: 5.5.1

Package Vendor: Keil
                http://www.keil.com/pack/Keil.Kinetis_KLxx_DFP.1.15.0.pack
                Keil.Kinetis_KLxx_DFP.1.15.0
                NXP Kinetis KLxx Series Device Support and Examples
   * Component: Startup Version: 2.5.0

<h2>Collection of Component include folders:</h2>
  .\RTE\CMSIS
  .\RTE\Device\MKL25Z128xxx4
  .\RTE\_Target_1
  C:\Users\Fractalisk\AppData\Local\Arm\Packs\ARM\CMSIS\5.6.0\CMSIS\Core\Include
  C:\Users\Fractalisk\AppData\Local\Arm\Packs\ARM\CMSIS\5.6.0\CMSIS\RTOS2\Include
  C:\Users\Fractalisk\AppData\Local\Arm\Packs\ARM\CMSIS\5.6.0\CMSIS\RTOS2\RTX\Include
  C:\Users\Fractalisk\AppData\Local\Arm\Packs\Keil\Kinetis_KLxx_DFP\1.15.0\Device\Include

<h2>Collection of Component Files used:</h2>

   * Component: ::CMSIS:RTOS2:2.1.3 (API)
      Include file:  CMSIS\RTOS2\Include\cmsis_os2.h

   * Component: ARM::CMSIS:CORE:5.3.0

   * Component: ARM::CMSIS:RTOS2:Keil RTX5:Library:5.5.1
      Include file:  CMSIS\RTOS2\RTX\Include\rtx_os.h
      Include file:  CMSIS\RTOS2\RTX\Config\RTX_Config.h
      Source file:   CMSIS\RTOS2\RTX\Config\RTX_Config.c
      Library file:  CMSIS\RTOS2\RTX\Library\ARM\RTX_CM0.lib
      Source file:   CMSIS\RTOS2\RTX\Template\MsgQueue.c
      Source file:   CMSIS\RTOS2\RTX\Template\MemPool.c
      Source file:   CMSIS\RTOS2\RTX\Template\Events.c
      Source file:   CMSIS\RTOS2\RTX\Template\main.c
      Source file:   CMSIS\RTOS2\RTX\Template\Thread.c
      Source file:   CMSIS\RTOS2\RTX\Source\rtx_lib.c
      Source file:   CMSIS\RTOS2\RTX\Template\svc_user.c
      Source file:   CMSIS\RTOS2\RTX\Template\Mutex.c
      Source file:   CMSIS\RTOS2\RTX\Template\Semaphore.c
      Source file:   CMSIS\RTOS2\RTX\Template\Timer.c

   * Component: Keil::Device:Startup:2.5.0
      Source file:   Device\Source\system_MKL25Z4.c
      Include file:  Device\Source\system_MKL25Z4.h
      Source file:   Device\Source\ARM\startup_MKL25Z4.s
Build Time Elapsed:  00:00:03
</pre>
</body>
</html>
